Archive member included to satisfy reference by file (symbol)

c:/progra~1/jetbra~1/gcc-ar~1/bin/../lib/gcc/arm-none-eabi/8.3.1/thumb/v7e-m+fp/hard\libgcc.a(_aeabi_uldivmod.o)
                              CMakeFiles/final_embebidos_v2.elf.dir/Drivers/STM32F4xx_HAL_Driver/Src/stm32f4xx_hal_rcc.c.obj (__aeabi_uldivmod)
c:/progra~1/jetbra~1/gcc-ar~1/bin/../lib/gcc/arm-none-eabi/8.3.1/thumb/v7e-m+fp/hard\libgcc.a(_udivmoddi4.o)
                              c:/progra~1/jetbra~1/gcc-ar~1/bin/../lib/gcc/arm-none-eabi/8.3.1/thumb/v7e-m+fp/hard\libgcc.a(_aeabi_uldivmod.o) (__udivmoddi4)
c:/progra~1/jetbra~1/gcc-ar~1/bin/../lib/gcc/arm-none-eabi/8.3.1/thumb/v7e-m+fp/hard\libgcc.a(_dvmd_tls.o)
                              c:/progra~1/jetbra~1/gcc-ar~1/bin/../lib/gcc/arm-none-eabi/8.3.1/thumb/v7e-m+fp/hard\libgcc.a(_aeabi_uldivmod.o) (__aeabi_ldiv0)
c:/progra~1/jetbra~1/gcc-ar~1/bin/../lib/gcc/arm-none-eabi/8.3.1/../../../../arm-none-eabi/lib/thumb/v7e-m+fp/hard\libg.a(lib_a-errno.o)
                              CMakeFiles/final_embebidos_v2.elf.dir/Core/Src/syscalls.c.obj (__errno)
c:/progra~1/jetbra~1/gcc-ar~1/bin/../lib/gcc/arm-none-eabi/8.3.1/../../../../arm-none-eabi/lib/thumb/v7e-m+fp/hard\libg.a(lib_a-exit.o)
                              c:/progra~1/jetbra~1/gcc-ar~1/bin/../lib/gcc/arm-none-eabi/8.3.1/../../../../arm-none-eabi/lib/thumb/v7e-m+fp/hard/crt0.o (exit)
c:/progra~1/jetbra~1/gcc-ar~1/bin/../lib/gcc/arm-none-eabi/8.3.1/../../../../arm-none-eabi/lib/thumb/v7e-m+fp/hard\libg.a(lib_a-impure.o)
                              c:/progra~1/jetbra~1/gcc-ar~1/bin/../lib/gcc/arm-none-eabi/8.3.1/../../../../arm-none-eabi/lib/thumb/v7e-m+fp/hard\libg.a(lib_a-exit.o) (_global_impure_ptr)
c:/progra~1/jetbra~1/gcc-ar~1/bin/../lib/gcc/arm-none-eabi/8.3.1/../../../../arm-none-eabi/lib/thumb/v7e-m+fp/hard\libg.a(lib_a-init.o)
                              c:/progra~1/jetbra~1/gcc-ar~1/bin/../lib/gcc/arm-none-eabi/8.3.1/../../../../arm-none-eabi/lib/thumb/v7e-m+fp/hard/crt0.o (__libc_init_array)
c:/progra~1/jetbra~1/gcc-ar~1/bin/../lib/gcc/arm-none-eabi/8.3.1/../../../../arm-none-eabi/lib/thumb/v7e-m+fp/hard\libg.a(lib_a-memcpy.o)
                              CMakeFiles/final_embebidos_v2.elf.dir/Middlewares/Third_Party/FreeRTOS/Source/CMSIS_RTOS_V2/cmsis_os2.c.obj (memcpy)
c:/progra~1/jetbra~1/gcc-ar~1/bin/../lib/gcc/arm-none-eabi/8.3.1/../../../../arm-none-eabi/lib/thumb/v7e-m+fp/hard\libg.a(lib_a-memset.o)
                              c:/progra~1/jetbra~1/gcc-ar~1/bin/../lib/gcc/arm-none-eabi/8.3.1/../../../../arm-none-eabi/lib/thumb/v7e-m+fp/hard/crt0.o (memset)
c:/progra~1/jetbra~1/gcc-ar~1/bin/../lib/gcc/arm-none-eabi/8.3.1/../../../../arm-none-eabi/lib/thumb/v7e-m+fp/hard\libg.a(lib_a-strlen.o)
                              CMakeFiles/final_embebidos_v2.elf.dir/Core/Src/lcd16x2_i2c.c.obj (strlen)
c:/progra~1/jetbra~1/gcc-ar~1/bin/../lib/gcc/arm-none-eabi/8.3.1/../../../../arm-none-eabi/lib/thumb/v7e-m+fp/hard\libg.a(lib_a-vsprintf.o)
                              CMakeFiles/final_embebidos_v2.elf.dir/Core/Src/lcd16x2_i2c.c.obj (vsprintf)
c:/progra~1/jetbra~1/gcc-ar~1/bin/../lib/gcc/arm-none-eabi/8.3.1/../../../../arm-none-eabi/lib/thumb/v7e-m+fp/hard\libg.a(lib_a-__call_atexit.o)
                              c:/progra~1/jetbra~1/gcc-ar~1/bin/../lib/gcc/arm-none-eabi/8.3.1/../../../../arm-none-eabi/lib/thumb/v7e-m+fp/hard\libg.a(lib_a-exit.o) (__call_exitprocs)
c:/progra~1/jetbra~1/gcc-ar~1/bin/../lib/gcc/arm-none-eabi/8.3.1/../../../../arm-none-eabi/lib/thumb/v7e-m+fp/hard\libg.a(lib_a-atexit.o)
                              c:/progra~1/jetbra~1/gcc-ar~1/bin/../lib/gcc/arm-none-eabi/8.3.1/../../../../arm-none-eabi/lib/thumb/v7e-m+fp/hard\libg.a(lib_a-__call_atexit.o) (atexit)
c:/progra~1/jetbra~1/gcc-ar~1/bin/../lib/gcc/arm-none-eabi/8.3.1/../../../../arm-none-eabi/lib/thumb/v7e-m+fp/hard\libg.a(lib_a-fini.o)
                              c:/progra~1/jetbra~1/gcc-ar~1/bin/../lib/gcc/arm-none-eabi/8.3.1/../../../../arm-none-eabi/lib/thumb/v7e-m+fp/hard\libg.a(lib_a-__call_atexit.o) (__libc_fini_array)
c:/progra~1/jetbra~1/gcc-ar~1/bin/../lib/gcc/arm-none-eabi/8.3.1/../../../../arm-none-eabi/lib/thumb/v7e-m+fp/hard\libg.a(lib_a-lock.o)
                              c:/progra~1/jetbra~1/gcc-ar~1/bin/../lib/gcc/arm-none-eabi/8.3.1/../../../../arm-none-eabi/lib/thumb/v7e-m+fp/hard\libg.a(lib_a-__call_atexit.o) (__retarget_lock_acquire_recursive)
c:/progra~1/jetbra~1/gcc-ar~1/bin/../lib/gcc/arm-none-eabi/8.3.1/../../../../arm-none-eabi/lib/thumb/v7e-m+fp/hard\libg.a(lib_a-svfprintf.o)
                              c:/progra~1/jetbra~1/gcc-ar~1/bin/../lib/gcc/arm-none-eabi/8.3.1/../../../../arm-none-eabi/lib/thumb/v7e-m+fp/hard\libg.a(lib_a-vsprintf.o) (_svfprintf_r)
c:/progra~1/jetbra~1/gcc-ar~1/bin/../lib/gcc/arm-none-eabi/8.3.1/../../../../arm-none-eabi/lib/thumb/v7e-m+fp/hard\libg.a(lib_a-__atexit.o)
[...]
Memory Configuration

Name             Origin             Length             Attributes
RAM              0x20000000         0x00020000         xrw
FLASH            0x08000000         0x00080000         xr
*default*        0x00000000         0xffffffff

Linker script and memory map

LOAD c:/progra~1/jetbra~1/gcc-ar~1/bin/../lib/gcc/arm-none-eabi/8.3.1/thumb/v7e-m+fp/hard/crti.o
LOAD c:/progra~1/jetbra~1/gcc-ar~1/bin/../lib/gcc/arm-none-eabi/8.3.1/thumb/v7e-m+fp/hard/crtbegin.o
LOAD c:/progra~1/jetbra~1/gcc-ar~1/bin/../lib/gcc/arm-none-eabi/8.3.1/../../../../arm-none-eabi/lib/thumb/v7e-m+fp/hard/crt0.o
LOAD CMakeFiles/final_embebidos_v2.elf.dir/Core/Src/Timer_Delay.c.obj
LOAD CMakeFiles/final_embebidos_v2.elf.dir/Core/Src/freertos.c.obj
LOAD CMakeFiles/final_embebidos_v2.elf.dir/Core/Src/lcd16x2_i2c.c.obj
LOAD CMakeFiles/final_embebidos_v2.elf.dir/Core/Src/main.c.obj
LOAD CMakeFiles/final_embebidos_v2.elf.dir/Core/Src/stm32f4xx_hal_msp.c.obj
LOAD CMakeFiles/final_embebidos_v2.elf.dir/Core/Src/stm32f4xx_hal_timebase_tim.c.obj
LOAD CMakeFiles/final_embebidos_v2.elf.dir/Core/Src/stm32f4xx_it.c.obj
LOAD CMakeFiles/final_embebidos_v2.elf.dir/Core/Src/syscalls.c.obj
LOAD CMakeFiles/final_embebidos_v2.elf.dir/Core/Src/sysmem.c.obj
LOAD CMakeFiles/final_embebidos_v2.elf.dir/Core/Src/system_stm32f4xx.c.obj
LOAD CMakeFiles/final_embebidos_v2.elf.dir/Core/Startup/startup_stm32f411vetx.s.obj
LOAD CMakeFiles/final_embebidos_v2.elf.dir/Drivers/STM32F4xx_HAL_Driver/Src/stm32f4xx_hal.c.obj
LOAD CMakeFiles/final_embebidos_v2.elf.dir/Drivers/STM32F4xx_HAL_Driver/Src/stm32f4xx_hal_adc.c.obj
LOAD CMakeFiles/final_embebidos_v2.elf.dir/Drivers/STM32F4xx_HAL_Driver/Src/stm32f4xx_hal_adc_ex.c.obj
LOAD CMakeFiles/final_embebidos_v2.elf.dir/Drivers/STM32F4xx_HAL_Driver/Src/stm32f4xx_hal_cortex.c.obj
LOAD CMakeFiles/final_embebidos_v2.elf.dir/Drivers/STM32F4xx_HAL_Driver/Src/stm32f4xx_hal_dma.c.obj
LOAD CMakeFiles/final_embebidos_v2.elf.dir/Drivers/STM32F4xx_HAL_Driver/Src/stm32f4xx_hal_dma_ex.c.obj
LOAD CMakeFiles/final_embebidos_v2.elf.dir/Drivers/STM32F4xx_HAL_Driver/Src/stm32f4xx_hal_exti.c.obj
LOAD CMakeFiles/final_embebidos_v2.elf.dir/Drivers/STM32F4xx_HAL_Driver/Src/stm32f4xx_hal_flash.c.obj
LOAD CMakeFiles/final_embebidos_v2.elf.dir/Drivers/STM32F4xx_HAL_Driver/Src/stm32f4xx_hal_flash_ex.c.obj
LOAD CMakeFiles/final_embebidos_v2.elf.dir/Drivers/STM32F4xx_HAL_Driver/Src/stm32f4xx_hal_flash_ramfunc.c.obj
LOAD CMakeFiles/final_embebidos_v2.elf.dir/Drivers/STM32F4xx_HAL_Driver/Src/stm32f4xx_hal_gpio.c.obj
LOAD CMakeFiles/final_embebidos_v2.elf.dir/Drivers/STM32F4xx_HAL_Driver/Src/stm32f4xx_hal_i2c.c.obj
LOAD CMakeFiles/final_embebidos_v2.elf.dir/Drivers/STM32F4xx_HAL_Driver/Src/stm32f4xx_hal_i2c_ex.c.obj
LOAD CMakeFiles/final_embebidos_v2.elf.dir/Drivers/STM32F4xx_HAL_Driver/Src/stm32f4xx_hal_pwr.c.obj
LOAD CMakeFiles/final_embebidos_v2.elf.dir/Drivers/STM32F4xx_HAL_Driver/Src/stm32f4xx_hal_pwr_ex.c.obj
LOAD CMakeFiles/final_embebidos_v2.elf.dir/Drivers/STM32F4xx_HAL_Driver/Src/stm32f4xx_hal_rcc.c.obj
LOAD CMakeFiles/final_embebidos_v2.elf.dir/Drivers/STM32F4xx_HAL_Driver/Src/stm32f4xx_hal_rcc_ex.c.obj
LOAD CMakeFiles/final_embebidos_v2.elf.dir/Drivers/STM32F4xx_HAL_Driver/Src/stm32f4xx_hal_tim.c.obj
LOAD CMakeFiles/final_embebidos_v2.elf.dir/Drivers/STM32F4xx_HAL_Driver/Src/stm32f4xx_hal_tim_ex.c.obj
LOAD CMakeFiles/final_embebidos_v2.elf.dir/Middlewares/Third_Party/FreeRTOS/Source/CMSIS_RTOS_V2/cmsis_os2.c.obj
LOAD CMakeFiles/final_embebidos_v2.elf.dir/Middlewares/Third_Party/FreeRTOS/Source/croutine.c.obj
LOAD CMakeFiles/final_embebidos_v2.elf.dir/Middlewares/Third_Party/FreeRTOS/Source/event_groups.c.obj
LOAD CMakeFiles/final_embebidos_v2.elf.dir/Middlewares/Third_Party/FreeRTOS/Source/list.c.obj
LOAD CMakeFiles/final_embebidos_v2.elf.dir/Middlewares/Third_Party/FreeRTOS/Source/portable/GCC/ARM_CM4F/port.c.obj
LOAD CMakeFiles/final_embebidos_v2.elf.dir/Middlewares/Third_Party/FreeRTOS/Source/portable/MemMang/heap_4.c.obj
LOAD CMakeFiles/final_embebidos_v2.elf.dir/Middlewares/Third_Party/FreeRTOS/Source/queue.c.obj
LOAD CMakeFiles/final_embebidos_v2.elf.dir/Middlewares/Third_Party/FreeRTOS/Source/stream_buffer.c.obj
LOAD CMakeFiles/final_embebidos_v2.elf.dir/Middlewares/Third_Party/FreeRTOS/Source/tasks.c.obj
LOAD CMakeFiles/final_embebidos_v2.elf.dir/Middlewares/Third_Party/FreeRTOS/Source/timers.c.obj
START GROUP
LOAD c:/progra~1/jetbra~1/gcc-ar~1/bin/../lib/gcc/arm-none-eabi/8.3.1/thumb/v7e-m+fp/hard\libgcc.a
LOAD c:/progra~1/jetbra~1/gcc-ar~1/bin/../lib/gcc/arm-none-eabi/8.3.1/../../../../arm-none-eabi/lib/thumb/v7e-m+fp/hard\libg.a
LOAD c:/progra~1/jetbra~1/gcc-ar~1/bin/../lib/gcc/arm-none-eabi/8.3.1/../../../../arm-none-eabi/lib/thumb/v7e-m+fp/hard\libc.a
END GROUP
LOAD c:/progra~1/jetbra~1/gcc-ar~1/bin/../lib/gcc/arm-none-eabi/8.3.1/thumb/v7e-m+fp/hard/crtend.o
LOAD c:/progra~1/jetbra~1/gcc-ar~1/bin/../lib/gcc/arm-none-eabi/8.3.1/thumb/v7e-m+fp/hard/crtn.o
                0x20020000                _estack = (ORIGIN (RAM) + LENGTH (RAM))
                0x00000200                _Min_Heap_Size = 0x200
                0x00000400                _Min_Stack_Size = 0x400

.isr_vector     0x08000000      0x198
                0x08000000                . = ALIGN (0x4)
 *(.isr_vector)
 .isr_vector    0x08000000      0x198 CMakeFiles/final_embebidos_v2.elf.dir/Core/Startup/startup_stm32f411vetx.s.obj
                0x08000000                g_pfnVectors
                0x08000198                . = ALIGN (0x4)

.text           0x080001c0     0x8fac
                0x080001c0                . = ALIGN (0x4)
 *(.text)
 .text          0x080001c0       0x40 c:/progra~1/jetbra~1/gcc-ar~1/bin/../lib/gcc/arm-none-eabi/8.3.1/thumb/v7e-m+fp/hard/crtbegin.o
 .text          0x08000200       0x30 c:/progra~1/jetbra~1/gcc-ar~1/bin/../lib/gcc/arm-none-eabi/8.3.1/thumb/v7e-m+fp/hard\libgcc.a(_aeabi_uldivmod.o)
                0x08000200                __aeabi_uldivmod
 .text          0x08000230      0x2d0 c:/progra~1/jetbra~1/gcc-ar~1/bin/../lib/gcc/arm-none-eabi/8.3.1/thumb/v7e-m+fp/hard\libgcc.a(_udivmoddi4.o)
                0x08000230                __udivmoddi4
 .text          0x08000500        0x4 c:/progra~1/jetbra~1/gcc-ar~1/bin/../lib/gcc/arm-none-eabi/8.3.1/thumb/v7e-m+fp/hard\libgcc.a(_dvmd_tls.o)
                0x08000500                __aeabi_idiv0
                0x08000500                __aeabi_ldiv0
 .text          0x08000504      0x134 c:/progra~1/jetbra~1/gcc-ar~1/bin/../lib/gcc/arm-none-eabi/8.3.1/../../../../arm-none-eabi/lib/thumb/v7e-m+fp/hard\libg.a(lib_a-memcpy.o)
                0x08000504                memcpy
 *fill*         0x08000638        0x8 
 .text          0x08000640       0xdc c:/progra~1/jetbra~1/gcc-ar~1/bin/../lib/gcc/arm-none-eabi/8.3.1/../../../../arm-none-eabi/lib/thumb/v7e-m+fp/hard\libg.a(lib_a-strlen.o)
                0x08000640                strlen
 *fill*         0x0800071c        0x4 
 .text          0x08000720       0xa0 c:/progra~1/jetbra~1/gcc-ar~1/bin/../lib/gcc/arm-none-eabi/8.3.1/../../../../arm-none-eabi/lib/thumb/v7e-m+fp/hard\libg.a(lib_a-memchr.o)
                0x08000720                memchr
 .text          0x080007c0      0x378 c:/progra~1/jetbra~1/gcc-ar~1/bin/../lib/gcc/arm-none-eabi/8.3.1/thumb/v7e-m+fp/hard\libgcc.a(_arm_addsubdf3.o)
                0x080007c0                __aeabi_drsub
                0x080007c8                __aeabi_dsub
                0x080007c8                __subdf3
                0x080007cc                __aeabi_dadd
                0x080007cc                __adddf3
                0x08000a44                __floatunsidf
                0x08000a44                __aeabi_ui2d
                0x08000a64                __floatsidf
                0x08000a64                __aeabi_i2d
                0x08000a88                __aeabi_f2d
                0x08000a88                __extendsfdf2
                0x08000acc                __floatundidf
                0x08000acc                __aeabi_ul2d
                0x08000adc                __floatdidf
                0x08000adc                __aeabi_l2d
 .text          0x08000b38      0x424 c:/progra~1/jetbra~1/gcc-ar~1/bin/../lib/gcc/arm-none-eabi/8.3.1/thumb/v7e-m+fp/hard\libgcc.a(_arm_muldivdf3.o)
                0x08000b38                __aeabi_dmul
                0x08000b38                __muldf3
                0x08000d8c                __divdf3
                0x08000d8c                __aeabi_ddiv
 .text          0x08000f5c      0x110 c:/progra~1/jetbra~1/gcc-ar~1/bin/../lib/gcc/arm-none-eabi/8.3.1/thumb/v7e-m+fp/hard\libgcc.a(_arm_cmpdf2.o)
                0x08000f5c                __gtdf2
                0x08000f5c                __gedf2
                0x08000f64                __ltdf2
                0x08000f64                __ledf2
                0x08000f6c                __nedf2
                0x08000f6c                __eqdf2
                0x08000f6c                __cmpdf2
                0x08000fe8                __aeabi_cdrcmple
                0x08000ff8                __aeabi_cdcmpeq
                0x08000ff8                __aeabi_cdcmple
                0x08001008                __aeabi_dcmpeq
                0x0800101c                __aeabi_dcmplt
                0x08001030                __aeabi_dcmple
                0x08001044                __aeabi_dcmpge
                0x08001058                __aeabi_dcmpgt
 .text          0x0800106c       0x2c c:/progra~1/jetbra~1/gcc-ar~1/bin/../lib/gcc/arm-none-eabi/8.3.1/thumb/v7e-m+fp/hard\libgcc.a(_arm_unorddf2.o)
                0x0800106c                __unorddf2
                0x0800106c                __aeabi_dcmpun
 .text          0x08001098       0x50 c:/progra~1/jetbra~1/gcc-ar~1/bin/../lib/gcc/arm-none-eabi/8.3.1/thumb/v7e-m+fp/hard\libgcc.a(_arm_fixdfsi.o)
                0x08001098                __aeabi_d2iz
                0x08001098                __fixdfsi
 *(.text*)
 .text.TimerDelay_Init
                0x080010e8       0x90 CMakeFiles/final_embebidos_v2.elf.dir/Core/Src/Timer_Delay.c.obj
                0x080010e8                TimerDelay_Init
 .text.lcd16x2_i2c_sendCommand
                0x08001178       0x50 CMakeFiles/final_embebidos_v2.elf.dir/Core/Src/lcd16x2_i2c.c.obj
 .text.lcd16x2_i2c_sendData
                0x080011c8       0x50 CMakeFiles/final_embebidos_v2.elf.dir/Core/Src/lcd16x2_i2c.c.obj
 .text.lcd16x2_i2c_init
                0x08001218       0xc0 CMakeFiles/final_embebidos_v2.elf.dir/Core/Src/lcd16x2_i2c.c.obj
                0x08001218                lcd16x2_i2c_init
 .text.lcd16x2_i2c_clear
                0x080012d8       0x10 CMakeFiles/final_embebidos_v2.elf.dir/Core/Src/lcd16x2_i2c.c.obj
                0x080012d8                lcd16x2_i2c_clear
 .text.lcd16x2_i2c_printf
                0x080012e8       0x40 CMakeFiles/final_embebidos_v2.elf.dir/Core/Src/lcd16x2_i2c.c.obj
                0x080012e8                lcd16x2_i2c_printf
 .text.MX_GPIO_Init
                0x08001328       0xdc CMakeFiles/final_embebidos_v2.elf.dir/Core/Src/main.c.obj
 .text.MX_TIM9_Init
                0x08001404       0x44 CMakeFiles/final_embebidos_v2.elf.dir/Core/Src/main.c.obj
 .text.MX_TIM1_Init
                0x08001448       0x54 CMakeFiles/final_embebidos_v2.elf.dir/Core/Src/main.c.obj
 .text.MX_TIM2_Init
                0x0800149c       0x50 CMakeFiles/final_embebidos_v2.elf.dir/Core/Src/main.c.obj
 .text.MX_I2C1_Init
                0x080014ec       0x34 CMakeFiles/final_embebidos_v2.elf.dir/Core/Src/main.c.obj
 .text.MX_ADC1_Init
                0x08001520       0x58 CMakeFiles/final_embebidos_v2.elf.dir/Core/Src/main.c.obj
 .text.StartDisplay
                0x08001578       0x24 CMakeFiles/final_embebidos_v2.elf.dir/Core/Src/main.c.obj
                0x08001578                StartDisplay
 .text.StartLux
                0x0800159c        0xa CMakeFiles/final_embebidos_v2.elf.dir/Core/Src/main.c.obj
                0x0800159c                StartLux
 .text.StartAmbientTempHum
                0x080015a6        0xa CMakeFiles/final_embebidos_v2.elf.dir/Core/Src/main.c.obj
                0x080015a6                StartAmbientTempHum
 .text.StartSoilHum
                0x080015b0        0xa CMakeFiles/final_embebidos_v2.elf.dir/Core/Src/main.c.obj
                0x080015b0                StartSoilHum
 *fill*         0x080015ba        0x2 
 .text.SystemClock_Config
                0x080015bc       0x98 CMakeFiles/final_embebidos_v2.elf.dir/Core/Src/main.c.obj
                0x080015bc                SystemClock_Config
 .text.main     0x08001654       0xb0 CMakeFiles/final_embebidos_v2.elf.dir/Core/Src/main.c.obj
                0x08001654                main
 .text.HAL_TIM_PeriodElapsedCallback
                0x08001704       0x18 CMakeFiles/final_embebidos_v2.elf.dir/Core/Src/main.c.obj
                0x08001704                HAL_TIM_PeriodElapsedCallback
 .text.Error_Handler
                0x0800171c        0x2 CMakeFiles/final_embebidos_v2.elf.dir/Core/Src/main.c.obj
                0x0800171c                Error_Handler
 *fill*         0x0800171e        0x2 
 .text.HAL_MspInit
                0x08001720       0x44 CMakeFiles/final_embebidos_v2.elf.dir/Core/Src/stm32f4xx_hal_msp.c.obj
                0x08001720                HAL_MspInit
 .text.HAL_ADC_MspInit
                0x08001764       0x68 CMakeFiles/final_embebidos_v2.elf.dir/Core/Src/stm32f4xx_hal_msp.c.obj
                0x08001764                HAL_ADC_MspInit
 .text.HAL_I2C_MspInit
                0x080017cc       0x74 CMakeFiles/final_embebidos_v2.elf.dir/Core/Src/stm32f4xx_hal_msp.c.obj
                0x080017cc                HAL_I2C_MspInit
 .text.HAL_TIM_Base_MspInit
                0x08001840       0xc0 CMakeFiles/final_embebidos_v2.elf.dir/Core/Src/stm32f4xx_hal_msp.c.obj
                0x08001840                HAL_TIM_Base_MspInit
 .text.HAL_InitTick
                0x08001900       0x7c CMakeFiles/final_embebidos_v2.elf.dir/Core/Src/stm32f4xx_hal_timebase_tim.c.obj
                0x08001900                HAL_InitTick
 .text.NMI_Handler
                0x0800197c        0x2 CMakeFiles/final_embebidos_v2.elf.dir/Core/Src/stm32f4xx_it.c.obj
                0x0800197c                NMI_Handler
 .text.HardFault_Handler
                0x0800197e        0x2 CMakeFiles/final_embebidos_v2.elf.dir/Core/Src/stm32f4xx_it.c.obj
                0x0800197e                HardFault_Handler
 .text.MemManage_Handler
                0x08001980        0x2 CMakeFiles/final_embebidos_v2.elf.dir/Core/Src/stm32f4xx_it.c.obj
                0x08001980                MemManage_Handler
 .text.BusFault_Handler
                0x08001982        0x2 CMakeFiles/final_embebidos_v2.elf.dir/Core/Src/stm32f4xx_it.c.obj
                0x08001982                BusFault_Handler
 .text.UsageFault_Handler
                0x08001984        0x2 CMakeFiles/final_embebidos_v2.elf.dir/Core/Src/stm32f4xx_it.c.obj
                0x08001984                UsageFault_Handler
 .text.DebugMon_Handler
                0x08001986        0x2 CMakeFiles/final_embebidos_v2.elf.dir/Core/Src/stm32f4xx_it.c.obj
                0x08001986                DebugMon_Handler
 .text.TIM1_UP_TIM10_IRQHandler
                0x08001988       0x18 CMakeFiles/final_embebidos_v2.elf.dir/Core/Src/stm32f4xx_it.c.obj
                0x08001988                TIM1_UP_TIM10_IRQHandler
 .text._sbrk    0x080019a0       0x48 CMakeFiles/final_embebidos_v2.elf.dir/Core/Src/sysmem.c.obj
                0x080019a0                _sbrk
 .text.SystemInit
                0x080019e8       0x1c CMakeFiles/final_embebidos_v2.elf.dir/Core/Src/system_stm32f4xx.c.obj
                0x080019e8                SystemInit
 .text.Reset_Handler
                0x08001a04       0x50 CMakeFiles/final_embebidos_v2.elf.dir/Core/Startup/startup_stm32f411vetx.s.obj
                0x08001a04                Reset_Handler
 .text.Default_Handler
                0x08001a54        0x2 CMakeFiles/final_embebidos_v2.elf.dir/Core/Startup/startup_stm32f411vetx.s.obj
                0x08001a54                RTC_Alarm_IRQHandler
                0x08001a54                EXTI2_IRQHandler
                0x08001a54                SPI4_IRQHandler
                0x08001a54                TIM1_CC_IRQHandler
                0x08001a54                DMA2_Stream5_IRQHandler
                0x08001a54                DMA1_Stream5_IRQHandler
                0x08001a54                PVD_IRQHandler
                0x08001a54                SDIO_IRQHandler
                0x08001a54                TAMP_STAMP_IRQHandler
                0x08001a54                EXTI3_IRQHandler
                0x08001a54                I2C3_ER_IRQHandler
                0x08001a54                EXTI0_IRQHandler
                0x08001a54                I2C2_EV_IRQHandler
                0x08001a54                DMA1_Stream2_IRQHandler
                0x08001a54                FPU_IRQHandler
                0x08001a54                DMA2_Stream2_IRQHandler
                0x08001a54                SPI1_IRQHandler
                0x08001a54                TIM1_BRK_TIM9_IRQHandler
                0x08001a54                DMA2_Stream3_IRQHandler
                0x08001a54                USART6_IRQHandler
                0x08001a54                DMA2_Stream0_IRQHandler
                0x08001a54                TIM4_IRQHandler
                0x08001a54                I2C1_EV_IRQHandler
                0x08001a54                DMA1_Stream6_IRQHandler
                0x08001a54                DMA1_Stream1_IRQHandler
                0x08001a54                TIM3_IRQHandler
                0x08001a54                RCC_IRQHandler
                0x08001a54                Default_Handler
                0x08001a54                EXTI15_10_IRQHandler
                0x08001a54                ADC_IRQHandler
                0x08001a54                DMA1_Stream7_IRQHandler
                0x08001a54                SPI5_IRQHandler
                0x08001a54                TIM5_IRQHandler
                0x08001a54                DMA2_Stream7_IRQHandler
                0x08001a54                I2C3_EV_IRQHandler
                0x08001a54                EXTI9_5_IRQHandler
                0x08001a54                RTC_WKUP_IRQHandler
                0x08001a54                SPI2_IRQHandler
                0x08001a54                DMA1_Stream0_IRQHandler
                0x08001a54                EXTI4_IRQHandler
                0x08001a54                WWDG_IRQHandler
                0x08001a54                TIM2_IRQHandler
                0x08001a54                OTG_FS_WKUP_IRQHandler
                0x08001a54                TIM1_TRG_COM_TIM11_IRQHandler
                0x08001a54                EXTI1_IRQHandler
                0x08001a54                USART2_IRQHandler
                0x08001a54                I2C2_ER_IRQHandler
                0x08001a54                DMA2_Stream1_IRQHandler
                0x08001a54                FLASH_IRQHandler
                0x08001a54                DMA2_Stream4_IRQHandler
                0x08001a54                USART1_IRQHandler
                0x08001a54                OTG_FS_IRQHandler
                0x08001a54                SPI3_IRQHandler
                0x08001a54                DMA1_Stream4_IRQHandler
                0x08001a54                I2C1_ER_IRQHandler
                0x08001a54                DMA2_Stream6_IRQHandler
                0x08001a54                DMA1_Stream3_IRQHandler
 *fill*         0x08001a56        0x2 
 .text.HAL_Init
                0x08001a58       0x34 CMakeFiles/final_embebidos_v2.elf.dir/Drivers/STM32F4xx_HAL_Driver/Src/stm32f4xx_hal.c.obj
                0x08001a58                HAL_Init
 .text.HAL_IncTick
                0x08001a8c       0x18 CMakeFiles/final_embebidos_v2.elf.dir/Drivers/STM32F4xx_HAL_Driver/Src/stm32f4xx_hal.c.obj
                0x08001a8c                HAL_IncTick
 .text.HAL_GetTick
                0x08001aa4        0xc CMakeFiles/final_embebidos_v2.elf.dir/Drivers/STM32F4xx_HAL_Driver/Src/stm32f4xx_hal.c.obj
                0x08001aa4                HAL_GetTick
 .text.HAL_Delay
                0x08001ab0       0x28 CMakeFiles/final_embebidos_v2.elf.dir/Drivers/STM32F4xx_HAL_Driver/Src/stm32f4xx_hal.c.obj
                0x08001ab0                HAL_Delay
 .text.ADC_Init
                0x08001ad8      0x134 CMakeFiles/final_embebidos_v2.elf.dir/Drivers/STM32F4xx_HAL_Driver/Src/stm32f4xx_hal_adc.c.obj
 .text.HAL_ADC_Init
                0x08001c0c       0x56 CMakeFiles/final_embebidos_v2.elf.dir/Drivers/STM32F4xx_HAL_Driver/Src/stm32f4xx_hal_adc.c.obj
                0x08001c0c                HAL_ADC_Init
 *fill*         0x08001c62        0x2 
 .text.HAL_ADC_ConfigChannel
                0x08001c64      0x1a4 CMakeFiles/final_embebidos_v2.elf.dir/Drivers/STM32F4xx_HAL_Driver/Src/stm32f4xx_hal_adc.c.obj
                0x08001c64                HAL_ADC_ConfigChannel
 .text.HAL_NVIC_SetPriorityGrouping
                0x08001e08       0x24 CMakeFiles/final_embebidos_v2.elf.dir/Drivers/STM32F4xx_HAL_Driver/Src/stm32f4xx_hal_cortex.c.obj
                0x08001e08                HAL_NVIC_SetPriorityGrouping
 .text.HAL_NVIC_SetPriority
                0x08001e2c       0x68 CMakeFiles/final_embebidos_v2.elf.dir/Drivers/STM32F4xx_HAL_Driver/Src/stm32f4xx_hal_cortex.c.obj
                0x08001e2c                HAL_NVIC_SetPriority
 .text.HAL_NVIC_EnableIRQ
                0x08001e94       0x1c CMakeFiles/final_embebidos_v2.elf.dir/Drivers/STM32F4xx_HAL_Driver/Src/stm32f4xx_hal_cortex.c.obj
                0x08001e94                HAL_NVIC_EnableIRQ
 .text.HAL_GPIO_Init
                0x08001eb0      0x1a4 CMakeFiles/final_embebidos_v2.elf.dir/Drivers/STM32F4xx_HAL_Driver/Src/stm32f4xx_hal_gpio.c.obj
                0x08001eb0                HAL_GPIO_Init
 .text.HAL_GPIO_WritePin
                0x08002054        0xc CMakeFiles/final_embebidos_v2.elf.dir/Drivers/STM32F4xx_HAL_Driver/Src/stm32f4xx_hal_gpio.c.obj
                0x08002054                HAL_GPIO_WritePin
 .text.I2C_IsAcknowledgeFailed
                0x08002060       0x32 CMakeFiles/final_embebidos_v2.elf.dir/Drivers/STM32F4xx_HAL_Driver/Src/stm32f4xx_hal_i2c.c.obj
 .text.I2C_WaitOnFlagUntilTimeout
                0x08002092       0x70 CMakeFiles/final_embebidos_v2.elf.dir/Drivers/STM32F4xx_HAL_Driver/Src/stm32f4xx_hal_i2c.c.obj
 .text.I2C_WaitOnMasterAddressFlagUntilTimeout
                0x08002102       0xa4 CMakeFiles/final_embebidos_v2.elf.dir/Drivers/STM32F4xx_HAL_Driver/Src/stm32f4xx_hal_i2c.c.obj
 *fill*         0x080021a6        0x2 
 .text.I2C_MasterRequestWrite
                0x080021a8       0xb8 CMakeFiles/final_embebidos_v2.elf.dir/Drivers/STM32F4xx_HAL_Driver/Src/stm32f4xx_hal_i2c.c.obj
 .text.I2C_WaitOnTXEFlagUntilTimeout
                0x08002260       0x54 CMakeFiles/final_embebidos_v2.elf.dir/Drivers/STM32F4xx_HAL_Driver/Src/stm32f4xx_hal_i2c.c.obj
 .text.I2C_WaitOnBTFFlagUntilTimeout
                0x080022b4       0x54 CMakeFiles/final_embebidos_v2.elf.dir/Drivers/STM32F4xx_HAL_Driver/Src/stm32f4xx_hal_i2c.c.obj
 .text.HAL_I2C_Init
                0x08002308      0x1b8 CMakeFiles/final_embebidos_v2.elf.dir/Drivers/STM32F4xx_HAL_Driver/Src/stm32f4xx_hal_i2c.c.obj
                0x08002308                HAL_I2C_Init
 .text.HAL_I2C_Master_Transmit
                0x080024c0      0x170 CMakeFiles/final_embebidos_v2.elf.dir/Drivers/STM32F4xx_HAL_Driver/Src/stm32f4xx_hal_i2c.c.obj
                0x080024c0                HAL_I2C_Master_Transmit
 .text.HAL_I2C_IsDeviceReady
                0x08002630      0x194 CMakeFiles/final_embebidos_v2.elf.dir/Drivers/STM32F4xx_HAL_Driver/Src/stm32f4xx_hal_i2c.c.obj
                0x08002630                HAL_I2C_IsDeviceReady
 .text.HAL_RCC_OscConfig
                0x080027c4      0x3ec CMakeFiles/final_embebidos_v2.elf.dir/Drivers/STM32F4xx_HAL_Driver/Src/stm32f4xx_hal_rcc.c.obj
                0x080027c4                HAL_RCC_OscConfig
 .text.HAL_RCC_GetSysClockFreq
                0x08002bb0       0xd4 CMakeFiles/final_embebidos_v2.elf.dir/Drivers/STM32F4xx_HAL_Driver/Src/stm32f4xx_hal_rcc.c.obj
                0x08002bb0                HAL_RCC_GetSysClockFreq
 .text.HAL_RCC_ClockConfig
                0x08002c84      0x160 CMakeFiles/final_embebidos_v2.elf.dir/Drivers/STM32F4xx_HAL_Driver/Src/stm32f4xx_hal_rcc.c.obj
                0x08002c84                HAL_RCC_ClockConfig
 .text.HAL_RCC_GetHCLKFreq
                0x08002de4        0xc CMakeFiles/final_embebidos_v2.elf.dir/Drivers/STM32F4xx_HAL_Driver/Src/stm32f4xx_hal_rcc.c.obj
                0x08002de4                HAL_RCC_GetHCLKFreq
 .text.HAL_RCC_GetPCLK1Freq
                0x08002df0       0x20 CMakeFiles/final_embebidos_v2.elf.dir/Drivers/STM32F4xx_HAL_Driver/Src/stm32f4xx_hal_rcc.c.obj
                0x08002df0                HAL_RCC_GetPCLK1Freq
 .text.HAL_RCC_GetPCLK2Freq
                0x08002e10       0x20 CMakeFiles/final_embebidos_v2.elf.dir/Drivers/STM32F4xx_HAL_Driver/Src/stm32f4xx_hal_rcc.c.obj
                0x08002e10                HAL_RCC_GetPCLK2Freq
 .text.HAL_RCC_GetClockConfig
                0x08002e30       0x3c CMakeFiles/final_embebidos_v2.elf.dir/Drivers/STM32F4xx_HAL_Driver/Src/stm32f4xx_hal_rcc.c.obj
                0x08002e30                HAL_RCC_GetClockConfig
 .text.TIM_TI1_ConfigInputStage
                0x08002e6c       0x26 CMakeFiles/final_embebidos_v2.elf.dir/Drivers/STM32F4xx_HAL_Driver/Src/stm32f4xx_hal_tim.c.obj
 .text.TIM_TI2_ConfigInputStage
                0x08002e92       0x28 CMakeFiles/final_embebidos_v2.elf.dir/Drivers/STM32F4xx_HAL_Driver/Src/stm32f4xx_hal_tim.c.obj
 .text.TIM_ITRx_SetConfig
                0x08002eba       0x10 CMakeFiles/final_embebidos_v2.elf.dir/Drivers/STM32F4xx_HAL_Driver/Src/stm32f4xx_hal_tim.c.obj
 .text.HAL_TIM_Base_Start
                0x08002eca       0x24 CMakeFiles/final_embebidos_v2.elf.dir/Drivers/STM32F4xx_HAL_Driver/Src/stm32f4xx_hal_tim.c.obj
                0x08002eca                HAL_TIM_Base_Start
 .text.HAL_TIM_Base_Start_IT
                0x08002eee       0x22 CMakeFiles/final_embebidos_v2.elf.dir/Drivers/STM32F4xx_HAL_Driver/Src/stm32f4xx_hal_tim.c.obj
                0x08002eee                HAL_TIM_Base_Start_IT
 .text.HAL_TIM_OC_DelayElapsedCallback
                0x08002f10        0x2 CMakeFiles/final_embebidos_v2.elf.dir/Drivers/STM32F4xx_HAL_Driver/Src/stm32f4xx_hal_tim.c.obj
                0x08002f10                HAL_TIM_OC_DelayElapsedCallback
 .text.HAL_TIM_IC_CaptureCallback
                0x08002f12        0x2 CMakeFiles/final_embebidos_v2.elf.dir/Drivers/STM32F4xx_HAL_Driver/Src/stm32f4xx_hal_tim.c.obj
                0x08002f12                HAL_TIM_IC_CaptureCallback
 .text.HAL_TIM_PWM_PulseFinishedCallback
                0x08002f14        0x2 CMakeFiles/final_embebidos_v2.elf.dir/Drivers/STM32F4xx_HAL_Driver/Src/stm32f4xx_hal_tim.c.obj
                0x08002f14                HAL_TIM_PWM_PulseFinishedCallback
 .text.HAL_TIM_TriggerCallback
                0x08002f16        0x2 CMakeFiles/final_embebidos_v2.elf.dir/Drivers/STM32F4xx_HAL_Driver/Src/stm32f4xx_hal_tim.c.obj
                0x08002f16                HAL_TIM_TriggerCallback
 .text.HAL_TIM_IRQHandler
                0x08002f18      0x17a CMakeFiles/final_embebidos_v2.elf.dir/Drivers/STM32F4xx_HAL_Driver/Src/stm32f4xx_hal_tim.c.obj
                0x08002f18                HAL_TIM_IRQHandler
 *fill*         0x08003092        0x2 
 .text.TIM_Base_SetConfig
                0x08003094       0x9c CMakeFiles/final_embebidos_v2.elf.dir/Drivers/STM32F4xx_HAL_Driver/Src/stm32f4xx_hal_tim.c.obj
                0x08003094                TIM_Base_SetConfig
 .text.HAL_TIM_Base_Init
                0x08003130       0x34 CMakeFiles/final_embebidos_v2.elf.dir/Drivers/STM32F4xx_HAL_Driver/Src/stm32f4xx_hal_tim.c.obj
                0x08003130                HAL_TIM_Base_Init
 .text.TIM_ETR_SetConfig
                0x08003164       0x18 CMakeFiles/final_embebidos_v2.elf.dir/Drivers/STM32F4xx_HAL_Driver/Src/stm32f4xx_hal_tim.c.obj
                0x08003164                TIM_ETR_SetConfig
 .text.HAL_TIM_ConfigClockSource
                0x0800317c       0xdc CMakeFiles/final_embebidos_v2.elf.dir/Drivers/STM32F4xx_HAL_Driver/Src/stm32f4xx_hal_tim.c.obj
                0x0800317c                HAL_TIM_ConfigClockSource
 .text.HAL_TIMEx_MasterConfigSynchronization
                0x08003258       0x78 CMakeFiles/final_embebidos_v2.elf.dir/Drivers/STM32F4xx_HAL_Driver/Src/stm32f4xx_hal_tim_ex.c.obj
                0x08003258                HAL_TIMEx_MasterConfigSynchronization
 .text.HAL_TIMEx_CommutCallback
                0x080032d0        0x2 CMakeFiles/final_embebidos_v2.elf.dir/Drivers/STM32F4xx_HAL_Driver/Src/stm32f4xx_hal_tim_ex.c.obj
                0x080032d0                HAL_TIMEx_CommutCallback
 .text.HAL_TIMEx_BreakCallback
                0x080032d2        0x2 CMakeFiles/final_embebidos_v2.elf.dir/Drivers/STM32F4xx_HAL_Driver/Src/stm32f4xx_hal_tim_ex.c.obj
                0x080032d2                HAL_TIMEx_BreakCallback
 .text.osKernelInitialize
                0x080032d4       0x3c CMakeFiles/final_embebidos_v2.elf.dir/Middlewares/Third_Party/FreeRTOS/Source/CMSIS_RTOS_V2/cmsis_os2.c.obj
                0x080032d4                osKernelInitialize
 .text.osKernelStart
                0x08003310       0x48 CMakeFiles/final_embebidos_v2.elf.dir/Middlewares/Third_Party/FreeRTOS/Source/CMSIS_RTOS_V2/cmsis_os2.c.obj
                0x08003310                osKernelStart
 .text.osThreadNew
                0x08003358       0xd8 CMakeFiles/final_embebidos_v2.elf.dir/Middlewares/Third_Party/FreeRTOS/Source/CMSIS_RTOS_V2/cmsis_os2.c.obj
                0x08003358                osThreadNew
 .text.osDelay  0x08003430       0x3c CMakeFiles/final_embebidos_v2.elf.dir/Middlewares/Third_Party/FreeRTOS/Source/CMSIS_RTOS_V2/cmsis_os2.c.obj
                0x08003430                osDelay
 .text.osMessageQueueNew
                0x0800346c       0xb4 CMakeFiles/final_embebidos_v2.elf.dir/Middlewares/Third_Party/FreeRTOS/Source/CMSIS_RTOS_V2/cmsis_os2.c.obj
                0x0800346c                osMessageQueueNew
 .text.vApplicationGetIdleTaskMemory
                0x08003520       0x18 CMakeFiles/final_embebidos_v2.elf.dir/Middlewares/Third_Party/FreeRTOS/Source/CMSIS_RTOS_V2/cmsis_os2.c.obj
                0x08003520                vApplicationGetIdleTaskMemory
 .text.vApplicationGetTimerTaskMemory
                0x08003538       0x18 CMakeFiles/final_embebidos_v2.elf.dir/Middlewares/Third_Party/FreeRTOS/Source/CMSIS_RTOS_V2/cmsis_os2.c.obj
                0x08003538                vApplicationGetTimerTaskMemory
 .text.vListInitialise
                0x08003550       0x16 CMakeFiles/final_embebidos_v2.elf.dir/Middlewares/Third_Party/FreeRTOS/Source/list.c.obj
                0x08003550                vListInitialise
 .text.vListInitialiseItem
                0x08003566        0x6 CMakeFiles/final_embebidos_v2.elf.dir/Middlewares/Third_Party/FreeRTOS/Source/list.c.obj
                0x08003566                vListInitialiseItem
 .text.vListInsertEnd
                0x0800356c       0x16 CMakeFiles/final_embebidos_v2.elf.dir/Middlewares/Third_Party/FreeRTOS/Source/list.c.obj
                0x0800356c                vListInsertEnd
 .text.vListInsert
                0x08003582       0x34 CMakeFiles/final_embebidos_v2.elf.dir/Middlewares/Third_Party/FreeRTOS/Source/list.c.obj
                0x08003582                vListInsert
 .text.uxListRemove
                0x080035b6       0x26 CMakeFiles/final_embebidos_v2.elf.dir/Middlewares/Third_Party/FreeRTOS/Source/list.c.obj
                0x080035b6                uxListRemove
 .text.prvTaskExitError
                0x080035dc       0x40 CMakeFiles/final_embebidos_v2.elf.dir/Middlewares/Third_Party/FreeRTOS/Source/portable/GCC/ARM_CM4F/port.c.obj
 .text.prvPortStartFirstTask
                0x0800361c       0x28 CMakeFiles/final_embebidos_v2.elf.dir/Middlewares/Third_Party/FreeRTOS/Source/portable/GCC/ARM_CM4F/port.c.obj
 .text.vPortEnableVFP
                0x08003644       0x14 CMakeFiles/final_embebidos_v2.elf.dir/Middlewares/Third_Party/FreeRTOS/Source/portable/GCC/ARM_CM4F/port.c.obj
 .text.pxPortInitialiseStack
                0x08003658       0x2c CMakeFiles/final_embebidos_v2.elf.dir/Middlewares/Third_Party/FreeRTOS/Source/portable/GCC/ARM_CM4F/port.c.obj
                0x08003658                pxPortInitialiseStack
 *fill*         0x08003684        0xc 
 .text.SVC_Handler
                0x08003690       0x24 CMakeFiles/final_embebidos_v2.elf.dir/Middlewares/Third_Party/FreeRTOS/Source/portable/GCC/ARM_CM4F/port.c.obj
                0x08003690                SVC_Handler
 .text.vPortEnterCritical
                0x080036b4       0x44 CMakeFiles/final_embebidos_v2.elf.dir/Middlewares/Third_Party/FreeRTOS/Source/portable/GCC/ARM_CM4F/port.c.obj
                0x080036b4                vPortEnterCritical
 .text.vPortExitCritical
                0x080036f8       0x2c CMakeFiles/final_embebidos_v2.elf.dir/Middlewares/Third_Party/FreeRTOS/Source/portable/GCC/ARM_CM4F/port.c.obj
                0x080036f8                vPortExitCritical
 *fill*         0x08003724        0xc 
 .text.PendSV_Handler
                0x08003730       0x64 CMakeFiles/final_embebidos_v2.elf.dir/Middlewares/Third_Party/FreeRTOS/Source/portable/GCC/ARM_CM4F/port.c.obj
                0x08003730                PendSV_Handler
 .text.SysTick_Handler
                0x08003794       0x2c CMakeFiles/final_embebidos_v2.elf.dir/Middlewares/Third_Party/FreeRTOS/Source/portable/GCC/ARM_CM4F/port.c.obj
                0x08003794                SysTick_Handler
 .text.vPortSetupTimerInterrupt
                0x080037c0       0x38 CMakeFiles/final_embebidos_v2.elf.dir/Middlewares/Third_Party/FreeRTOS/Source/portable/GCC/ARM_CM4F/port.c.obj
                0x080037c0                vPortSetupTimerInterrupt
 .text.xPortStartScheduler
                0x080037f8      0x110 CMakeFiles/final_embebidos_v2.elf.dir/Middlewares/Third_Party/FreeRTOS/Source/portable/GCC/ARM_CM4F/port.c.obj
                0x080037f8                xPortStartScheduler
 .text.vPortValidateInterruptPriority
                0x08003908       0x5c CMakeFiles/final_embebidos_v2.elf.dir/Middlewares/Third_Party/FreeRTOS/Source/portable/GCC/ARM_CM4F/port.c.obj
                0x08003908                vPortValidateInterruptPriority
 .text.prvHeapInit
                0x08003964       0x64 CMakeFiles/final_embebidos_v2.elf.dir/Middlewares/Third_Party/FreeRTOS/Source/portable/MemMang/heap_4.c.obj
 .text.prvInsertBlockIntoFreeList
                0x080039c8       0x58 CMakeFiles/final_embebidos_v2.elf.dir/Middlewares/Third_Party/FreeRTOS/Source/portable/MemMang/heap_4.c.obj
 .text.pvPortMalloc
                0x08003a20      0x108 CMakeFiles/final_embebidos_v2.elf.dir/Middlewares/Third_Party/FreeRTOS/Source/portable/MemMang/heap_4.c.obj
                0x08003a20                pvPortMalloc
 .text.vPortFree
                0x08003b28       0x70 CMakeFiles/final_embebidos_v2.elf.dir/Middlewares/Third_Party/FreeRTOS/Source/portable/MemMang/heap_4.c.obj
                0x08003b28                vPortFree
 .text.prvIsQueueFull
                0x08003b98       0x1e CMakeFiles/final_embebidos_v2.elf.dir/Middlewares/Third_Party/FreeRTOS/Source/queue.c.obj
 .text.prvIsQueueEmpty
                0x08003bb6       0x1a CMakeFiles/final_embebidos_v2.elf.dir/Middlewares/Third_Party/FreeRTOS/Source/queue.c.obj
 .text.prvCopyDataToQueue
                0x08003bd0       0x76 CMakeFiles/final_embebidos_v2.elf.dir/Middlewares/Third_Party/FreeRTOS/Source/queue.c.obj
 .text.prvCopyDataFromQueue
                0x08003c46       0x24 CMakeFiles/final_embebidos_v2.elf.dir/Middlewares/Third_Party/FreeRTOS/Source/queue.c.obj
 .text.prvUnlockQueue
                0x08003c6a       0x6e CMakeFiles/final_embebidos_v2.elf.dir/Middlewares/Third_Party/FreeRTOS/Source/queue.c.obj
 .text.xQueueGenericReset
                0x08003cd8       0x84 CMakeFiles/final_embebidos_v2.elf.dir/Middlewares/Third_Party/FreeRTOS/Source/queue.c.obj
                0x08003cd8                xQueueGenericReset
 .text.prvInitialiseNewQueue
                0x08003d5c       0x22 CMakeFiles/final_embebidos_v2.elf.dir/Middlewares/Third_Party/FreeRTOS/Source/queue.c.obj
 .text.xQueueGenericCreateStatic
                0x08003d7e       0x94 CMakeFiles/final_embebidos_v2.elf.dir/Middlewares/Third_Party/FreeRTOS/Source/queue.c.obj
                0x08003d7e                xQueueGenericCreateStatic
 .text.xQueueGenericCreate
                0x08003e12       0x4e CMakeFiles/final_embebidos_v2.elf.dir/Middlewares/Third_Party/FreeRTOS/Source/queue.c.obj
                0x08003e12                xQueueGenericCreate
 .text.xQueueGenericSend
                0x08003e60      0x180 CMakeFiles/final_embebidos_v2.elf.dir/Middlewares/Third_Party/FreeRTOS/Source/queue.c.obj
                0x08003e60                xQueueGenericSend
 .text.xQueueGenericSendFromISR
                0x08003fe0       0xce CMakeFiles/final_embebidos_v2.elf.dir/Middlewares/Third_Party/FreeRTOS/Source/queue.c.obj
                0x08003fe0                xQueueGenericSendFromISR
 *fill*         0x080040ae        0x2 
 .text.xQueueReceive
                0x080040b0      0x15c CMakeFiles/final_embebidos_v2.elf.dir/Middlewares/Third_Party/FreeRTOS/Source/queue.c.obj
                0x080040b0                xQueueReceive
 .text.vQueueAddToRegistry
                0x0800420c       0x28 CMakeFiles/final_embebidos_v2.elf.dir/Middlewares/Third_Party/FreeRTOS/Source/queue.c.obj
                0x0800420c                vQueueAddToRegistry
 .text.vQueueWaitForMessageRestricted
                0x08004234       0x52 CMakeFiles/final_embebidos_v2.elf.dir/Middlewares/Third_Party/FreeRTOS/Source/queue.c.obj
                0x08004234                vQueueWaitForMessageRestricted
 *fill*         0x08004286        0x2 
 .text.prvResetNextTaskUnblockTime
                0x08004288       0x2c CMakeFiles/final_embebidos_v2.elf.dir/Middlewares/Third_Party/FreeRTOS/Source/tasks.c.obj
 .text.prvInitialiseNewTask
                0x080042b4       0x98 CMakeFiles/final_embebidos_v2.elf.dir/Middlewares/Third_Party/FreeRTOS/Source/tasks.c.obj
 .text.prvInitialiseTaskLists
                0x0800434c       0x68 CMakeFiles/final_embebidos_v2.elf.dir/Middlewares/Third_Party/FreeRTOS/Source/tasks.c.obj
 .text.prvAddNewTaskToReadyList
                0x080043b4       0xac CMakeFiles/final_embebidos_v2.elf.dir/Middlewares/Third_Party/FreeRTOS/Source/tasks.c.obj
 .text.prvDeleteTCB
                0x08004460       0x38 CMakeFiles/final_embebidos_v2.elf.dir/Middlewares/Third_Party/FreeRTOS/Source/tasks.c.obj
 .text.prvCheckTasksWaitingTermination
                0x08004498       0x4c CMakeFiles/final_embebidos_v2.elf.dir/Middlewares/Third_Party/FreeRTOS/Source/tasks.c.obj
 .text.prvIdleTask
                0x080044e4       0x28 CMakeFiles/final_embebidos_v2.elf.dir/Middlewares/Third_Party/FreeRTOS/Source/tasks.c.obj
 .text.prvAddCurrentTaskToDelayedList
                0x0800450c       0x7c CMakeFiles/final_embebidos_v2.elf.dir/Middlewares/Third_Party/FreeRTOS/Source/tasks.c.obj
 .text.xTaskCreateStatic
                0x08004588       0x74 CMakeFiles/final_embebidos_v2.elf.dir/Middlewares/Third_Party/FreeRTOS/Source/tasks.c.obj
                0x08004588                xTaskCreateStatic
 .text.xTaskCreate
                0x080045fc       0x66 CMakeFiles/final_embebidos_v2.elf.dir/Middlewares/Third_Party/FreeRTOS/Source/tasks.c.obj
                0x080045fc                xTaskCreate
 *fill*         0x08004662        0x2 
 .text.vTaskStartScheduler
                0x08004664       0x94 CMakeFiles/final_embebidos_v2.elf.dir/Middlewares/Third_Party/FreeRTOS/Source/tasks.c.obj
                0x08004664                vTaskStartScheduler
 .text.vTaskSuspendAll
                0x080046f8       0x10 CMakeFiles/final_embebidos_v2.elf.dir/Middlewares/Third_Party/FreeRTOS/Source/tasks.c.obj
                0x080046f8                vTaskSuspendAll
 .text.xTaskGetTickCount
                0x08004708        0xc CMakeFiles/final_embebidos_v2.elf.dir/Middlewares/Third_Party/FreeRTOS/Source/tasks.c.obj
                0x08004708                xTaskGetTickCount
 .text.xTaskIncrementTick
                0x08004714      0x118 CMakeFiles/final_embebidos_v2.elf.dir/Middlewares/Third_Party/FreeRTOS/Source/tasks.c.obj
                0x08004714                xTaskIncrementTick
 .text.xTaskResumeAll
                0x0800482c       0xf8 CMakeFiles/final_embebidos_v2.elf.dir/Middlewares/Third_Party/FreeRTOS/Source/tasks.c.obj
                0x0800482c                xTaskResumeAll
 .text.vTaskDelay
                0x08004924       0x4c CMakeFiles/final_embebidos_v2.elf.dir/Middlewares/Third_Party/FreeRTOS/Source/tasks.c.obj
                0x08004924                vTaskDelay
 .text.vTaskSwitchContext
                0x08004970       0x9c CMakeFiles/final_embebidos_v2.elf.dir/Middlewares/Third_Party/FreeRTOS/Source/tasks.c.obj
                0x08004970                vTaskSwitchContext
 .text.vTaskPlaceOnEventList
                0x08004a0c       0x30 CMakeFiles/final_embebidos_v2.elf.dir/Middlewares/Third_Party/FreeRTOS/Source/tasks.c.obj
                0x08004a0c                vTaskPlaceOnEventList
 .text.vTaskPlaceOnEventListRestricted
                0x08004a3c       0x38 CMakeFiles/final_embebidos_v2.elf.dir/Middlewares/Third_Party/FreeRTOS/Source/tasks.c.obj
                0x08004a3c                vTaskPlaceOnEventListRestricted
 .text.xTaskRemoveFromEventList
                0x08004a74       0x8c CMakeFiles/final_embebidos_v2.elf.dir/Middlewares/Third_Party/FreeRTOS/Source/tasks.c.obj
                0x08004a74                xTaskRemoveFromEventList
 .text.vTaskInternalSetTimeOutState
                0x08004b00       0x18 CMakeFiles/final_embebidos_v2.elf.dir/Middlewares/Third_Party/FreeRTOS/Source/tasks.c.obj
                0x08004b00                vTaskInternalSetTimeOutState
 .text.xTaskCheckForTimeOut
                0x08004b18       0x84 CMakeFiles/final_embebidos_v2.elf.dir/Middlewares/Third_Party/FreeRTOS/Source/tasks.c.obj
                0x08004b18                xTaskCheckForTimeOut
 .text.vTaskMissedYield
                0x08004b9c        0xc CMakeFiles/final_embebidos_v2.elf.dir/Middlewares/Third_Party/FreeRTOS/Source/tasks.c.obj
                0x08004b9c                vTaskMissedYield
 .text.xTaskGetSchedulerState
                0x08004ba8       0x20 CMakeFiles/final_embebidos_v2.elf.dir/Middlewares/Third_Party/FreeRTOS/Source/tasks.c.obj
                0x08004ba8                xTaskGetSchedulerState
 .text.xTaskPriorityDisinherit
                0x08004bc8       0x90 CMakeFiles/final_embebidos_v2.elf.dir/Middlewares/Third_Party/FreeRTOS/Source/tasks.c.obj
                0x08004bc8                xTaskPriorityDisinherit
 .text.prvGetNextExpireTime
                0x08004c58       0x20 CMakeFiles/final_embebidos_v2.elf.dir/Middlewares/Third_Party/FreeRTOS/Source/timers.c.obj
 .text.prvInsertTimerInActiveList
                0x08004c78       0x48 CMakeFiles/final_embebidos_v2.elf.dir/Middlewares/Third_Party/FreeRTOS/Source/timers.c.obj
 .text.prvCheckForValidListAndQueue
                0x08004cc0       0x70 CMakeFiles/final_embebidos_v2.elf.dir/Middlewares/Third_Party/FreeRTOS/Source/timers.c.obj
 .text.xTimerCreateTimerTask
                0x08004d30       0x64 CMakeFiles/final_embebidos_v2.elf.dir/Middlewares/Third_Party/FreeRTOS/Source/timers.c.obj
                0x08004d30                xTimerCreateTimerTask
 .text.xTimerGenericCommand
                0x08004d94       0x6c CMakeFiles/final_embebidos_v2.elf.dir/Middlewares/Third_Party/FreeRTOS/Source/timers.c.obj
                0x08004d94                xTimerGenericCommand
 .text.prvSwitchTimerLists
                0x08004e00       0x7c CMakeFiles/final_embebidos_v2.elf.dir/Middlewares/Third_Party/FreeRTOS/Source/timers.c.obj
 .text.prvSampleTimeNow
                0x08004e7c       0x2c CMakeFiles/final_embebidos_v2.elf.dir/Middlewares/Third_Party/FreeRTOS/Source/timers.c.obj
 .text.prvProcessExpiredTimer
                0x08004ea8       0x6c CMakeFiles/final_embebidos_v2.elf.dir/Middlewares/Third_Party/FreeRTOS/Source/timers.c.obj
 .text.prvProcessTimerOrBlockTask
                0x08004f14       0x74 CMakeFiles/final_embebidos_v2.elf.dir/Middlewares/Third_Party/FreeRTOS/Source/timers.c.obj
 .text.prvProcessReceivedCommands
                0x08004f88      0x110 CMakeFiles/final_embebidos_v2.elf.dir/Middlewares/Third_Party/FreeRTOS/Source/timers.c.obj
 .text.prvTimerTask
                0x08005098       0x16 CMakeFiles/final_embebidos_v2.elf.dir/Middlewares/Third_Party/FreeRTOS/Source/timers.c.obj
 *fill*         0x080050ae        0x2 
 .text.__errno  0x080050b0        0xc c:/progra~1/jetbra~1/gcc-ar~1/bin/../lib/gcc/arm-none-eabi/8.3.1/../../../../arm-none-eabi/lib/thumb/v7e-m+fp/hard\libg.a(lib_a-errno.o)
                0x080050b0                __errno
 .text.__libc_init_array
                0x080050bc       0x48 c:/progra~1/jetbra~1/gcc-ar~1/bin/../lib/gcc/arm-none-eabi/8.3.1/../../../../arm-none-eabi/lib/thumb/v7e-m+fp/hard\libg.a(lib_a-init.o)
                0x080050bc                __libc_init_array
 .text.memset   0x08005104       0xa0 c:/progra~1/jetbra~1/gcc-ar~1/bin/../lib/gcc/arm-none-eabi/8.3.1/../../../../arm-none-eabi/lib/thumb/v7e-m+fp/hard\libg.a(lib_a-memset.o)
                0x08005104                memset
 .text._vsprintf_r
                0x080051a4       0x28 c:/progra~1/jetbra~1/gcc-ar~1/bin/../lib/gcc/arm-none-eabi/8.3.1/../../../../arm-none-eabi/lib/thumb/v7e-m+fp/hard\libg.a(lib_a-vsprintf.o)
                0x080051a4                _vsprintf_r
 .text.vsprintf
                0x080051cc       0x18 c:/progra~1/jetbra~1/gcc-ar~1/bin/../lib/gcc/arm-none-eabi/8.3.1/../../../../arm-none-eabi/lib/thumb/v7e-m+fp/hard\libg.a(lib_a-vsprintf.o)
                0x080051cc                vsprintf
 .text.startup.register_fini
                0x080051e4       0x14 c:/progra~1/jetbra~1/gcc-ar~1/bin/../lib/gcc/arm-none-eabi/8.3.1/../../../../arm-none-eabi/lib/thumb/v7e-m+fp/hard\libg.a(lib_a-__call_atexit.o)
 .text.atexit   0x080051f8        0xc c:/progra~1/jetbra~1/gcc-ar~1/bin/../lib/gcc/arm-none-eabi/8.3.1/../../../../arm-none-eabi/lib/thumb/v7e-m+fp/hard\libg.a(lib_a-atexit.o)
                0x080051f8                atexit
 .text.__libc_fini_array
                0x08005204       0x34 c:/progra~1/jetbra~1/gcc-ar~1/bin/../lib/gcc/arm-none-eabi/8.3.1/../../../../arm-none-eabi/lib/thumb/v7e-m+fp/hard\libg.a(lib_a-fini.o)
                0x08005204                __libc_fini_array
 .text.__retarget_lock_acquire_recursive
                0x08005238        0x4 c:/progra~1/jetbra~1/gcc-ar~1/bin/../lib/gcc/arm-none-eabi/8.3.1/../../../../arm-none-eabi/lib/thumb/v7e-m+fp/hard\libg.a(lib_a-lock.o)
                0x08005238                __retarget_lock_acquire_recursive
 .text.__retarget_lock_release_recursive
                0x0800523c        0x4 c:/progra~1/jetbra~1/gcc-ar~1/bin/../lib/gcc/arm-none-eabi/8.3.1/../../../../arm-none-eabi/lib/thumb/v7e-m+fp/hard\libg.a(lib_a-lock.o)
                0x0800523c                __retarget_lock_release_recursive
 .text._svfprintf_r
                0x08005240     0x19f8 c:/progra~1/jetbra~1/gcc-ar~1/bin/../lib/gcc/arm-none-eabi/8.3.1/../../../../arm-none-eabi/lib/thumb/v7e-m+fp/hard\libg.a(lib_a-svfprintf.o)
                0x08005240                _svfprintf_r
 .text.__register_exitproc
                0x08006c38       0x88 c:/progra~1/jetbra~1/gcc-ar~1/bin/../lib/gcc/arm-none-eabi/8.3.1/../../../../arm-none-eabi/lib/thumb/v7e-m+fp/hard\libg.a(lib_a-__atexit.o)
                0x08006c38                __register_exitproc
 .text.quorem   0x08006cc0      0x124 c:/progra~1/jetbra~1/gcc-ar~1/bin/../lib/gcc/arm-none-eabi/8.3.1/../../../../arm-none-eabi/lib/thumb/v7e-m+fp/hard\libg.a(lib_a-dtoa.o)
 *fill*         0x08006de4        0x4 
 .text._dtoa_r  0x08006de8      0xe54 c:/progra~1/jetbra~1/gcc-ar~1/bin/../lib/gcc/arm-none-eabi/8.3.1/../../../../arm-none-eabi/lib/thumb/v7e-m+fp/hard\libg.a(lib_a-dtoa.o)
                0x08006de8                _dtoa_r
 .text._malloc_trim_r
                0x08007c3c       0xa0 c:/progra~1/jetbra~1/gcc-ar~1/bin/../lib/gcc/arm-none-eabi/8.3.1/../../../../arm-none-eabi/lib/thumb/v7e-m+fp/hard\libg.a(lib_a-freer.o)
                0x08007c3c                _malloc_trim_r
 .text._free_r  0x08007cdc      0x1f4 c:/progra~1/jetbra~1/gcc-ar~1/bin/../lib/gcc/arm-none-eabi/8.3.1/../../../../arm-none-eabi/lib/thumb/v7e-m+fp/hard\libg.a(lib_a-freer.o)
                0x08007cdc                _free_r
 .text._localeconv_r
                0x08007ed0        0x8 c:/progra~1/jetbra~1/gcc-ar~1/bin/../lib/gcc/arm-none-eabi/8.3.1/../../../../arm-none-eabi/lib/thumb/v7e-m+fp/hard\libg.a(lib_a-localeconv.o)
                0x08007ed0                _localeconv_r
 .text._malloc_r
                0x08007ed8      0x570 c:/progra~1/jetbra~1/gcc-ar~1/bin/../lib/gcc/arm-none-eabi/8.3.1/../../../../arm-none-eabi/lib/thumb/v7e-m+fp/hard\libg.a(lib_a-mallocr.o)
                0x08007ed8                _malloc_r
 .text.__malloc_lock
                0x08008448        0xc c:/progra~1/jetbra~1/gcc-ar~1/bin/../lib/gcc/arm-none-eabi/8.3.1/../../../../arm-none-eabi/lib/thumb/v7e-m+fp/hard\libg.a(lib_a-mlock.o)
                0x08008448                __malloc_lock
 .text.__malloc_unlock
                0x08008454        0xc c:/progra~1/jetbra~1/gcc-ar~1/bin/../lib/gcc/arm-none-eabi/8.3.1/../../../../arm-none-eabi/lib/thumb/v7e-m+fp/hard\libg.a(lib_a-mlock.o)
                0x08008454                __malloc_unlock
 .text._Balloc  0x08008460       0x4c c:/progra~1/jetbra~1/gcc-ar~1/bin/../lib/gcc/arm-none-eabi/8.3.1/../../../../arm-none-eabi/lib/thumb/v7e-m+fp/hard\libg.a(lib_a-mprec.o)
                0x08008460                _Balloc
 .text._Bfree   0x080084ac       0x14 c:/progra~1/jetbra~1/gcc-ar~1/bin/../lib/gcc/arm-none-eabi/8.3.1/../../../../arm-none-eabi/lib/thumb/v7e-m+fp/hard\libg.a(lib_a-mprec.o)
                0x080084ac                _Bfree
 .text.__multadd
                0x080084c0       0x8c c:/progra~1/jetbra~1/gcc-ar~1/bin/../lib/gcc/arm-none-eabi/8.3.1/../../../../arm-none-eabi/lib/thumb/v7e-m+fp/hard\libg.a(lib_a-mprec.o)
                0x080084c0                __multadd
 .text.__hi0bits
                0x0800854c       0x40 c:/progra~1/jetbra~1/gcc-ar~1/bin/../lib/gcc/arm-none-eabi/8.3.1/../../../../arm-none-eabi/lib/thumb/v7e-m+fp/hard\libg.a(lib_a-mprec.o)
                0x0800854c                __hi0bits
 .text.__lo0bits
                0x0800858c       0x60 c:/progra~1/jetbra~1/gcc-ar~1/bin/../lib/gcc/arm-none-eabi/8.3.1/../../../../arm-none-eabi/lib/thumb/v7e-m+fp/hard\libg.a(lib_a-mprec.o)
                0x0800858c                __lo0bits
 .text.__i2b    0x080085ec       0x14 c:/progra~1/jetbra~1/gcc-ar~1/bin/../lib/gcc/arm-none-eabi/8.3.1/../../../../arm-none-eabi/lib/thumb/v7e-m+fp/hard\libg.a(lib_a-mprec.o)
                0x080085ec                __i2b
 .text.__multiply
                0x08008600      0x130 c:/progra~1/jetbra~1/gcc-ar~1/bin/../lib/gcc/arm-none-eabi/8.3.1/../../../../arm-none-eabi/lib/thumb/v7e-m+fp/hard\libg.a(lib_a-mprec.o)
                0x08008600                __multiply
 .text.__pow5mult
                0x08008730       0xa0 c:/progra~1/jetbra~1/gcc-ar~1/bin/../lib/gcc/arm-none-eabi/8.3.1/../../../../arm-none-eabi/lib/thumb/v7e-m+fp/hard\libg.a(lib_a-mprec.o)
                0x08008730                __pow5mult
 .text.__lshift
                0x080087d0       0xb4 c:/progra~1/jetbra~1/gcc-ar~1/bin/../lib/gcc/arm-none-eabi/8.3.1/../../../../arm-none-eabi/lib/thumb/v7e-m+fp/hard\libg.a(lib_a-mprec.o)
                0x080087d0                __lshift
 .text.__mcmp   0x08008884       0x38 c:/progra~1/jetbra~1/gcc-ar~1/bin/../lib/gcc/arm-none-eabi/8.3.1/../../../../arm-none-eabi/lib/thumb/v7e-m+fp/hard\libg.a(lib_a-mprec.o)
                0x08008884                __mcmp
 .text.__mdiff  0x080088bc       0xf8 c:/progra~1/jetbra~1/gcc-ar~1/bin/../lib/gcc/arm-none-eabi/8.3.1/../../../../arm-none-eabi/lib/thumb/v7e-m+fp/hard\libg.a(lib_a-mprec.o)
                0x080088bc                __mdiff
 .text.__d2b    0x080089b4       0xc0 c:/progra~1/jetbra~1/gcc-ar~1/bin/../lib/gcc/arm-none-eabi/8.3.1/../../../../arm-none-eabi/lib/thumb/v7e-m+fp/hard\libg.a(lib_a-mprec.o)
                0x080089b4                __d2b
 .text.frexp    0x08008a74       0x6c c:/progra~1/jetbra~1/gcc-ar~1/bin/../lib/gcc/arm-none-eabi/8.3.1/../../../../arm-none-eabi/lib/thumb/v7e-m+fp/hard\libg.a(lib_a-s_frexp.o)
                0x08008a74                frexp
 .text._sbrk_r  0x08008ae0       0x24 c:/progra~1/jetbra~1/gcc-ar~1/bin/../lib/gcc/arm-none-eabi/8.3.1/../../../../arm-none-eabi/lib/thumb/v7e-m+fp/hard\libg.a(lib_a-sbrkr.o)
                0x08008ae0                _sbrk_r
 .text.strncpy  0x08008b04       0x74 c:/progra~1/jetbra~1/gcc-ar~1/bin/../lib/gcc/arm-none-eabi/8.3.1/../../../../arm-none-eabi/lib/thumb/v7e-m+fp/hard\libg.a(lib_a-strncpy.o)
                0x08008b04                strncpy
 .text.__ssprint_r
                0x08008b78       0xf8 c:/progra~1/jetbra~1/gcc-ar~1/bin/../lib/gcc/arm-none-eabi/8.3.1/../../../../arm-none-eabi/lib/thumb/v7e-m+fp/hard\libg.a(lib_a-svfiprintf.o)
                0x08008b78                __ssprint_r
 .text._calloc_r
                0x08008c70       0x60 c:/progra~1/jetbra~1/gcc-ar~1/bin/../lib/gcc/arm-none-eabi/8.3.1/../../../../arm-none-eabi/lib/thumb/v7e-m+fp/hard\libg.a(lib_a-callocr.o)
                0x08008c70                _calloc_r
 .text.__ascii_mbtowc
                0x08008cd0       0x2c c:/progra~1/jetbra~1/gcc-ar~1/bin/../lib/gcc/arm-none-eabi/8.3.1/../../../../arm-none-eabi/lib/thumb/v7e-m+fp/hard\libg.a(lib_a-mbtowc_r.o)
                0x08008cd0                __ascii_mbtowc
 .text.memmove  0x08008cfc       0xd0 c:/progra~1/jetbra~1/gcc-ar~1/bin/../lib/gcc/arm-none-eabi/8.3.1/../../../../arm-none-eabi/lib/thumb/v7e-m+fp/hard\libg.a(lib_a-memmove.o)
                0x08008cfc                memmove
 .text._realloc_r
                0x08008dcc      0x36c c:/progra~1/jetbra~1/gcc-ar~1/bin/../lib/gcc/arm-none-eabi/8.3.1/../../../../arm-none-eabi/lib/thumb/v7e-m+fp/hard\libg.a(lib_a-reallocr.o)
                0x08008dcc                _realloc_r
 .text.__ascii_wctomb
                0x08009138       0x1c c:/progra~1/jetbra~1/gcc-ar~1/bin/../lib/gcc/arm-none-eabi/8.3.1/../../../../arm-none-eabi/lib/thumb/v7e-m+fp/hard\libg.a(lib_a-wctomb_r.o)
                0x08009138                __ascii_wctomb
 *(.glue_7)
 .glue_7        0x08009154        0x0 linker stubs
 *(.glue_7t)
 .glue_7t       0x08009154        0x0 linker stubs
 *(.eh_frame)
 .eh_frame      0x08009154        0x0 c:/progra~1/jetbra~1/gcc-ar~1/bin/../lib/gcc/arm-none-eabi/8.3.1/thumb/v7e-m+fp/hard/crtbegin.o
 *(.init)
 .init          0x08009154        0x4 c:/progra~1/jetbra~1/gcc-ar~1/bin/../lib/gcc/arm-none-eabi/8.3.1/thumb/v7e-m+fp/hard/crti.o
                0x08009154                _init
 .init          0x08009158        0x8 c:/progra~1/jetbra~1/gcc-ar~1/bin/../lib/gcc/arm-none-eabi/8.3.1/thumb/v7e-m+fp/hard/crtn.o
 *(.fini)
 .fini          0x08009160        0x4 c:/progra~1/jetbra~1/gcc-ar~1/bin/../lib/gcc/arm-none-eabi/8.3.1/thumb/v7e-m+fp/hard/crti.o
                0x08009160                _fini
 .fini          0x08009164        0x8 c:/progra~1/jetbra~1/gcc-ar~1/bin/../lib/gcc/arm-none-eabi/8.3.1/thumb/v7e-m+fp/hard/crtn.o
                0x0800916c                . = ALIGN (0x4)
                0x0800916c                _etext = .

.vfp11_veneer   0x0800916c        0x0
 .vfp11_veneer  0x0800916c        0x0 linker stubs

.v4_bx          0x0800916c        0x0
 .v4_bx         0x0800916c        0x0 linker stubs

.iplt           0x0800916c        0x0
 .iplt          0x0800916c        0x0 c:/progra~1/jetbra~1/gcc-ar~1/bin/../lib/gcc/arm-none-eabi/8.3.1/thumb/v7e-m+fp/hard/crtbegin.o

.rodata         0x08009170      0x3a8
                0x08009170                . = ALIGN (0x4)
 *(.rodata)
 *(.rodata*)
 .rodata.AmbientQueue_attributes
                0x08009170       0x18 CMakeFiles/final_embebidos_v2.elf.dir/Core/Src/main.c.obj
                0x08009170                AmbientQueue_attributes
 .rodata.AmbientTempHum_attributes
                0x08009188       0x24 CMakeFiles/final_embebidos_v2.elf.dir/Core/Src/main.c.obj
                0x08009188                AmbientTempHum_attributes
 .rodata.Display_attributes
                0x080091ac       0x24 CMakeFiles/final_embebidos_v2.elf.dir/Core/Src/main.c.obj
                0x080091ac                Display_attributes
 .rodata.Lux_attributes
                0x080091d0       0x24 CMakeFiles/final_embebidos_v2.elf.dir/Core/Src/main.c.obj
                0x080091d0                Lux_attributes
 .rodata.SoilHum_attributes
                0x080091f4       0x24 CMakeFiles/final_embebidos_v2.elf.dir/Core/Src/main.c.obj
                0x080091f4                SoilHum_attributes
 .rodata.StartDisplay.str1.4
                0x08009218        0xf CMakeFiles/final_embebidos_v2.elf.dir/Core/Src/main.c.obj
 *fill*         0x08009227        0x1 
 .rodata.str1.4
                0x08009228       0x34 CMakeFiles/final_embebidos_v2.elf.dir/Core/Src/main.c.obj
 .rodata.AHBPrescTable
                0x0800925c       0x10 CMakeFiles/final_embebidos_v2.elf.dir/Core/Src/system_stm32f4xx.c.obj
                0x0800925c                AHBPrescTable
 .rodata.APBPrescTable
                0x0800926c        0x8 CMakeFiles/final_embebidos_v2.elf.dir/Core/Src/system_stm32f4xx.c.obj
                0x0800926c                APBPrescTable
 .rodata.vTaskStartScheduler.str1.4
                0x08009274        0x5 CMakeFiles/final_embebidos_v2.elf.dir/Middlewares/Third_Party/FreeRTOS/Source/tasks.c.obj
 *fill*         0x08009279        0x3 
 .rodata.prvCheckForValidListAndQueue.str1.4
                0x0800927c        0x5 CMakeFiles/final_embebidos_v2.elf.dir/Middlewares/Third_Party/FreeRTOS/Source/timers.c.obj
 *fill*         0x08009281        0x3 
 .rodata.xTimerCreateTimerTask.str1.4
                0x08009284        0x8 CMakeFiles/final_embebidos_v2.elf.dir/Middlewares/Third_Party/FreeRTOS/Source/timers.c.obj
 .rodata._global_impure_ptr
                0x0800928c        0x4 c:/progra~1/jetbra~1/gcc-ar~1/bin/../lib/gcc/arm-none-eabi/8.3.1/../../../../arm-none-eabi/lib/thumb/v7e-m+fp/hard\libg.a(lib_a-impure.o)
                0x0800928c                _global_impure_ptr
 .rodata._svfprintf_r.str1.4
                0x08009290       0x42 c:/progra~1/jetbra~1/gcc-ar~1/bin/../lib/gcc/arm-none-eabi/8.3.1/../../../../arm-none-eabi/lib/thumb/v7e-m+fp/hard\libg.a(lib_a-svfprintf.o)
 *fill*         0x080092d2        0x2 
 .rodata.blanks.8662
                0x080092d4       0x10 c:/progra~1/jetbra~1/gcc-ar~1/bin/../lib/gcc/arm-none-eabi/8.3.1/../../../../arm-none-eabi/lib/thumb/v7e-m+fp/hard\libg.a(lib_a-svfprintf.o)
 .rodata.zeroes.8663
                0x080092e4       0x10 c:/progra~1/jetbra~1/gcc-ar~1/bin/../lib/gcc/arm-none-eabi/8.3.1/../../../../arm-none-eabi/lib/thumb/v7e-m+fp/hard\libg.a(lib_a-svfprintf.o)
 .rodata._dtoa_r.str1.4
                0x080092f4        0xd c:/progra~1/jetbra~1/gcc-ar~1/bin/../lib/gcc/arm-none-eabi/8.3.1/../../../../arm-none-eabi/lib/thumb/v7e-m+fp/hard\libg.a(lib_a-dtoa.o)
                                 0x12 (size before relaxing)
 *fill*         0x08009301        0x7 
 .rodata.__mprec_bigtens
                0x08009308       0x28 c:/progra~1/jetbra~1/gcc-ar~1/bin/../lib/gcc/arm-none-eabi/8.3.1/../../../../arm-none-eabi/lib/thumb/v7e-m+fp/hard\libg.a(lib_a-mprec.o)
                0x08009308                __mprec_bigtens
 .rodata.__mprec_tens
                0x08009330       0xc8 c:/progra~1/jetbra~1/gcc-ar~1/bin/../lib/gcc/arm-none-eabi/8.3.1/../../../../arm-none-eabi/lib/thumb/v7e-m+fp/hard\libg.a(lib_a-mprec.o)
                0x08009330                __mprec_tens
 .rodata.p05.7432
                0x080093f8        0xc c:/progra~1/jetbra~1/gcc-ar~1/bin/../lib/gcc/arm-none-eabi/8.3.1/../../../../arm-none-eabi/lib/thumb/v7e-m+fp/hard\libg.a(lib_a-mprec.o)
 .rodata._setlocale_r.str1.4
                0x08009404        0xa c:/progra~1/jetbra~1/gcc-ar~1/bin/../lib/gcc/arm-none-eabi/8.3.1/../../../../arm-none-eabi/lib/thumb/v7e-m+fp/hard\libg.a(lib_a-locale.o)
                                  0xd (size before relaxing)
 *fill*         0x0800940e        0x2 
 .rodata.str1.4
                0x08009410        0x4 c:/progra~1/jetbra~1/gcc-ar~1/bin/../lib/gcc/arm-none-eabi/8.3.1/../../../../arm-none-eabi/lib/thumb/v7e-m+fp/hard\libg.a(lib_a-locale.o)
                                  0x2 (size before relaxing)
 .rodata._ctype_
                0x08009414      0x101 c:/progra~1/jetbra~1/gcc-ar~1/bin/../lib/gcc/arm-none-eabi/8.3.1/../../../../arm-none-eabi/lib/thumb/v7e-m+fp/hard\libg.a(lib_a-ctype_.o)
                0x08009414                _ctype_
                0x08009518                . = ALIGN (0x4)
 *fill*         0x08009515        0x3 

.ARM.extab      0x08009518        0x0
                0x08009518                . = ALIGN (0x4)
 *(.ARM.extab* .gnu.linkonce.armextab.*)
                0x08009518                . = ALIGN (0x4)

.ARM            0x08009518        0x8
                0x08009518                . = ALIGN (0x4)
                0x08009518                __exidx_start = .
 *(.ARM.exidx*)
 .ARM.exidx     0x08009518        0x8 c:/progra~1/jetbra~1/gcc-ar~1/bin/../lib/gcc/arm-none-eabi/8.3.1/thumb/v7e-m+fp/hard\libgcc.a(_udivmoddi4.o)
                0x08009520                __exidx_end = .
                0x08009520                . = ALIGN (0x4)

.rel.dyn        0x08009520        0x0
 .rel.iplt      0x08009520        0x0 c:/progra~1/jetbra~1/gcc-ar~1/bin/../lib/gcc/arm-none-eabi/8.3.1/thumb/v7e-m+fp/hard/crtbegin.o

.preinit_array  0x08009520        0x0
                0x08009520                . = ALIGN (0x4)
                0x08009520                PROVIDE (__preinit_array_start = .)
 *(.preinit_array*)
                0x08009520                PROVIDE (__preinit_array_end = .)
                0x08009520                . = ALIGN (0x4)

.init_array     0x08009520        0x8
                0x08009520                . = ALIGN (0x4)
                0x08009520                PROVIDE (__init_array_start = .)
 *(SORT_BY_NAME(.init_array.*))
 .init_array.00000
                0x08009520        0x4 c:/progra~1/jetbra~1/gcc-ar~1/bin/../lib/gcc/arm-none-eabi/8.3.1/../../../../arm-none-eabi/lib/thumb/v7e-m+fp/hard\libg.a(lib_a-__call_atexit.o)
 *(.init_array*)
 .init_array    0x08009524        0x4 c:/progra~1/jetbra~1/gcc-ar~1/bin/../lib/gcc/arm-none-eabi/8.3.1/thumb/v7e-m+fp/hard/crtbegin.o
                0x08009528                PROVIDE (__init_array_end = .)
                0x08009528                . = ALIGN (0x4)

.fini_array     0x08009528        0x4
                0x08009528                . = ALIGN (0x4)
                0x08009528                PROVIDE (__fini_array_start = .)
 *(SORT_BY_NAME(.fini_array.*))
 *(.fini_array*)
 .fini_array    0x08009528        0x4 c:/progra~1/jetbra~1/gcc-ar~1/bin/../lib/gcc/arm-none-eabi/8.3.1/thumb/v7e-m+fp/hard/crtbegin.o
                0x0800952c                PROVIDE (__fini_array_end = .)
                0x0800952c                . = ALIGN (0x4)
                0x0800952c                _sidata = LOADADDR (.data)

.data           0x20000000      0x9c0 load address 0x0800952c
                0x20000000                . = ALIGN (0x4)
                0x20000000                _sdata = .
 *(.data)
 *(.data*)
 .data.SystemCoreClock
                0x20000000        0x4 CMakeFiles/final_embebidos_v2.elf.dir/Core/Src/system_stm32f4xx.c.obj
                0x20000000                SystemCoreClock
 .data.uwTickFreq
                0x20000004        0x1 CMakeFiles/final_embebidos_v2.elf.dir/Drivers/STM32F4xx_HAL_Driver/Src/stm32f4xx_hal.c.obj
                0x20000004                uwTickFreq
 *fill*         0x20000005        0x3 
 .data.uwTickPrio
                0x20000008        0x4 CMakeFiles/final_embebidos_v2.elf.dir/Drivers/STM32F4xx_HAL_Driver/Src/stm32f4xx_hal.c.obj
                0x20000008                uwTickPrio
 .data.uxCriticalNesting
                0x2000000c        0x4 CMakeFiles/final_embebidos_v2.elf.dir/Middlewares/Third_Party/FreeRTOS/Source/portable/GCC/ARM_CM4F/port.c.obj
 .data._impure_ptr
                0x20000010        0x4 c:/progra~1/jetbra~1/gcc-ar~1/bin/../lib/gcc/arm-none-eabi/8.3.1/../../../../arm-none-eabi/lib/thumb/v7e-m+fp/hard\libg.a(lib_a-impure.o)
                0x20000010                _impure_ptr
 *fill*         0x20000014        0x4 
 .data.impure_data
                0x20000018      0x428 c:/progra~1/jetbra~1/gcc-ar~1/bin/../lib/gcc/arm-none-eabi/8.3.1/../../../../arm-none-eabi/lib/thumb/v7e-m+fp/hard\libg.a(lib_a-impure.o)
 .data.__atexit_recursive_mutex
                0x20000440        0x4 c:/progra~1/jetbra~1/gcc-ar~1/bin/../lib/gcc/arm-none-eabi/8.3.1/../../../../arm-none-eabi/lib/thumb/v7e-m+fp/hard\libg.a(lib_a-__call_atexit.o)
                0x20000440                __atexit_recursive_mutex
 .data.__malloc_av_
                0x20000444      0x408 c:/progra~1/jetbra~1/gcc-ar~1/bin/../lib/gcc/arm-none-eabi/8.3.1/../../../../arm-none-eabi/lib/thumb/v7e-m+fp/hard\libg.a(lib_a-mallocr.o)
                0x20000444                __malloc_av_
 .data.__malloc_sbrk_base
                0x2000084c        0x4 c:/progra~1/jetbra~1/gcc-ar~1/bin/../lib/gcc/arm-none-eabi/8.3.1/../../../../arm-none-eabi/lib/thumb/v7e-m+fp/hard\libg.a(lib_a-mallocr.o)
                0x2000084c                __malloc_sbrk_base
 .data.__malloc_trim_threshold
                0x20000850        0x4 c:/progra~1/jetbra~1/gcc-ar~1/bin/../lib/gcc/arm-none-eabi/8.3.1/../../../../arm-none-eabi/lib/thumb/v7e-m+fp/hard\libg.a(lib_a-mallocr.o)
                0x20000850                __malloc_trim_threshold
 .data.__global_locale
                0x20000854      0x16c c:/progra~1/jetbra~1/gcc-ar~1/bin/../lib/gcc/arm-none-eabi/8.3.1/../../../../arm-none-eabi/lib/thumb/v7e-m+fp/hard\libg.a(lib_a-locale.o)
                0x20000854                __global_locale
                0x200009c0                . = ALIGN (0x4)
                0x200009c0                _edata = .

.igot.plt       0x200009c0        0x0 load address 0x08009eec
 .igot.plt      0x200009c0        0x0 c:/progra~1/jetbra~1/gcc-ar~1/bin/../lib/gcc/arm-none-eabi/8.3.1/thumb/v7e-m+fp/hard/crtbegin.o
                0x200009c0                . = ALIGN (0x4)

.bss            0x200009c0     0x4bc0 load address 0x08009eec
                0x200009c0                _sbss = .
                0x200009c0                __bss_start__ = _sbss
 *(.bss)
 .bss           0x200009c0       0x1c c:/progra~1/jetbra~1/gcc-ar~1/bin/../lib/gcc/arm-none-eabi/8.3.1/thumb/v7e-m+fp/hard/crtbegin.o
 *(.bss*)
 .bss.HTIMx     0x200009dc       0x40 CMakeFiles/final_embebidos_v2.elf.dir/Core/Src/Timer_Delay.c.obj
 .bss.gu32_ticks
                0x20000a1c        0x4 CMakeFiles/final_embebidos_v2.elf.dir/Core/Src/Timer_Delay.c.obj
 .bss.LCD_I2C_SLAVE_ADDRESS
                0x20000a20        0x1 CMakeFiles/final_embebidos_v2.elf.dir/Core/Src/lcd16x2_i2c.c.obj
 *fill*         0x20000a21        0x3 
 .bss.lcd16x2_i2cHandle
                0x20000a24        0x4 CMakeFiles/final_embebidos_v2.elf.dir/Core/Src/lcd16x2_i2c.c.obj
 .bss.AmbientQueueHandle
                0x20000a28        0x4 CMakeFiles/final_embebidos_v2.elf.dir/Core/Src/main.c.obj
                0x20000a28                AmbientQueueHandle
 .bss.AmbientTempHumHandle
                0x20000a2c        0x4 CMakeFiles/final_embebidos_v2.elf.dir/Core/Src/main.c.obj
                0x20000a2c                AmbientTempHumHandle
 .bss.DisplayHandle
                0x20000a30        0x4 CMakeFiles/final_embebidos_v2.elf.dir/Core/Src/main.c.obj
                0x20000a30                DisplayHandle
 .bss.LuxHandle
                0x20000a34        0x4 CMakeFiles/final_embebidos_v2.elf.dir/Core/Src/main.c.obj
                0x20000a34                LuxHandle
 .bss.SoilHumHandle
                0x20000a38        0x4 CMakeFiles/final_embebidos_v2.elf.dir/Core/Src/main.c.obj
                0x20000a38                SoilHumHandle
 .bss.hadc1     0x20000a3c       0x48 CMakeFiles/final_embebidos_v2.elf.dir/Core/Src/main.c.obj
                0x20000a3c                hadc1
 .bss.hi2c1     0x20000a84       0x54 CMakeFiles/final_embebidos_v2.elf.dir/Core/Src/main.c.obj
                0x20000a84                hi2c1
 .bss.htim1     0x20000ad8       0x40 CMakeFiles/final_embebidos_v2.elf.dir/Core/Src/main.c.obj
                0x20000ad8                htim1
 .bss.htim2     0x20000b18       0x40 CMakeFiles/final_embebidos_v2.elf.dir/Core/Src/main.c.obj
                0x20000b18                htim2
 .bss.htim9     0x20000b58       0x40 CMakeFiles/final_embebidos_v2.elf.dir/Core/Src/main.c.obj
                0x20000b58                htim9
 .bss.htim10    0x20000b98       0x40 CMakeFiles/final_embebidos_v2.elf.dir/Core/Src/stm32f4xx_hal_timebase_tim.c.obj
                0x20000b98                htim10
 .bss.__sbrk_heap_end
                0x20000bd8        0x4 CMakeFiles/final_embebidos_v2.elf.dir/Core/Src/sysmem.c.obj
 .bss.uwTick    0x20000bdc        0x4 CMakeFiles/final_embebidos_v2.elf.dir/Drivers/STM32F4xx_HAL_Driver/Src/stm32f4xx_hal.c.obj
                0x20000bdc                uwTick
 .bss.Idle_Stack
                0x20000be0      0x200 CMakeFiles/final_embebidos_v2.elf.dir/Middlewares/Third_Party/FreeRTOS/Source/CMSIS_RTOS_V2/cmsis_os2.c.obj
 .bss.Idle_TCB  0x20000de0       0x5c CMakeFiles/final_embebidos_v2.elf.dir/Middlewares/Third_Party/FreeRTOS/Source/CMSIS_RTOS_V2/cmsis_os2.c.obj
 .bss.KernelState
                0x20000e3c        0x4 CMakeFiles/final_embebidos_v2.elf.dir/Middlewares/Third_Party/FreeRTOS/Source/CMSIS_RTOS_V2/cmsis_os2.c.obj
 .bss.Timer_Stack
                0x20000e40      0x400 CMakeFiles/final_embebidos_v2.elf.dir/Middlewares/Third_Party/FreeRTOS/Source/CMSIS_RTOS_V2/cmsis_os2.c.obj
 .bss.Timer_TCB
                0x20001240       0x5c CMakeFiles/final_embebidos_v2.elf.dir/Middlewares/Third_Party/FreeRTOS/Source/CMSIS_RTOS_V2/cmsis_os2.c.obj
 .bss.ucMaxSysCallPriority
                0x2000129c        0x1 CMakeFiles/final_embebidos_v2.elf.dir/Middlewares/Third_Party/FreeRTOS/Source/portable/GCC/ARM_CM4F/port.c.obj
 *fill*         0x2000129d        0x3 
 .bss.ulMaxPRIGROUPValue
                0x200012a0        0x4 CMakeFiles/final_embebidos_v2.elf.dir/Middlewares/Third_Party/FreeRTOS/Source/portable/GCC/ARM_CM4F/port.c.obj
 .bss.pxEnd     0x200012a4        0x4 CMakeFiles/final_embebidos_v2.elf.dir/Middlewares/Third_Party/FreeRTOS/Source/portable/MemMang/heap_4.c.obj
 .bss.ucHeap    0x200012a8     0x3c00 CMakeFiles/final_embebidos_v2.elf.dir/Middlewares/Third_Party/FreeRTOS/Source/portable/MemMang/heap_4.c.obj
 .bss.xBlockAllocatedBit
                0x20004ea8        0x4 CMakeFiles/final_embebidos_v2.elf.dir/Middlewares/Third_Party/FreeRTOS/Source/portable/MemMang/heap_4.c.obj
 .bss.xFreeBytesRemaining
                0x20004eac        0x4 CMakeFiles/final_embebidos_v2.elf.dir/Middlewares/Third_Party/FreeRTOS/Source/portable/MemMang/heap_4.c.obj
 .bss.xMinimumEverFreeBytesRemaining
                0x20004eb0        0x4 CMakeFiles/final_embebidos_v2.elf.dir/Middlewares/Third_Party/FreeRTOS/Source/portable/MemMang/heap_4.c.obj
 .bss.xStart    0x20004eb4        0x8 CMakeFiles/final_embebidos_v2.elf.dir/Middlewares/Third_Party/FreeRTOS/Source/portable/MemMang/heap_4.c.obj
 .bss.xQueueRegistry
                0x20004ebc       0x40 CMakeFiles/final_embebidos_v2.elf.dir/Middlewares/Third_Party/FreeRTOS/Source/queue.c.obj
                0x20004ebc                xQueueRegistry
 .bss.pxCurrentTCB
                0x20004efc        0x4 CMakeFiles/final_embebidos_v2.elf.dir/Middlewares/Third_Party/FreeRTOS/Source/tasks.c.obj
                0x20004efc                pxCurrentTCB
 .bss.pxDelayedTaskList
                0x20004f00        0x4 CMakeFiles/final_embebidos_v2.elf.dir/Middlewares/Third_Party/FreeRTOS/Source/tasks.c.obj
 .bss.pxOverflowDelayedTaskList
                0x20004f04        0x4 CMakeFiles/final_embebidos_v2.elf.dir/Middlewares/Third_Party/FreeRTOS/Source/tasks.c.obj
 .bss.pxReadyTasksLists
                0x20004f08      0x460 CMakeFiles/final_embebidos_v2.elf.dir/Middlewares/Third_Party/FreeRTOS/Source/tasks.c.obj
 .bss.uxCurrentNumberOfTasks
                0x20005368        0x4 CMakeFiles/final_embebidos_v2.elf.dir/Middlewares/Third_Party/FreeRTOS/Source/tasks.c.obj
 .bss.uxDeletedTasksWaitingCleanUp
                0x2000536c        0x4 CMakeFiles/final_embebidos_v2.elf.dir/Middlewares/Third_Party/FreeRTOS/Source/tasks.c.obj
 .bss.uxPendedTicks
                0x20005370        0x4 CMakeFiles/final_embebidos_v2.elf.dir/Middlewares/Third_Party/FreeRTOS/Source/tasks.c.obj
 .bss.uxSchedulerSuspended
                0x20005374        0x4 CMakeFiles/final_embebidos_v2.elf.dir/Middlewares/Third_Party/FreeRTOS/Source/tasks.c.obj
 .bss.uxTaskNumber
                0x20005378        0x4 CMakeFiles/final_embebidos_v2.elf.dir/Middlewares/Third_Party/FreeRTOS/Source/tasks.c.obj
 .bss.uxTopReadyPriority
                0x2000537c        0x4 CMakeFiles/final_embebidos_v2.elf.dir/Middlewares/Third_Party/FreeRTOS/Source/tasks.c.obj
 .bss.xDelayedTaskList1
                0x20005380       0x14 CMakeFiles/final_embebidos_v2.elf.dir/Middlewares/Third_Party/FreeRTOS/Source/tasks.c.obj
 .bss.xDelayedTaskList2
                0x20005394       0x14 CMakeFiles/final_embebidos_v2.elf.dir/Middlewares/Third_Party/FreeRTOS/Source/tasks.c.obj
 .bss.xNextTaskUnblockTime
                0x200053a8        0x4 CMakeFiles/final_embebidos_v2.elf.dir/Middlewares/Third_Party/FreeRTOS/Source/tasks.c.obj
 .bss.xNumOfOverflows
                0x200053ac        0x4 CMakeFiles/final_embebidos_v2.elf.dir/Middlewares/Third_Party/FreeRTOS/Source/tasks.c.obj
 .bss.xPendingReadyList
                0x200053b0       0x14 CMakeFiles/final_embebidos_v2.elf.dir/Middlewares/Third_Party/FreeRTOS/Source/tasks.c.obj
 .bss.xSchedulerRunning
                0x200053c4        0x4 CMakeFiles/final_embebidos_v2.elf.dir/Middlewares/Third_Party/FreeRTOS/Source/tasks.c.obj
 .bss.xSuspendedTaskList
                0x200053c8       0x14 CMakeFiles/final_embebidos_v2.elf.dir/Middlewares/Third_Party/FreeRTOS/Source/tasks.c.obj
 .bss.xTasksWaitingTermination
                0x200053dc       0x14 CMakeFiles/final_embebidos_v2.elf.dir/Middlewares/Third_Party/FreeRTOS/Source/tasks.c.obj
 .bss.xTickCount
                0x200053f0        0x4 CMakeFiles/final_embebidos_v2.elf.dir/Middlewares/Third_Party/FreeRTOS/Source/tasks.c.obj
 .bss.xYieldPending
                0x200053f4        0x4 CMakeFiles/final_embebidos_v2.elf.dir/Middlewares/Third_Party/FreeRTOS/Source/tasks.c.obj
 .bss.pxCurrentTimerList
                0x200053f8        0x4 CMakeFiles/final_embebidos_v2.elf.dir/Middlewares/Third_Party/FreeRTOS/Source/timers.c.obj
 .bss.pxOverflowTimerList
                0x200053fc        0x4 CMakeFiles/final_embebidos_v2.elf.dir/Middlewares/Third_Party/FreeRTOS/Source/timers.c.obj
 .bss.ucStaticTimerQueueStorage.6930
                0x20005400       0xa0 CMakeFiles/final_embebidos_v2.elf.dir/Middlewares/Third_Party/FreeRTOS/Source/timers.c.obj
 .bss.xActiveTimerList1
                0x200054a0       0x14 CMakeFiles/final_embebidos_v2.elf.dir/Middlewares/Third_Party/FreeRTOS/Source/timers.c.obj
 .bss.xActiveTimerList2
                0x200054b4       0x14 CMakeFiles/final_embebidos_v2.elf.dir/Middlewares/Third_Party/FreeRTOS/Source/timers.c.obj
 .bss.xLastTime.6879
                0x200054c8        0x4 CMakeFiles/final_embebidos_v2.elf.dir/Middlewares/Third_Party/FreeRTOS/Source/timers.c.obj
 .bss.xStaticTimerQueue.6929
                0x200054cc       0x50 CMakeFiles/final_embebidos_v2.elf.dir/Middlewares/Third_Party/FreeRTOS/Source/timers.c.obj
 .bss.xTimerQueue
                0x2000551c        0x4 CMakeFiles/final_embebidos_v2.elf.dir/Middlewares/Third_Party/FreeRTOS/Source/timers.c.obj
 .bss.xTimerTaskHandle
                0x20005520        0x4 CMakeFiles/final_embebidos_v2.elf.dir/Middlewares/Third_Party/FreeRTOS/Source/timers.c.obj
 .bss.__malloc_current_mallinfo
                0x20005524       0x28 c:/progra~1/jetbra~1/gcc-ar~1/bin/../lib/gcc/arm-none-eabi/8.3.1/../../../../arm-none-eabi/lib/thumb/v7e-m+fp/hard\libg.a(lib_a-mallocr.o)
                0x20005524                __malloc_current_mallinfo
 .bss.__malloc_max_sbrked_mem
                0x2000554c        0x4 c:/progra~1/jetbra~1/gcc-ar~1/bin/../lib/gcc/arm-none-eabi/8.3.1/../../../../arm-none-eabi/lib/thumb/v7e-m+fp/hard\libg.a(lib_a-mallocr.o)
                0x2000554c                __malloc_max_sbrked_mem
 .bss.__malloc_max_total_mem
                0x20005550        0x4 c:/progra~1/jetbra~1/gcc-ar~1/bin/../lib/gcc/arm-none-eabi/8.3.1/../../../../arm-none-eabi/lib/thumb/v7e-m+fp/hard\libg.a(lib_a-mallocr.o)
                0x20005550                __malloc_max_total_mem
 .bss.__malloc_top_pad
                0x20005554        0x4 c:/progra~1/jetbra~1/gcc-ar~1/bin/../lib/gcc/arm-none-eabi/8.3.1/../../../../arm-none-eabi/lib/thumb/v7e-m+fp/hard\libg.a(lib_a-mallocr.o)
                0x20005554                __malloc_top_pad
 *(COMMON)
 COMMON         0x20005558       0x21 c:/progra~1/jetbra~1/gcc-ar~1/bin/../lib/gcc/arm-none-eabi/8.3.1/../../../../arm-none-eabi/lib/thumb/v7e-m+fp/hard\libg.a(lib_a-lock.o)
                0x20005558                __lock___atexit_recursive_mutex
                0x2000555c                __lock___arc4random_mutex
                0x20005560                __lock___env_recursive_mutex
                0x20005564                __lock___sinit_recursive_mutex
                0x20005568                __lock___malloc_recursive_mutex
                0x2000556c                __lock___at_quick_exit_mutex
                0x20005570                __lock___dd_hash_mutex
                0x20005574                __lock___tz_mutex
                0x20005578                __lock___sfp_recursive_mutex
 *fill*         0x20005579        0x3 
 COMMON         0x2000557c        0x4 c:/progra~1/jetbra~1/gcc-ar~1/bin/../lib/gcc/arm-none-eabi/8.3.1/../../../../arm-none-eabi/lib/thumb/v7e-m+fp/hard\libg.a(lib_a-reent.o)
                0x2000557c                errno
                0x20005580                . = ALIGN (0x4)
                0x20005580                _ebss = .
                0x20005580                __bss_end__ = _ebss

._user_heap_stack
                0x20005580      0x600 load address 0x08009eec
                0x20005580                . = ALIGN (0x8)
                [!provide]                PROVIDE (end = .)
                0x20005580                PROVIDE (_end = .)
                0x20005780                . = (. + _Min_Heap_Size)
 *fill*         0x20005580      0x200 
                0x20005b80                . = (. + _Min_Stack_Size)
 *fill*         0x20005780      0x400 
                0x20005b80                . = ALIGN (0x8)

/DISCARD/
 libc.a(*)
 libm.a(*)
 libgcc.a(*)

.ARM.attributes
                0x00000000       0x30
 *(.ARM.attributes)
 .ARM.attributes
                0x00000000       0x1e c:/progra~1/jetbra~1/gcc-ar~1/bin/../lib/gcc/arm-none-eabi/8.3.1/thumb/v7e-m+fp/hard/crti.o
 .ARM.attributes
                0x0000001e       0x34 c:/progra~1/jetbra~1/gcc-ar~1/bin/../lib/gcc/arm-none-eabi/8.3.1/thumb/v7e-m+fp/hard/crtbegin.o
 .ARM.attributes
                0x00000052       0x34 CMakeFiles/final_embebidos_v2.elf.dir/Core/Src/Timer_Delay.c.obj
 .ARM.attributes
                0x00000086       0x34 CMakeFiles/final_embebidos_v2.elf.dir/Core/Src/lcd16x2_i2c.c.obj
 .ARM.attributes
                0x000000ba       0x34 CMakeFiles/final_embebidos_v2.elf.dir/Core/Src/main.c.obj
 .ARM.attributes
                0x000000ee       0x34 CMakeFiles/final_embebidos_v2.elf.dir/Core/Src/stm32f4xx_hal_msp.c.obj
 .ARM.attributes
                0x00000122       0x34 CMakeFiles/final_embebidos_v2.elf.dir/Core/Src/stm32f4xx_hal_timebase_tim.c.obj
 .ARM.attributes
                0x00000156       0x34 CMakeFiles/final_embebidos_v2.elf.dir/Core/Src/stm32f4xx_it.c.obj
 .ARM.attributes
                0x0000018a       0x34 CMakeFiles/final_embebidos_v2.elf.dir/Core/Src/sysmem.c.obj
 .ARM.attributes
                0x000001be       0x34 CMakeFiles/final_embebidos_v2.elf.dir/Core/Src/system_stm32f4xx.c.obj
 .ARM.attributes
                0x000001f2       0x21 CMakeFiles/final_embebidos_v2.elf.dir/Core/Startup/startup_stm32f411vetx.s.obj
 .ARM.attributes
                0x00000213       0x34 CMakeFiles/final_embebidos_v2.elf.dir/Drivers/STM32F4xx_HAL_Driver/Src/stm32f4xx_hal.c.obj
 .ARM.attributes
                0x00000247       0x34 CMakeFiles/final_embebidos_v2.elf.dir/Drivers/STM32F4xx_HAL_Driver/Src/stm32f4xx_hal_adc.c.obj
 .ARM.attributes
                0x0000027b       0x34 CMakeFiles/final_embebidos_v2.elf.dir/Drivers/STM32F4xx_HAL_Driver/Src/stm32f4xx_hal_cortex.c.obj
 .ARM.attributes
                0x000002af       0x34 CMakeFiles/final_embebidos_v2.elf.dir/Drivers/STM32F4xx_HAL_Driver/Src/stm32f4xx_hal_gpio.c.obj
 .ARM.attributes
                0x000002e3       0x34 CMakeFiles/final_embebidos_v2.elf.dir/Drivers/STM32F4xx_HAL_Driver/Src/stm32f4xx_hal_i2c.c.obj
 .ARM.attributes
                0x00000317       0x34 CMakeFiles/final_embebidos_v2.elf.dir/Drivers/STM32F4xx_HAL_Driver/Src/stm32f4xx_hal_rcc.c.obj
 .ARM.attributes
                0x0000034b       0x34 CMakeFiles/final_embebidos_v2.elf.dir/Drivers/STM32F4xx_HAL_Driver/Src/stm32f4xx_hal_tim.c.obj
 .ARM.attributes
                0x0000037f       0x34 CMakeFiles/final_embebidos_v2.elf.dir/Drivers/STM32F4xx_HAL_Driver/Src/stm32f4xx_hal_tim_ex.c.obj
 .ARM.attributes
                0x000003b3       0x34 CMakeFiles/final_embebidos_v2.elf.dir/Middlewares/Third_Party/FreeRTOS/Source/CMSIS_RTOS_V2/cmsis_os2.c.obj
 .ARM.attributes
                0x000003e7       0x34 CMakeFiles/final_embebidos_v2.elf.dir/Middlewares/Third_Party/FreeRTOS/Source/list.c.obj
 .ARM.attributes
                0x0000041b       0x34 CMakeFiles/final_embebidos_v2.elf.dir/Middlewares/Third_Party/FreeRTOS/Source/portable/GCC/ARM_CM4F/port.c.obj
 .ARM.attributes
                0x0000044f       0x34 CMakeFiles/final_embebidos_v2.elf.dir/Middlewares/Third_Party/FreeRTOS/Source/portable/MemMang/heap_4.c.obj
 .ARM.attributes
                0x00000483       0x34 CMakeFiles/final_embebidos_v2.elf.dir/Middlewares/Third_Party/FreeRTOS/Source/queue.c.obj
 .ARM.attributes
                0x000004b7       0x34 CMakeFiles/final_embebidos_v2.elf.dir/Middlewares/Third_Party/FreeRTOS/Source/tasks.c.obj
 .ARM.attributes
                0x000004eb       0x34 CMakeFiles/final_embebidos_v2.elf.dir/Middlewares/Third_Party/FreeRTOS/Source/timers.c.obj
 .ARM.attributes
                0x0000051f       0x1e c:/progra~1/jetbra~1/gcc-ar~1/bin/../lib/gcc/arm-none-eabi/8.3.1/thumb/v7e-m+fp/hard\libgcc.a(_aeabi_uldivmod.o)
 .ARM.attributes
                0x0000053d       0x34 c:/progra~1/jetbra~1/gcc-ar~1/bin/../lib/gcc/arm-none-eabi/8.3.1/thumb/v7e-m+fp/hard\libgcc.a(_udivmoddi4.o)
 .ARM.attributes
                0x00000571       0x1e c:/progra~1/jetbra~1/gcc-ar~1/bin/../lib/gcc/arm-none-eabi/8.3.1/thumb/v7e-m+fp/hard\libgcc.a(_dvmd_tls.o)
 .ARM.attributes
                0x0000058f       0x34 c:/progra~1/jetbra~1/gcc-ar~1/bin/../lib/gcc/arm-none-eabi/8.3.1/../../../../arm-none-eabi/lib/thumb/v7e-m+fp/hard\libg.a(lib_a-errno.o)
 .ARM.attributes
                0x000005c3       0x32 c:/progra~1/jetbra~1/gcc-ar~1/bin/../lib/gcc/arm-none-eabi/8.3.1/../../../../arm-none-eabi/lib/thumb/v7e-m+fp/hard\libg.a(lib_a-impure.o)
 .ARM.attributes
                0x000005f5       0x34 c:/progra~1/jetbra~1/gcc-ar~1/bin/../lib/gcc/arm-none-eabi/8.3.1/../../../../arm-none-eabi/lib/thumb/v7e-m+fp/hard\libg.a(lib_a-init.o)
 .ARM.attributes
                0x00000629       0x1c c:/progra~1/jetbra~1/gcc-ar~1/bin/../lib/gcc/arm-none-eabi/8.3.1/../../../../arm-none-eabi/lib/thumb/v7e-m+fp/hard\libg.a(lib_a-memcpy.o)
 .ARM.attributes
                0x00000645       0x34 c:/progra~1/jetbra~1/gcc-ar~1/bin/../lib/gcc/arm-none-eabi/8.3.1/../../../../arm-none-eabi/lib/thumb/v7e-m+fp/hard\libg.a(lib_a-memset.o)
 .ARM.attributes
                0x00000679       0x1c c:/progra~1/jetbra~1/gcc-ar~1/bin/../lib/gcc/arm-none-eabi/8.3.1/../../../../arm-none-eabi/lib/thumb/v7e-m+fp/hard\libg.a(lib_a-strlen.o)
 .ARM.attributes
                0x00000695       0x34 c:/progra~1/jetbra~1/gcc-ar~1/bin/../lib/gcc/arm-none-eabi/8.3.1/../../../../arm-none-eabi/lib/thumb/v7e-m+fp/hard\libg.a(lib_a-vsprintf.o)
 .ARM.attributes
                0x000006c9       0x34 c:/progra~1/jetbra~1/gcc-ar~1/bin/../lib/gcc/arm-none-eabi/8.3.1/../../../../arm-none-eabi/lib/thumb/v7e-m+fp/hard\libg.a(lib_a-__call_atexit.o)
 .ARM.attributes
                0x000006fd       0x34 c:/progra~1/jetbra~1/gcc-ar~1/bin/../lib/gcc/arm-none-eabi/8.3.1/../../../../arm-none-eabi/lib/thumb/v7e-m+fp/hard\libg.a(lib_a-atexit.o)
 .ARM.attributes
                0x00000731       0x34 c:/progra~1/jetbra~1/gcc-ar~1/bin/../lib/gcc/arm-none-eabi/8.3.1/../../../../arm-none-eabi/lib/thumb/v7e-m+fp/hard\libg.a(lib_a-fini.o)
 .ARM.attributes
                0x00000765       0x34 c:/progra~1/jetbra~1/gcc-ar~1/bin/../lib/gcc/arm-none-eabi/8.3.1/../../../../arm-none-eabi/lib/thumb/v7e-m+fp/hard\libg.a(lib_a-lock.o)
 .ARM.attributes
                0x00000799       0x34 c:/progra~1/jetbra~1/gcc-ar~1/bin/../lib/gcc/arm-none-eabi/8.3.1/../../../../arm-none-eabi/lib/thumb/v7e-m+fp/hard\libg.a(lib_a-svfprintf.o)
 .ARM.attributes
                0x000007cd       0x34 c:/progra~1/jetbra~1/gcc-ar~1/bin/../lib/gcc/arm-none-eabi/8.3.1/../../../../arm-none-eabi/lib/thumb/v7e-m+fp/hard\libg.a(lib_a-__atexit.o)
 .ARM.attributes
                0x00000801       0x34 c:/progra~1/jetbra~1/gcc-ar~1/bin/../lib/gcc/arm-none-eabi/8.3.1/../../../../arm-none-eabi/lib/thumb/v7e-m+fp/hard\libg.a(lib_a-dtoa.o)
 .ARM.attributes
                0x00000835       0x34 c:/progra~1/jetbra~1/gcc-ar~1/bin/../lib/gcc/arm-none-eabi/8.3.1/../../../../arm-none-eabi/lib/thumb/v7e-m+fp/hard\libg.a(lib_a-freer.o)
 .ARM.attributes
                0x00000869       0x34 c:/progra~1/jetbra~1/gcc-ar~1/bin/../lib/gcc/arm-none-eabi/8.3.1/../../../../arm-none-eabi/lib/thumb/v7e-m+fp/hard\libg.a(lib_a-localeconv.o)
 .ARM.attributes
                0x0000089d       0x34 c:/progra~1/jetbra~1/gcc-ar~1/bin/../lib/gcc/arm-none-eabi/8.3.1/../../../../arm-none-eabi/lib/thumb/v7e-m+fp/hard\libg.a(lib_a-mallocr.o)
 .ARM.attributes
                0x000008d1       0x1c c:/progra~1/jetbra~1/gcc-ar~1/bin/../lib/gcc/arm-none-eabi/8.3.1/../../../../arm-none-eabi/lib/thumb/v7e-m+fp/hard\libg.a(lib_a-memchr.o)
 .ARM.attributes
                0x000008ed       0x34 c:/progra~1/jetbra~1/gcc-ar~1/bin/../lib/gcc/arm-none-eabi/8.3.1/../../../../arm-none-eabi/lib/thumb/v7e-m+fp/hard\libg.a(lib_a-mlock.o)
 .ARM.attributes
                0x00000921       0x34 c:/progra~1/jetbra~1/gcc-ar~1/bin/../lib/gcc/arm-none-eabi/8.3.1/../../../../arm-none-eabi/lib/thumb/v7e-m+fp/hard\libg.a(lib_a-mprec.o)
 .ARM.attributes
                0x00000955       0x34 c:/progra~1/jetbra~1/gcc-ar~1/bin/../lib/gcc/arm-none-eabi/8.3.1/../../../../arm-none-eabi/lib/thumb/v7e-m+fp/hard\libg.a(lib_a-s_frexp.o)
 .ARM.attributes
                0x00000989       0x34 c:/progra~1/jetbra~1/gcc-ar~1/bin/../lib/gcc/arm-none-eabi/8.3.1/../../../../arm-none-eabi/lib/thumb/v7e-m+fp/hard\libg.a(lib_a-sbrkr.o)
 .ARM.attributes
                0x000009bd       0x34 c:/progra~1/jetbra~1/gcc-ar~1/bin/../lib/gcc/arm-none-eabi/8.3.1/../../../../arm-none-eabi/lib/thumb/v7e-m+fp/hard\libg.a(lib_a-strncpy.o)
 .ARM.attributes
                0x000009f1       0x34 c:/progra~1/jetbra~1/gcc-ar~1/bin/../lib/gcc/arm-none-eabi/8.3.1/../../../../arm-none-eabi/lib/thumb/v7e-m+fp/hard\libg.a(lib_a-svfiprintf.o)
 .ARM.attributes
                0x00000a25       0x34 c:/progra~1/jetbra~1/gcc-ar~1/bin/../lib/gcc/arm-none-eabi/8.3.1/../../../../arm-none-eabi/lib/thumb/v7e-m+fp/hard\libg.a(lib_a-callocr.o)
 .ARM.attributes
                0x00000a59       0x34 c:/progra~1/jetbra~1/gcc-ar~1/bin/../lib/gcc/arm-none-eabi/8.3.1/../../../../arm-none-eabi/lib/thumb/v7e-m+fp/hard\libg.a(lib_a-locale.o)
 .ARM.attributes
                0x00000a8d       0x34 c:/progra~1/jetbra~1/gcc-ar~1/bin/../lib/gcc/arm-none-eabi/8.3.1/../../../../arm-none-eabi/lib/thumb/v7e-m+fp/hard\libg.a(lib_a-mbtowc_r.o)
 .ARM.attributes
                0x00000ac1       0x34 c:/progra~1/jetbra~1/gcc-ar~1/bin/../lib/gcc/arm-none-eabi/8.3.1/../../../../arm-none-eabi/lib/thumb/v7e-m+fp/hard\libg.a(lib_a-memmove.o)
 .ARM.attributes
                0x00000af5       0x34 c:/progra~1/jetbra~1/gcc-ar~1/bin/../lib/gcc/arm-none-eabi/8.3.1/../../../../arm-none-eabi/lib/thumb/v7e-m+fp/hard\libg.a(lib_a-reallocr.o)
 .ARM.attributes
                0x00000b29       0x34 c:/progra~1/jetbra~1/gcc-ar~1/bin/../lib/gcc/arm-none-eabi/8.3.1/../../../../arm-none-eabi/lib/thumb/v7e-m+fp/hard\libg.a(lib_a-reent.o)
 .ARM.attributes
                0x00000b5d       0x34 c:/progra~1/jetbra~1/gcc-ar~1/bin/../lib/gcc/arm-none-eabi/8.3.1/../../../../arm-none-eabi/lib/thumb/v7e-m+fp/hard\libg.a(lib_a-wctomb_r.o)
 .ARM.attributes
                0x00000b91       0x32 c:/progra~1/jetbra~1/gcc-ar~1/bin/../lib/gcc/arm-none-eabi/8.3.1/../../../../arm-none-eabi/lib/thumb/v7e-m+fp/hard\libg.a(lib_a-ctype_.o)
 .ARM.attributes
                0x00000bc3       0x1e c:/progra~1/jetbra~1/gcc-ar~1/bin/../lib/gcc/arm-none-eabi/8.3.1/thumb/v7e-m+fp/hard\libgcc.a(_arm_addsubdf3.o)
 .ARM.attributes
                0x00000be1       0x1e c:/progra~1/jetbra~1/gcc-ar~1/bin/../lib/gcc/arm-none-eabi/8.3.1/thumb/v7e-m+fp/hard\libgcc.a(_arm_muldivdf3.o)
 .ARM.attributes
                0x00000bff       0x1e c:/progra~1/jetbra~1/gcc-ar~1/bin/../lib/gcc/arm-none-eabi/8.3.1/thumb/v7e-m+fp/hard\libgcc.a(_arm_cmpdf2.o)
 .ARM.attributes
                0x00000c1d       0x1e c:/progra~1/jetbra~1/gcc-ar~1/bin/../lib/gcc/arm-none-eabi/8.3.1/thumb/v7e-m+fp/hard\libgcc.a(_arm_unorddf2.o)
 .ARM.attributes
                0x00000c3b       0x1e c:/progra~1/jetbra~1/gcc-ar~1/bin/../lib/gcc/arm-none-eabi/8.3.1/thumb/v7e-m+fp/hard\libgcc.a(_arm_fixdfsi.o)
 .ARM.attributes
                0x00000c59       0x1e c:/progra~1/jetbra~1/gcc-ar~1/bin/../lib/gcc/arm-none-eabi/8.3.1/thumb/v7e-m+fp/hard/crtn.o
OUTPUT(final_embebidos_v2.elf elf32-littlearm)

.debug_info     0x00000000    0x24cfe
 .debug_info    0x00000000      0x8cd CMakeFiles/final_embebidos_v2.elf.dir/Core/Src/Timer_Delay.c.obj
 .debug_info    0x000008cd     0x166e CMakeFiles/final_embebidos_v2.elf.dir/Core/Src/lcd16x2_i2c.c.obj
 .debug_info    0x00001f3b     0x2506 CMakeFiles/final_embebidos_v2.elf.dir/Core/Src/main.c.obj
 .debug_info    0x00004441     0x1421 CMakeFiles/final_embebidos_v2.elf.dir/Core/Src/stm32f4xx_hal_msp.c.obj
 .debug_info    0x00005862      0xc39 CMakeFiles/final_embebidos_v2.elf.dir/Core/Src/stm32f4xx_hal_timebase_tim.c.obj
 .debug_info    0x0000649b      0x748 CMakeFiles/final_embebidos_v2.elf.dir/Core/Src/stm32f4xx_it.c.obj
 .debug_info    0x00006be3      0xa3a CMakeFiles/final_embebidos_v2.elf.dir/Core/Src/sysmem.c.obj
 .debug_info    0x0000761d      0x5e5 CMakeFiles/final_embebidos_v2.elf.dir/Core/Src/system_stm32f4xx.c.obj
 .debug_info    0x00007c02       0x22 CMakeFiles/final_embebidos_v2.elf.dir/Core/Startup/startup_stm32f411vetx.s.obj
 .debug_info    0x00007c24      0xa0b CMakeFiles/final_embebidos_v2.elf.dir/Drivers/STM32F4xx_HAL_Driver/Src/stm32f4xx_hal.c.obj
 .debug_info    0x0000862f      0xf6d CMakeFiles/final_embebidos_v2.elf.dir/Drivers/STM32F4xx_HAL_Driver/Src/stm32f4xx_hal_adc.c.obj
 .debug_info    0x0000959c     0x10d6 CMakeFiles/final_embebidos_v2.elf.dir/Drivers/STM32F4xx_HAL_Driver/Src/stm32f4xx_hal_cortex.c.obj
 .debug_info    0x0000a672      0x893 CMakeFiles/final_embebidos_v2.elf.dir/Drivers/STM32F4xx_HAL_Driver/Src/stm32f4xx_hal_gpio.c.obj
 .debug_info    0x0000af05     0x3a07 CMakeFiles/final_embebidos_v2.elf.dir/Drivers/STM32F4xx_HAL_Driver/Src/stm32f4xx_hal_i2c.c.obj
 .debug_info    0x0000e90c      0xb85 CMakeFiles/final_embebidos_v2.elf.dir/Drivers/STM32F4xx_HAL_Driver/Src/stm32f4xx_hal_rcc.c.obj
 .debug_info    0x0000f491     0x3785 CMakeFiles/final_embebidos_v2.elf.dir/Drivers/STM32F4xx_HAL_Driver/Src/stm32f4xx_hal_tim.c.obj
 .debug_info    0x00012c16     0x172f CMakeFiles/final_embebidos_v2.elf.dir/Drivers/STM32F4xx_HAL_Driver/Src/stm32f4xx_hal_tim_ex.c.obj
 .debug_info    0x00014345     0x599d CMakeFiles/final_embebidos_v2.elf.dir/Middlewares/Third_Party/FreeRTOS/Source/CMSIS_RTOS_V2/cmsis_os2.c.obj
 .debug_info    0x00019ce2      0xb91 CMakeFiles/final_embebidos_v2.elf.dir/Middlewares/Third_Party/FreeRTOS/Source/list.c.obj
 .debug_info    0x0001a873      0x5ff CMakeFiles/final_embebidos_v2.elf.dir/Middlewares/Third_Party/FreeRTOS/Source/portable/GCC/ARM_CM4F/port.c.obj