Archive member included to satisfy reference by file (symbol)

c:/progra~1/jetbra~1/gcc-ar~1/bin/../lib/gcc/arm-none-eabi/8.3.1/thumb/v7e-m+fp/hard\libgcc.a(_arm_addsubdf3.o)
                              CMakeFiles/final_embebidos_v2.elf.dir/Core/Src/bsp_soil_humidity_sensor.c.obj (__aeabi_dsub)
c:/progra~1/jetbra~1/gcc-ar~1/bin/../lib/gcc/arm-none-eabi/8.3.1/thumb/v7e-m+fp/hard\libgcc.a(_arm_muldivdf3.o)
                              CMakeFiles/final_embebidos_v2.elf.dir/Core/Src/bsp_soil_humidity_sensor.c.obj (__aeabi_dmul)
c:/progra~1/jetbra~1/gcc-ar~1/bin/../lib/gcc/arm-none-eabi/8.3.1/thumb/v7e-m+fp/hard\libgcc.a(_arm_fixunsdfsi.o)
                              CMakeFiles/final_embebidos_v2.elf.dir/Core/Src/bsp_soil_humidity_sensor.c.obj (__aeabi_d2uiz)
c:/progra~1/jetbra~1/gcc-ar~1/bin/../lib/gcc/arm-none-eabi/8.3.1/thumb/v7e-m+fp/hard\libgcc.a(_arm_truncdfsf2.o)
                              CMakeFiles/final_embebidos_v2.elf.dir/Core/Src/bsp_temp_hum.c.obj (__aeabi_d2f)
c:/progra~1/jetbra~1/gcc-ar~1/bin/../lib/gcc/arm-none-eabi/8.3.1/thumb/v7e-m+fp/hard\libgcc.a(_aeabi_uldivmod.o)
                              CMakeFiles/final_embebidos_v2.elf.dir/Drivers/STM32F4xx_HAL_Driver/Src/stm32f4xx_hal_rcc.c.obj (__aeabi_uldivmod)
c:/progra~1/jetbra~1/gcc-ar~1/bin/../lib/gcc/arm-none-eabi/8.3.1/thumb/v7e-m+fp/hard\libgcc.a(_udivmoddi4.o)
                              c:/progra~1/jetbra~1/gcc-ar~1/bin/../lib/gcc/arm-none-eabi/8.3.1/thumb/v7e-m+fp/hard\libgcc.a(_aeabi_uldivmod.o) (__udivmoddi4)
c:/progra~1/jetbra~1/gcc-ar~1/bin/../lib/gcc/arm-none-eabi/8.3.1/thumb/v7e-m+fp/hard\libgcc.a(_dvmd_tls.o)
                              c:/progra~1/jetbra~1/gcc-ar~1/bin/../lib/gcc/arm-none-eabi/8.3.1/thumb/v7e-m+fp/hard\libgcc.a(_aeabi_uldivmod.o) (__aeabi_ldiv0)
c:/progra~1/jetbra~1/gcc-ar~1/bin/../lib/gcc/arm-none-eabi/8.3.1/../../../../arm-none-eabi/lib/thumb/v7e-m+fp/hard\libg.a(lib_a-errno.o)
                              CMakeFiles/final_embebidos_v2.elf.dir/Core/Src/syscalls.c.obj (__errno)
c:/progra~1/jetbra~1/gcc-ar~1/bin/../lib/gcc/arm-none-eabi/8.3.1/../../../../arm-none-eabi/lib/thumb/v7e-m+fp/hard\libg.a(lib_a-exit.o)
                              c:/progra~1/jetbra~1/gcc-ar~1/bin/../lib/gcc/arm-none-eabi/8.3.1/../../../../arm-none-eabi/lib/thumb/v7e-m+fp/hard/crt0.o (exit)
c:/progra~1/jetbra~1/gcc-ar~1/bin/../lib/gcc/arm-none-eabi/8.3.1/../../../../arm-none-eabi/lib/thumb/v7e-m+fp/hard\libg.a(lib_a-impure.o)
                              c:/progra~1/jetbra~1/gcc-ar~1/bin/../lib/gcc/arm-none-eabi/8.3.1/../../../../arm-none-eabi/lib/thumb/v7e-m+fp/hard\libg.a(lib_a-exit.o) (_global_impure_ptr)
c:/progra~1/jetbra~1/gcc-ar~1/bin/../lib/gcc/arm-none-eabi/8.3.1/../../../../arm-none-eabi/lib/thumb/v7e-m+fp/hard\libg.a(lib_a-init.o)
                              c:/progra~1/jetbra~1/gcc-ar~1/bin/../lib/gcc/arm-none-eabi/8.3.1/../../../../arm-none-eabi/lib/thumb/v7e-m+fp/hard/crt0.o (__libc_init_array)
c:/progra~1/jetbra~1/gcc-ar~1/bin/../lib/gcc/arm-none-eabi/8.3.1/../../../../arm-none-eabi/lib/thumb/v7e-m+fp/hard\libg.a(lib_a-memcpy.o)
                              CMakeFiles/final_embebidos_v2.elf.dir/Middlewares/Third_Party/FreeRTOS/Source/CMSIS_RTOS_V2/cmsis_os2.c.obj (memcpy)
c:/progra~1/jetbra~1/gcc-ar~1/bin/../lib/gcc/arm-none-eabi/8.3.1/../../../../arm-none-eabi/lib/thumb/v7e-m+fp/hard\libg.a(lib_a-memset.o)
                              c:/progra~1/jetbra~1/gcc-ar~1/bin/../lib/gcc/arm-none-eabi/8.3.1/../../../../arm-none-eabi/lib/thumb/v7e-m+fp/hard/crt0.o (memset)
c:/progra~1/jetbra~1/gcc-ar~1/bin/../lib/gcc/arm-none-eabi/8.3.1/../../../../arm-none-eabi/lib/thumb/v7e-m+fp/hard\libg.a(lib_a-strlen.o)
                              CMakeFiles/final_embebidos_v2.elf.dir/Core/Src/bsp_lcd.c.obj (strlen)
c:/progra~1/jetbra~1/gcc-ar~1/bin/../lib/gcc/arm-none-eabi/8.3.1/../../../../arm-none-eabi/lib/thumb/v7e-m+fp/hard\libg.a(lib_a-vsprintf.o)
                              CMakeFiles/final_embebidos_v2.elf.dir/Core/Src/bsp_lcd.c.obj (vsprintf)
c:/progra~1/jetbra~1/gcc-ar~1/bin/../lib/gcc/arm-none-eabi/8.3.1/../../../../arm-none-eabi/lib/thumb/v7e-m+fp/hard\libg.a(lib_a-__call_atexit.o)
                              c:/progra~1/jetbra~1/gcc-ar~1/bin/../lib/gcc/arm-none-eabi/8.3.1/../../../../arm-none-eabi/lib/thumb/v7e-m+fp/hard\libg.a(lib_a-exit.o) (__call_exitprocs)
c:/progra~1/jetbra~1/gcc-ar~1/bin/../lib/gcc/arm-none-eabi/8.3.1/../../../../arm-none-eabi/lib/thumb/v7e-m+fp/hard\libg.a(lib_a-atexit.o)
                              c:/progra~1/jetbra~1/gcc-ar~1/bin/../lib/gcc/arm-none-eabi/8.3.1/../../../../arm-none-eabi/lib/thumb/v7e-m+fp/hard\libg.a(lib_a-__call_atexit.o) (atexit)
c:/progra~1/jetbra~1/gcc-ar~1/bin/../lib/gcc/arm-none-eabi/8.3.1/../../../../arm-none-eabi/lib/thumb/v7e-m+fp/hard\libg.a(lib_a-fini.o)
[...]
Memory Configuration

Name             Origin             Length             Attributes
RAM              0x20000000         0x00020000         xrw
FLASH            0x08000000         0x00080000         xr
*default*        0x00000000         0xffffffff

Linker script and memory map

LOAD c:/progra~1/jetbra~1/gcc-ar~1/bin/../lib/gcc/arm-none-eabi/8.3.1/thumb/v7e-m+fp/hard/crti.o
LOAD c:/progra~1/jetbra~1/gcc-ar~1/bin/../lib/gcc/arm-none-eabi/8.3.1/thumb/v7e-m+fp/hard/crtbegin.o
LOAD c:/progra~1/jetbra~1/gcc-ar~1/bin/../lib/gcc/arm-none-eabi/8.3.1/../../../../arm-none-eabi/lib/thumb/v7e-m+fp/hard/crt0.o
LOAD CMakeFiles/final_embebidos_v2.elf.dir/Core/Src/bsp.c.obj
LOAD CMakeFiles/final_embebidos_v2.elf.dir/Core/Src/bsp_lcd.c.obj
LOAD CMakeFiles/final_embebidos_v2.elf.dir/Core/Src/bsp_lux_sensor.c.obj
LOAD CMakeFiles/final_embebidos_v2.elf.dir/Core/Src/bsp_soil_humidity_sensor.c.obj
LOAD CMakeFiles/final_embebidos_v2.elf.dir/Core/Src/bsp_temp_hum.c.obj
LOAD CMakeFiles/final_embebidos_v2.elf.dir/Core/Src/freertos.c.obj
LOAD CMakeFiles/final_embebidos_v2.elf.dir/Core/Src/main.c.obj
LOAD CMakeFiles/final_embebidos_v2.elf.dir/Core/Src/stm32f4xx_hal_msp.c.obj
LOAD CMakeFiles/final_embebidos_v2.elf.dir/Core/Src/stm32f4xx_hal_timebase_tim.c.obj
LOAD CMakeFiles/final_embebidos_v2.elf.dir/Core/Src/stm32f4xx_it.c.obj
LOAD CMakeFiles/final_embebidos_v2.elf.dir/Core/Src/syscalls.c.obj
LOAD CMakeFiles/final_embebidos_v2.elf.dir/Core/Src/sysmem.c.obj
LOAD CMakeFiles/final_embebidos_v2.elf.dir/Core/Src/system_stm32f4xx.c.obj
LOAD CMakeFiles/final_embebidos_v2.elf.dir/Core/Startup/startup_stm32f411vetx.s.obj
LOAD CMakeFiles/final_embebidos_v2.elf.dir/Drivers/STM32F4xx_HAL_Driver/Src/stm32f4xx_hal.c.obj
LOAD CMakeFiles/final_embebidos_v2.elf.dir/Drivers/STM32F4xx_HAL_Driver/Src/stm32f4xx_hal_adc.c.obj
LOAD CMakeFiles/final_embebidos_v2.elf.dir/Drivers/STM32F4xx_HAL_Driver/Src/stm32f4xx_hal_adc_ex.c.obj
LOAD CMakeFiles/final_embebidos_v2.elf.dir/Drivers/STM32F4xx_HAL_Driver/Src/stm32f4xx_hal_cortex.c.obj
LOAD CMakeFiles/final_embebidos_v2.elf.dir/Drivers/STM32F4xx_HAL_Driver/Src/stm32f4xx_hal_dma.c.obj
LOAD CMakeFiles/final_embebidos_v2.elf.dir/Drivers/STM32F4xx_HAL_Driver/Src/stm32f4xx_hal_dma_ex.c.obj
LOAD CMakeFiles/final_embebidos_v2.elf.dir/Drivers/STM32F4xx_HAL_Driver/Src/stm32f4xx_hal_exti.c.obj
LOAD CMakeFiles/final_embebidos_v2.elf.dir/Drivers/STM32F4xx_HAL_Driver/Src/stm32f4xx_hal_flash.c.obj
LOAD CMakeFiles/final_embebidos_v2.elf.dir/Drivers/STM32F4xx_HAL_Driver/Src/stm32f4xx_hal_flash_ex.c.obj
LOAD CMakeFiles/final_embebidos_v2.elf.dir/Drivers/STM32F4xx_HAL_Driver/Src/stm32f4xx_hal_flash_ramfunc.c.obj
LOAD CMakeFiles/final_embebidos_v2.elf.dir/Drivers/STM32F4xx_HAL_Driver/Src/stm32f4xx_hal_gpio.c.obj
LOAD CMakeFiles/final_embebidos_v2.elf.dir/Drivers/STM32F4xx_HAL_Driver/Src/stm32f4xx_hal_i2c.c.obj
LOAD CMakeFiles/final_embebidos_v2.elf.dir/Drivers/STM32F4xx_HAL_Driver/Src/stm32f4xx_hal_i2c_ex.c.obj
LOAD CMakeFiles/final_embebidos_v2.elf.dir/Drivers/STM32F4xx_HAL_Driver/Src/stm32f4xx_hal_pwr.c.obj
LOAD CMakeFiles/final_embebidos_v2.elf.dir/Drivers/STM32F4xx_HAL_Driver/Src/stm32f4xx_hal_pwr_ex.c.obj
LOAD CMakeFiles/final_embebidos_v2.elf.dir/Drivers/STM32F4xx_HAL_Driver/Src/stm32f4xx_hal_rcc.c.obj
LOAD CMakeFiles/final_embebidos_v2.elf.dir/Drivers/STM32F4xx_HAL_Driver/Src/stm32f4xx_hal_rcc_ex.c.obj
LOAD CMakeFiles/final_embebidos_v2.elf.dir/Drivers/STM32F4xx_HAL_Driver/Src/stm32f4xx_hal_tim.c.obj
LOAD CMakeFiles/final_embebidos_v2.elf.dir/Drivers/STM32F4xx_HAL_Driver/Src/stm32f4xx_hal_tim_ex.c.obj
LOAD CMakeFiles/final_embebidos_v2.elf.dir/Middlewares/Third_Party/FreeRTOS/Source/CMSIS_RTOS_V2/cmsis_os2.c.obj
LOAD CMakeFiles/final_embebidos_v2.elf.dir/Middlewares/Third_Party/FreeRTOS/Source/croutine.c.obj
LOAD CMakeFiles/final_embebidos_v2.elf.dir/Middlewares/Third_Party/FreeRTOS/Source/event_groups.c.obj
LOAD CMakeFiles/final_embebidos_v2.elf.dir/Middlewares/Third_Party/FreeRTOS/Source/list.c.obj
LOAD CMakeFiles/final_embebidos_v2.elf.dir/Middlewares/Third_Party/FreeRTOS/Source/portable/GCC/ARM_CM4F/port.c.obj
LOAD CMakeFiles/final_embebidos_v2.elf.dir/Middlewares/Third_Party/FreeRTOS/Source/portable/MemMang/heap_4.c.obj
LOAD CMakeFiles/final_embebidos_v2.elf.dir/Middlewares/Third_Party/FreeRTOS/Source/queue.c.obj
LOAD CMakeFiles/final_embebidos_v2.elf.dir/Middlewares/Third_Party/FreeRTOS/Source/stream_buffer.c.obj
LOAD CMakeFiles/final_embebidos_v2.elf.dir/Middlewares/Third_Party/FreeRTOS/Source/tasks.c.obj
LOAD CMakeFiles/final_embebidos_v2.elf.dir/Middlewares/Third_Party/FreeRTOS/Source/timers.c.obj
START GROUP
LOAD c:/progra~1/jetbra~1/gcc-ar~1/bin/../lib/gcc/arm-none-eabi/8.3.1/thumb/v7e-m+fp/hard\libgcc.a
LOAD c:/progra~1/jetbra~1/gcc-ar~1/bin/../lib/gcc/arm-none-eabi/8.3.1/../../../../arm-none-eabi/lib/thumb/v7e-m+fp/hard\libg.a
LOAD c:/progra~1/jetbra~1/gcc-ar~1/bin/../lib/gcc/arm-none-eabi/8.3.1/../../../../arm-none-eabi/lib/thumb/v7e-m+fp/hard\libc.a
END GROUP
LOAD c:/progra~1/jetbra~1/gcc-ar~1/bin/../lib/gcc/arm-none-eabi/8.3.1/thumb/v7e-m+fp/hard/crtend.o
LOAD c:/progra~1/jetbra~1/gcc-ar~1/bin/../lib/gcc/arm-none-eabi/8.3.1/thumb/v7e-m+fp/hard/crtn.o
                0x20020000                _estack = (ORIGIN (RAM) + LENGTH (RAM))
                0x00000200                _Min_Heap_Size = 0x200
                0x00000400                _Min_Stack_Size = 0x400

.isr_vector     0x08000000      0x198
                0x08000000                . = ALIGN (0x4)
 *(.isr_vector)
 .isr_vector    0x08000000      0x198 CMakeFiles/final_embebidos_v2.elf.dir/Core/Startup/startup_stm32f411vetx.s.obj
                0x08000000                g_pfnVectors
                0x08000198                . = ALIGN (0x4)

.text           0x080001c0     0x9c7c
                0x080001c0                . = ALIGN (0x4)
 *(.text)
 .text          0x080001c0       0x40 c:/progra~1/jetbra~1/gcc-ar~1/bin/../lib/gcc/arm-none-eabi/8.3.1/thumb/v7e-m+fp/hard/crtbegin.o
 .text          0x08000200      0x378 c:/progra~1/jetbra~1/gcc-ar~1/bin/../lib/gcc/arm-none-eabi/8.3.1/thumb/v7e-m+fp/hard\libgcc.a(_arm_addsubdf3.o)
                0x08000200                __aeabi_drsub
                0x08000208                __aeabi_dsub
                0x08000208                __subdf3
                0x0800020c                __aeabi_dadd
                0x0800020c                __adddf3
                0x08000484                __floatunsidf
                0x08000484                __aeabi_ui2d
                0x080004a4                __floatsidf
                0x080004a4                __aeabi_i2d
                0x080004c8                __aeabi_f2d
                0x080004c8                __extendsfdf2
                0x0800050c                __floatundidf
                0x0800050c                __aeabi_ul2d
                0x0800051c                __floatdidf
                0x0800051c                __aeabi_l2d
 .text          0x08000578      0x424 c:/progra~1/jetbra~1/gcc-ar~1/bin/../lib/gcc/arm-none-eabi/8.3.1/thumb/v7e-m+fp/hard\libgcc.a(_arm_muldivdf3.o)
                0x08000578                __aeabi_dmul
                0x08000578                __muldf3
                0x080007cc                __divdf3
                0x080007cc                __aeabi_ddiv
 .text          0x0800099c       0x40 c:/progra~1/jetbra~1/gcc-ar~1/bin/../lib/gcc/arm-none-eabi/8.3.1/thumb/v7e-m+fp/hard\libgcc.a(_arm_fixunsdfsi.o)
                0x0800099c                __aeabi_d2uiz
                0x0800099c                __fixunsdfsi
 .text          0x080009dc       0xa0 c:/progra~1/jetbra~1/gcc-ar~1/bin/../lib/gcc/arm-none-eabi/8.3.1/thumb/v7e-m+fp/hard\libgcc.a(_arm_truncdfsf2.o)
                0x080009dc                __truncdfsf2
                0x080009dc                __aeabi_d2f
 .text          0x08000a7c       0x30 c:/progra~1/jetbra~1/gcc-ar~1/bin/../lib/gcc/arm-none-eabi/8.3.1/thumb/v7e-m+fp/hard\libgcc.a(_aeabi_uldivmod.o)
                0x08000a7c                __aeabi_uldivmod
 .text          0x08000aac      0x2d0 c:/progra~1/jetbra~1/gcc-ar~1/bin/../lib/gcc/arm-none-eabi/8.3.1/thumb/v7e-m+fp/hard\libgcc.a(_udivmoddi4.o)
                0x08000aac                __udivmoddi4
 .text          0x08000d7c        0x4 c:/progra~1/jetbra~1/gcc-ar~1/bin/../lib/gcc/arm-none-eabi/8.3.1/thumb/v7e-m+fp/hard\libgcc.a(_dvmd_tls.o)
                0x08000d7c                __aeabi_idiv0
                0x08000d7c                __aeabi_ldiv0
 .text          0x08000d80      0x134 c:/progra~1/jetbra~1/gcc-ar~1/bin/../lib/gcc/arm-none-eabi/8.3.1/../../../../arm-none-eabi/lib/thumb/v7e-m+fp/hard\libg.a(lib_a-memcpy.o)
                0x08000d80                memcpy
 *fill*         0x08000eb4        0xc 
 .text          0x08000ec0       0xdc c:/progra~1/jetbra~1/gcc-ar~1/bin/../lib/gcc/arm-none-eabi/8.3.1/../../../../arm-none-eabi/lib/thumb/v7e-m+fp/hard\libg.a(lib_a-strlen.o)
                0x08000ec0                strlen
 *fill*         0x08000f9c        0x4 
 .text          0x08000fa0       0xa0 c:/progra~1/jetbra~1/gcc-ar~1/bin/../lib/gcc/arm-none-eabi/8.3.1/../../../../arm-none-eabi/lib/thumb/v7e-m+fp/hard\libg.a(lib_a-memchr.o)
                0x08000fa0                memchr
 .text          0x08001040      0x110 c:/progra~1/jetbra~1/gcc-ar~1/bin/../lib/gcc/arm-none-eabi/8.3.1/thumb/v7e-m+fp/hard\libgcc.a(_arm_cmpdf2.o)
                0x08001040                __gtdf2
                0x08001040                __gedf2
                0x08001048                __ltdf2
                0x08001048                __ledf2
                0x08001050                __nedf2
                0x08001050                __eqdf2
                0x08001050                __cmpdf2
                0x080010cc                __aeabi_cdrcmple
                0x080010dc                __aeabi_cdcmpeq
                0x080010dc                __aeabi_cdcmple
                0x080010ec                __aeabi_dcmpeq
                0x08001100                __aeabi_dcmplt
                0x08001114                __aeabi_dcmple
                0x08001128                __aeabi_dcmpge
                0x0800113c                __aeabi_dcmpgt
 .text          0x08001150       0x2c c:/progra~1/jetbra~1/gcc-ar~1/bin/../lib/gcc/arm-none-eabi/8.3.1/thumb/v7e-m+fp/hard\libgcc.a(_arm_unorddf2.o)
                0x08001150                __unorddf2
                0x08001150                __aeabi_dcmpun
 .text          0x0800117c       0x50 c:/progra~1/jetbra~1/gcc-ar~1/bin/../lib/gcc/arm-none-eabi/8.3.1/thumb/v7e-m+fp/hard\libgcc.a(_arm_fixdfsi.o)
                0x0800117c                __aeabi_d2iz
                0x0800117c                __fixdfsi
 *(.text*)
 .text.I2C1_Init
                0x080011cc       0x34 CMakeFiles/final_embebidos_v2.elf.dir/Core/Src/bsp.c.obj
 .text.ADC1_Init
                0x08001200       0x58 CMakeFiles/final_embebidos_v2.elf.dir/Core/Src/bsp.c.obj
 .text.HAL_TIM_Init
                0x08001258       0xa4 CMakeFiles/final_embebidos_v2.elf.dir/Core/Src/bsp.c.obj
                0x08001258                HAL_TIM_Init
 .text.HAL_TIM_PeriodElapsedCallback
                0x080012fc       0x18 CMakeFiles/final_embebidos_v2.elf.dir/Core/Src/bsp.c.obj
                0x080012fc                HAL_TIM_PeriodElapsedCallback
 .text.HAL_ADC_ConvCpltCallback
                0x08001314       0x20 CMakeFiles/final_embebidos_v2.elf.dir/Core/Src/bsp.c.obj
                0x08001314                HAL_ADC_ConvCpltCallback
 .text.BSP_Blocking_delay_ms
                0x08001334       0x20 CMakeFiles/final_embebidos_v2.elf.dir/Core/Src/bsp.c.obj
                0x08001334                BSP_Blocking_delay_ms
 .text.BSP_Blocking_delay_us
                0x08001354       0x24 CMakeFiles/final_embebidos_v2.elf.dir/Core/Src/bsp.c.obj
                0x08001354                BSP_Blocking_delay_us
 .text.SystemClock_Config
                0x08001378       0x94 CMakeFiles/final_embebidos_v2.elf.dir/Core/Src/bsp.c.obj
                0x08001378                SystemClock_Config
 .text.BSP_Init
                0x0800140c       0x3c CMakeFiles/final_embebidos_v2.elf.dir/Core/Src/bsp.c.obj
                0x0800140c                BSP_Init
 .text.BSP_Display_Set_Cursor
                0x08001448        0x8 CMakeFiles/final_embebidos_v2.elf.dir/Core/Src/bsp.c.obj
                0x08001448                BSP_Display_Set_Cursor
 .text.BSP_Display_Print
                0x08001450       0x12 CMakeFiles/final_embebidos_v2.elf.dir/Core/Src/bsp.c.obj
                0x08001450                BSP_Display_Print
 .text.BSP_Display_Print_Custom_Char
                0x08001462        0x8 CMakeFiles/final_embebidos_v2.elf.dir/Core/Src/bsp.c.obj
                0x08001462                BSP_Display_Print_Custom_Char
 .text.BSP_Get_Lux_Meter
                0x0800146a        0x8 CMakeFiles/final_embebidos_v2.elf.dir/Core/Src/bsp.c.obj
                0x0800146a                BSP_Get_Lux_Meter
 *fill*         0x08001472        0x2 
 .text.BSP_Get_Room_Temperature
                0x08001474        0xc CMakeFiles/final_embebidos_v2.elf.dir/Core/Src/bsp.c.obj
                0x08001474                BSP_Get_Room_Temperature
 .text.BSP_Get_Room_Humidity
                0x08001480        0xc CMakeFiles/final_embebidos_v2.elf.dir/Core/Src/bsp.c.obj
                0x08001480                BSP_Get_Room_Humidity
 .text.BSP_Get_Soil_Humidity
                0x0800148c        0xc CMakeFiles/final_embebidos_v2.elf.dir/Core/Src/bsp.c.obj
                0x0800148c                BSP_Get_Soil_Humidity
 .text.BSP_Read_Soil_Humidity
                0x08001498       0x10 CMakeFiles/final_embebidos_v2.elf.dir/Core/Src/bsp.c.obj
                0x08001498                BSP_Read_Soil_Humidity
 .text.BSP_Read_Ambient_Temp_Hum
                0x080014a8       0x10 CMakeFiles/final_embebidos_v2.elf.dir/Core/Src/bsp.c.obj
                0x080014a8                BSP_Read_Ambient_Temp_Hum
 .text.lcd16x2_i2c_sendCommand
                0x080014b8       0x50 CMakeFiles/final_embebidos_v2.elf.dir/Core/Src/bsp_lcd.c.obj
 .text.lcd16x2_i2c_sendData
                0x08001508       0x50 CMakeFiles/final_embebidos_v2.elf.dir/Core/Src/bsp_lcd.c.obj
 .text.lcd16x2_i2c_init
                0x08001558       0xc0 CMakeFiles/final_embebidos_v2.elf.dir/Core/Src/bsp_lcd.c.obj
                0x08001558                lcd16x2_i2c_init
 .text.BSP_LCD_Set_Cursor
                0x08001618       0x1c CMakeFiles/final_embebidos_v2.elf.dir/Core/Src/bsp_lcd.c.obj
                0x08001618                BSP_LCD_Set_Cursor
 .text.lcd16x2_i2c_clear
                0x08001634       0x10 CMakeFiles/final_embebidos_v2.elf.dir/Core/Src/bsp_lcd.c.obj
                0x08001634                lcd16x2_i2c_clear
 .text.BSP_LCD_Print
                0x08001644       0x40 CMakeFiles/final_embebidos_v2.elf.dir/Core/Src/bsp_lcd.c.obj
                0x08001644                BSP_LCD_Print
 .text.lcd16x2_i2c_create_char
                0x08001684       0x24 CMakeFiles/final_embebidos_v2.elf.dir/Core/Src/bsp_lcd.c.obj
                0x08001684                lcd16x2_i2c_create_char
 .text.lcd16x2_i2c_create_custom_chars
                0x080016a8       0x20 CMakeFiles/final_embebidos_v2.elf.dir/Core/Src/bsp_lcd.c.obj
                0x080016a8                lcd16x2_i2c_create_custom_chars
 .text.lcd16x2_i2c_create_init_custom_chars
                0x080016c8       0x20 CMakeFiles/final_embebidos_v2.elf.dir/Core/Src/bsp_lcd.c.obj
                0x080016c8                lcd16x2_i2c_create_init_custom_chars
 .text.BSP_LCD_Print_Custom_Char
                0x080016e8        0x8 CMakeFiles/final_embebidos_v2.elf.dir/Core/Src/bsp_lcd.c.obj
                0x080016e8                BSP_LCD_Print_Custom_Char
 .text.BSP_LCD_Initialize
                0x080016f0       0x50 CMakeFiles/final_embebidos_v2.elf.dir/Core/Src/bsp_lcd.c.obj
                0x080016f0                BSP_LCD_Initialize
 .text.BH1750_Reset
                0x08001740       0x30 CMakeFiles/final_embebidos_v2.elf.dir/Core/Src/bsp_lux_sensor.c.obj
                0x08001740                BH1750_Reset
 .text.BH1750_SetMode
                0x08001770       0x50 CMakeFiles/final_embebidos_v2.elf.dir/Core/Src/bsp_lux_sensor.c.obj
                0x08001770                BH1750_SetMode
 .text.BH1750_SetMtreg
                0x080017c0       0x74 CMakeFiles/final_embebidos_v2.elf.dir/Core/Src/bsp_lux_sensor.c.obj
                0x080017c0                BH1750_SetMtreg
 .text.BH1750_Init
                0x08001834       0x28 CMakeFiles/final_embebidos_v2.elf.dir/Core/Src/bsp_lux_sensor.c.obj
                0x08001834                BH1750_Init
 .text.BH1750_ReadLight
                0x0800185c       0x8c CMakeFiles/final_embebidos_v2.elf.dir/Core/Src/bsp_lux_sensor.c.obj
                0x0800185c                BH1750_ReadLight
 .text.BSP_Soil_Humidity_Get_Humidity
                0x080018e8       0x58 CMakeFiles/final_embebidos_v2.elf.dir/Core/Src/bsp_soil_humidity_sensor.c.obj
                0x080018e8                BSP_Soil_Humidity_Get_Humidity
 .text.Set_Pin_Output
                0x08001940       0x20 CMakeFiles/final_embebidos_v2.elf.dir/Core/Src/bsp_temp_hum.c.obj
                0x08001940                Set_Pin_Output
 .text.Set_Pin_Input
                0x08001960       0x20 CMakeFiles/final_embebidos_v2.elf.dir/Core/Src/bsp_temp_hum.c.obj
                0x08001960                Set_Pin_Input
 .text.BSP_DHT_Init
                0x08001980       0x34 CMakeFiles/final_embebidos_v2.elf.dir/Core/Src/bsp_temp_hum.c.obj
                0x08001980                BSP_DHT_Init
 .text.DHT_Start
                0x080019b4       0x34 CMakeFiles/final_embebidos_v2.elf.dir/Core/Src/bsp_temp_hum.c.obj
                0x080019b4                DHT_Start
 .text.DHT_Check_Response
                0x080019e8       0x44 CMakeFiles/final_embebidos_v2.elf.dir/Core/Src/bsp_temp_hum.c.obj
                0x080019e8                DHT_Check_Response
 .text.DHT_Read
                0x08001a2c       0x70 CMakeFiles/final_embebidos_v2.elf.dir/Core/Src/bsp_temp_hum.c.obj
                0x08001a2c                DHT_Read
 .text.DHT_GetData
                0x08001a9c       0xb0 CMakeFiles/final_embebidos_v2.elf.dir/Core/Src/bsp_temp_hum.c.obj
                0x08001a9c                DHT_GetData
 .text.StartLux
                0x08001b4c       0x2c CMakeFiles/final_embebidos_v2.elf.dir/Core/Src/main.c.obj
                0x08001b4c                StartLux
 .text.StartAmbientTempHum
                0x08001b78       0x5c CMakeFiles/final_embebidos_v2.elf.dir/Core/Src/main.c.obj
                0x08001b78                StartAmbientTempHum
 .text.StartSoilHum
                0x08001bd4       0x10 CMakeFiles/final_embebidos_v2.elf.dir/Core/Src/main.c.obj
                0x08001bd4                StartSoilHum
 .text.main     0x08001be4       0xb0 CMakeFiles/final_embebidos_v2.elf.dir/Core/Src/main.c.obj
                0x08001be4                main
 .text.APP_Display_Lux_Meter
                0x08001c94       0x2c CMakeFiles/final_embebidos_v2.elf.dir/Core/Src/main.c.obj
                0x08001c94                APP_Display_Lux_Meter
 .text.APP_Display_Room_Temperature
                0x08001cc0       0x34 CMakeFiles/final_embebidos_v2.elf.dir/Core/Src/main.c.obj
                0x08001cc0                APP_Display_Room_Temperature
 .text.APP_Display_Soil_Humidity
                0x08001cf4       0x28 CMakeFiles/final_embebidos_v2.elf.dir/Core/Src/main.c.obj
                0x08001cf4                APP_Display_Soil_Humidity
 .text.APP_Display_Room_Humidity
                0x08001d1c       0x6c CMakeFiles/final_embebidos_v2.elf.dir/Core/Src/main.c.obj
                0x08001d1c                APP_Display_Room_Humidity
 .text.StartDisplay
                0x08001d88       0x98 CMakeFiles/final_embebidos_v2.elf.dir/Core/Src/main.c.obj
                0x08001d88                StartDisplay
 .text.HAL_MspInit
                0x08001e20       0x44 CMakeFiles/final_embebidos_v2.elf.dir/Core/Src/stm32f4xx_hal_msp.c.obj
                0x08001e20                HAL_MspInit
 .text.HAL_ADC_MspInit
                0x08001e64       0x78 CMakeFiles/final_embebidos_v2.elf.dir/Core/Src/stm32f4xx_hal_msp.c.obj
                0x08001e64                HAL_ADC_MspInit
 .text.HAL_I2C_MspInit
                0x08001edc       0x74 CMakeFiles/final_embebidos_v2.elf.dir/Core/Src/stm32f4xx_hal_msp.c.obj
                0x08001edc                HAL_I2C_MspInit
 .text.HAL_TIM_Base_MspInit
                0x08001f50       0xc0 CMakeFiles/final_embebidos_v2.elf.dir/Core/Src/stm32f4xx_hal_msp.c.obj
                0x08001f50                HAL_TIM_Base_MspInit
 .text.HAL_InitTick
                0x08002010       0x7c CMakeFiles/final_embebidos_v2.elf.dir/Core/Src/stm32f4xx_hal_timebase_tim.c.obj
                0x08002010                HAL_InitTick
 .text.NMI_Handler
                0x0800208c        0x2 CMakeFiles/final_embebidos_v2.elf.dir/Core/Src/stm32f4xx_it.c.obj
                0x0800208c                NMI_Handler
 .text.HardFault_Handler
                0x0800208e        0x2 CMakeFiles/final_embebidos_v2.elf.dir/Core/Src/stm32f4xx_it.c.obj
                0x0800208e                HardFault_Handler
 .text.MemManage_Handler
                0x08002090        0x2 CMakeFiles/final_embebidos_v2.elf.dir/Core/Src/stm32f4xx_it.c.obj
                0x08002090                MemManage_Handler
 .text.BusFault_Handler
                0x08002092        0x2 CMakeFiles/final_embebidos_v2.elf.dir/Core/Src/stm32f4xx_it.c.obj
                0x08002092                BusFault_Handler
 .text.UsageFault_Handler
                0x08002094        0x2 CMakeFiles/final_embebidos_v2.elf.dir/Core/Src/stm32f4xx_it.c.obj
                0x08002094                UsageFault_Handler
 .text.DebugMon_Handler
                0x08002096        0x2 CMakeFiles/final_embebidos_v2.elf.dir/Core/Src/stm32f4xx_it.c.obj
                0x08002096                DebugMon_Handler
 .text.TIM1_UP_TIM10_IRQHandler
                0x08002098       0x18 CMakeFiles/final_embebidos_v2.elf.dir/Core/Src/stm32f4xx_it.c.obj
                0x08002098                TIM1_UP_TIM10_IRQHandler
 .text.ADC_IRQHandler
                0x080020b0       0x10 CMakeFiles/final_embebidos_v2.elf.dir/Core/Src/stm32f4xx_it.c.obj
                0x080020b0                ADC_IRQHandler
 .text._sbrk    0x080020c0       0x48 CMakeFiles/final_embebidos_v2.elf.dir/Core/Src/sysmem.c.obj
                0x080020c0                _sbrk
 .text.SystemInit
                0x08002108       0x1c CMakeFiles/final_embebidos_v2.elf.dir/Core/Src/system_stm32f4xx.c.obj
                0x08002108                SystemInit
 .text.Reset_Handler
                0x08002124       0x50 CMakeFiles/final_embebidos_v2.elf.dir/Core/Startup/startup_stm32f411vetx.s.obj
                0x08002124                Reset_Handler
 .text.Default_Handler
                0x08002174        0x2 CMakeFiles/final_embebidos_v2.elf.dir/Core/Startup/startup_stm32f411vetx.s.obj
                0x08002174                RTC_Alarm_IRQHandler
                0x08002174                EXTI2_IRQHandler
                0x08002174                SPI4_IRQHandler
                0x08002174                TIM1_CC_IRQHandler
                0x08002174                DMA2_Stream5_IRQHandler
                0x08002174                DMA1_Stream5_IRQHandler
                0x08002174                PVD_IRQHandler
                0x08002174                SDIO_IRQHandler
                0x08002174                TAMP_STAMP_IRQHandler
                0x08002174                EXTI3_IRQHandler
                0x08002174                I2C3_ER_IRQHandler
                0x08002174                EXTI0_IRQHandler
                0x08002174                I2C2_EV_IRQHandler
                0x08002174                DMA1_Stream2_IRQHandler
                0x08002174                FPU_IRQHandler
                0x08002174                DMA2_Stream2_IRQHandler
                0x08002174                SPI1_IRQHandler
                0x08002174                TIM1_BRK_TIM9_IRQHandler
                0x08002174                DMA2_Stream3_IRQHandler
                0x08002174                USART6_IRQHandler
                0x08002174                DMA2_Stream0_IRQHandler
                0x08002174                TIM4_IRQHandler
                0x08002174                I2C1_EV_IRQHandler
                0x08002174                DMA1_Stream6_IRQHandler
                0x08002174                DMA1_Stream1_IRQHandler
                0x08002174                TIM3_IRQHandler
                0x08002174                RCC_IRQHandler
                0x08002174                Default_Handler
                0x08002174                EXTI15_10_IRQHandler
                0x08002174                DMA1_Stream7_IRQHandler
                0x08002174                SPI5_IRQHandler
                0x08002174                TIM5_IRQHandler
                0x08002174                DMA2_Stream7_IRQHandler
                0x08002174                I2C3_EV_IRQHandler
                0x08002174                EXTI9_5_IRQHandler
                0x08002174                RTC_WKUP_IRQHandler
                0x08002174                SPI2_IRQHandler
                0x08002174                DMA1_Stream0_IRQHandler
                0x08002174                EXTI4_IRQHandler
                0x08002174                WWDG_IRQHandler
                0x08002174                TIM2_IRQHandler
                0x08002174                OTG_FS_WKUP_IRQHandler
                0x08002174                TIM1_TRG_COM_TIM11_IRQHandler
                0x08002174                EXTI1_IRQHandler
                0x08002174                USART2_IRQHandler
                0x08002174                I2C2_ER_IRQHandler
                0x08002174                DMA2_Stream1_IRQHandler
                0x08002174                FLASH_IRQHandler
                0x08002174                DMA2_Stream4_IRQHandler
                0x08002174                USART1_IRQHandler
                0x08002174                OTG_FS_IRQHandler
                0x08002174                SPI3_IRQHandler
                0x08002174                DMA1_Stream4_IRQHandler
                0x08002174                I2C1_ER_IRQHandler
                0x08002174                DMA2_Stream6_IRQHandler
                0x08002174                DMA1_Stream3_IRQHandler
 *fill*         0x08002176        0x2 
 .text.HAL_Init
                0x08002178       0x34 CMakeFiles/final_embebidos_v2.elf.dir/Drivers/STM32F4xx_HAL_Driver/Src/stm32f4xx_hal.c.obj
                0x08002178                HAL_Init
 .text.HAL_IncTick
                0x080021ac       0x18 CMakeFiles/final_embebidos_v2.elf.dir/Drivers/STM32F4xx_HAL_Driver/Src/stm32f4xx_hal.c.obj
                0x080021ac                HAL_IncTick
 .text.HAL_GetTick
                0x080021c4        0xc CMakeFiles/final_embebidos_v2.elf.dir/Drivers/STM32F4xx_HAL_Driver/Src/stm32f4xx_hal.c.obj
                0x080021c4                HAL_GetTick
 .text.ADC_Init
                0x080021d0      0x134 CMakeFiles/final_embebidos_v2.elf.dir/Drivers/STM32F4xx_HAL_Driver/Src/stm32f4xx_hal_adc.c.obj
 .text.HAL_ADC_Init
                0x08002304       0x56 CMakeFiles/final_embebidos_v2.elf.dir/Drivers/STM32F4xx_HAL_Driver/Src/stm32f4xx_hal_adc.c.obj
                0x08002304                HAL_ADC_Init
 *fill*         0x0800235a        0x2 
 .text.HAL_ADC_Start_IT
                0x0800235c      0x108 CMakeFiles/final_embebidos_v2.elf.dir/Drivers/STM32F4xx_HAL_Driver/Src/stm32f4xx_hal_adc.c.obj
                0x0800235c                HAL_ADC_Start_IT
 .text.HAL_ADC_GetValue
                0x08002464        0x6 CMakeFiles/final_embebidos_v2.elf.dir/Drivers/STM32F4xx_HAL_Driver/Src/stm32f4xx_hal_adc.c.obj
                0x08002464                HAL_ADC_GetValue
 .text.HAL_ADC_LevelOutOfWindowCallback
                0x0800246a        0x2 CMakeFiles/final_embebidos_v2.elf.dir/Drivers/STM32F4xx_HAL_Driver/Src/stm32f4xx_hal_adc.c.obj
                0x0800246a                HAL_ADC_LevelOutOfWindowCallback
 .text.HAL_ADC_ErrorCallback
                0x0800246c        0x2 CMakeFiles/final_embebidos_v2.elf.dir/Drivers/STM32F4xx_HAL_Driver/Src/stm32f4xx_hal_adc.c.obj
                0x0800246c                HAL_ADC_ErrorCallback
 .text.HAL_ADC_IRQHandler
                0x0800246e      0x14e CMakeFiles/final_embebidos_v2.elf.dir/Drivers/STM32F4xx_HAL_Driver/Src/stm32f4xx_hal_adc.c.obj
                0x0800246e                HAL_ADC_IRQHandler
 .text.HAL_ADC_ConfigChannel
                0x080025bc      0x1a4 CMakeFiles/final_embebidos_v2.elf.dir/Drivers/STM32F4xx_HAL_Driver/Src/stm32f4xx_hal_adc.c.obj
                0x080025bc                HAL_ADC_ConfigChannel
 .text.HAL_ADCEx_InjectedConvCpltCallback
                0x08002760        0x2 CMakeFiles/final_embebidos_v2.elf.dir/Drivers/STM32F4xx_HAL_Driver/Src/stm32f4xx_hal_adc_ex.c.obj
                0x08002760                HAL_ADCEx_InjectedConvCpltCallback
 *fill*         0x08002762        0x2 
 .text.HAL_NVIC_SetPriorityGrouping
                0x08002764       0x24 CMakeFiles/final_embebidos_v2.elf.dir/Drivers/STM32F4xx_HAL_Driver/Src/stm32f4xx_hal_cortex.c.obj
                0x08002764                HAL_NVIC_SetPriorityGrouping
 .text.HAL_NVIC_SetPriority
                0x08002788       0x68 CMakeFiles/final_embebidos_v2.elf.dir/Drivers/STM32F4xx_HAL_Driver/Src/stm32f4xx_hal_cortex.c.obj
                0x08002788                HAL_NVIC_SetPriority
 .text.HAL_NVIC_EnableIRQ
                0x080027f0       0x1c CMakeFiles/final_embebidos_v2.elf.dir/Drivers/STM32F4xx_HAL_Driver/Src/stm32f4xx_hal_cortex.c.obj
                0x080027f0                HAL_NVIC_EnableIRQ
 .text.HAL_GPIO_Init
                0x0800280c      0x1a4 CMakeFiles/final_embebidos_v2.elf.dir/Drivers/STM32F4xx_HAL_Driver/Src/stm32f4xx_hal_gpio.c.obj
                0x0800280c                HAL_GPIO_Init
 .text.HAL_GPIO_ReadPin
                0x080029b0        0xe CMakeFiles/final_embebidos_v2.elf.dir/Drivers/STM32F4xx_HAL_Driver/Src/stm32f4xx_hal_gpio.c.obj
                0x080029b0                HAL_GPIO_ReadPin
 .text.HAL_GPIO_WritePin
                0x080029be        0xc CMakeFiles/final_embebidos_v2.elf.dir/Drivers/STM32F4xx_HAL_Driver/Src/stm32f4xx_hal_gpio.c.obj
                0x080029be                HAL_GPIO_WritePin
 .text.I2C_IsAcknowledgeFailed
                0x080029ca       0x32 CMakeFiles/final_embebidos_v2.elf.dir/Drivers/STM32F4xx_HAL_Driver/Src/stm32f4xx_hal_i2c.c.obj
 .text.I2C_WaitOnFlagUntilTimeout
                0x080029fc       0x70 CMakeFiles/final_embebidos_v2.elf.dir/Drivers/STM32F4xx_HAL_Driver/Src/stm32f4xx_hal_i2c.c.obj
 .text.I2C_WaitOnMasterAddressFlagUntilTimeout
                0x08002a6c       0xa4 CMakeFiles/final_embebidos_v2.elf.dir/Drivers/STM32F4xx_HAL_Driver/Src/stm32f4xx_hal_i2c.c.obj
 .text.I2C_MasterRequestWrite
                0x08002b10       0xb8 CMakeFiles/final_embebidos_v2.elf.dir/Drivers/STM32F4xx_HAL_Driver/Src/stm32f4xx_hal_i2c.c.obj
 .text.I2C_MasterRequestRead
                0x08002bc8      0x124 CMakeFiles/final_embebidos_v2.elf.dir/Drivers/STM32F4xx_HAL_Driver/Src/stm32f4xx_hal_i2c.c.obj
 .text.I2C_WaitOnTXEFlagUntilTimeout
                0x08002cec       0x54 CMakeFiles/final_embebidos_v2.elf.dir/Drivers/STM32F4xx_HAL_Driver/Src/stm32f4xx_hal_i2c.c.obj
 .text.I2C_WaitOnBTFFlagUntilTimeout
                0x08002d40       0x54 CMakeFiles/final_embebidos_v2.elf.dir/Drivers/STM32F4xx_HAL_Driver/Src/stm32f4xx_hal_i2c.c.obj
 .text.I2C_WaitOnRXNEFlagUntilTimeout
                0x08002d94       0x6a CMakeFiles/final_embebidos_v2.elf.dir/Drivers/STM32F4xx_HAL_Driver/Src/stm32f4xx_hal_i2c.c.obj
 *fill*         0x08002dfe        0x2 
 .text.HAL_I2C_Init
                0x08002e00      0x1b8 CMakeFiles/final_embebidos_v2.elf.dir/Drivers/STM32F4xx_HAL_Driver/Src/stm32f4xx_hal_i2c.c.obj
                0x08002e00                HAL_I2C_Init
 .text.HAL_I2C_Master_Transmit
                0x08002fb8      0x170 CMakeFiles/final_embebidos_v2.elf.dir/Drivers/STM32F4xx_HAL_Driver/Src/stm32f4xx_hal_i2c.c.obj
                0x08002fb8                HAL_I2C_Master_Transmit
 .text.HAL_I2C_Master_Receive
                0x08003128      0x2d0 CMakeFiles/final_embebidos_v2.elf.dir/Drivers/STM32F4xx_HAL_Driver/Src/stm32f4xx_hal_i2c.c.obj
                0x08003128                HAL_I2C_Master_Receive
 .text.HAL_I2C_IsDeviceReady
                0x080033f8      0x194 CMakeFiles/final_embebidos_v2.elf.dir/Drivers/STM32F4xx_HAL_Driver/Src/stm32f4xx_hal_i2c.c.obj
                0x080033f8                HAL_I2C_IsDeviceReady
 .text.HAL_RCC_OscConfig
                0x0800358c      0x3ec CMakeFiles/final_embebidos_v2.elf.dir/Drivers/STM32F4xx_HAL_Driver/Src/stm32f4xx_hal_rcc.c.obj
                0x0800358c                HAL_RCC_OscConfig
 .text.HAL_RCC_GetSysClockFreq
                0x08003978       0xd4 CMakeFiles/final_embebidos_v2.elf.dir/Drivers/STM32F4xx_HAL_Driver/Src/stm32f4xx_hal_rcc.c.obj
                0x08003978                HAL_RCC_GetSysClockFreq
 .text.HAL_RCC_ClockConfig
                0x08003a4c      0x160 CMakeFiles/final_embebidos_v2.elf.dir/Drivers/STM32F4xx_HAL_Driver/Src/stm32f4xx_hal_rcc.c.obj
                0x08003a4c                HAL_RCC_ClockConfig
 .text.HAL_RCC_GetHCLKFreq
                0x08003bac        0xc CMakeFiles/final_embebidos_v2.elf.dir/Drivers/STM32F4xx_HAL_Driver/Src/stm32f4xx_hal_rcc.c.obj
                0x08003bac                HAL_RCC_GetHCLKFreq
 .text.HAL_RCC_GetPCLK1Freq
                0x08003bb8       0x20 CMakeFiles/final_embebidos_v2.elf.dir/Drivers/STM32F4xx_HAL_Driver/Src/stm32f4xx_hal_rcc.c.obj
                0x08003bb8                HAL_RCC_GetPCLK1Freq
 .text.HAL_RCC_GetPCLK2Freq
                0x08003bd8       0x20 CMakeFiles/final_embebidos_v2.elf.dir/Drivers/STM32F4xx_HAL_Driver/Src/stm32f4xx_hal_rcc.c.obj
                0x08003bd8                HAL_RCC_GetPCLK2Freq
 .text.HAL_RCC_GetClockConfig
                0x08003bf8       0x3c CMakeFiles/final_embebidos_v2.elf.dir/Drivers/STM32F4xx_HAL_Driver/Src/stm32f4xx_hal_rcc.c.obj
                0x08003bf8                HAL_RCC_GetClockConfig
 .text.TIM_TI1_ConfigInputStage
                0x08003c34       0x26 CMakeFiles/final_embebidos_v2.elf.dir/Drivers/STM32F4xx_HAL_Driver/Src/stm32f4xx_hal_tim.c.obj
 .text.TIM_TI2_ConfigInputStage
                0x08003c5a       0x28 CMakeFiles/final_embebidos_v2.elf.dir/Drivers/STM32F4xx_HAL_Driver/Src/stm32f4xx_hal_tim.c.obj
 .text.TIM_ITRx_SetConfig
                0x08003c82       0x10 CMakeFiles/final_embebidos_v2.elf.dir/Drivers/STM32F4xx_HAL_Driver/Src/stm32f4xx_hal_tim.c.obj
 .text.HAL_TIM_Base_Start
                0x08003c92       0x24 CMakeFiles/final_embebidos_v2.elf.dir/Drivers/STM32F4xx_HAL_Driver/Src/stm32f4xx_hal_tim.c.obj
                0x08003c92                HAL_TIM_Base_Start
 .text.HAL_TIM_Base_Start_IT
                0x08003cb6       0x22 CMakeFiles/final_embebidos_v2.elf.dir/Drivers/STM32F4xx_HAL_Driver/Src/stm32f4xx_hal_tim.c.obj
                0x08003cb6                HAL_TIM_Base_Start_IT
 .text.HAL_TIM_OC_DelayElapsedCallback
                0x08003cd8        0x2 CMakeFiles/final_embebidos_v2.elf.dir/Drivers/STM32F4xx_HAL_Driver/Src/stm32f4xx_hal_tim.c.obj
                0x08003cd8                HAL_TIM_OC_DelayElapsedCallback
 .text.HAL_TIM_IC_CaptureCallback
                0x08003cda        0x2 CMakeFiles/final_embebidos_v2.elf.dir/Drivers/STM32F4xx_HAL_Driver/Src/stm32f4xx_hal_tim.c.obj
                0x08003cda                HAL_TIM_IC_CaptureCallback
 .text.HAL_TIM_PWM_PulseFinishedCallback
                0x08003cdc        0x2 CMakeFiles/final_embebidos_v2.elf.dir/Drivers/STM32F4xx_HAL_Driver/Src/stm32f4xx_hal_tim.c.obj
                0x08003cdc                HAL_TIM_PWM_PulseFinishedCallback
 .text.HAL_TIM_TriggerCallback
                0x08003cde        0x2 CMakeFiles/final_embebidos_v2.elf.dir/Drivers/STM32F4xx_HAL_Driver/Src/stm32f4xx_hal_tim.c.obj
                0x08003cde                HAL_TIM_TriggerCallback
 .text.HAL_TIM_IRQHandler
                0x08003ce0      0x17a CMakeFiles/final_embebidos_v2.elf.dir/Drivers/STM32F4xx_HAL_Driver/Src/stm32f4xx_hal_tim.c.obj
                0x08003ce0                HAL_TIM_IRQHandler
 *fill*         0x08003e5a        0x2 
 .text.TIM_Base_SetConfig
                0x08003e5c       0x9c CMakeFiles/final_embebidos_v2.elf.dir/Drivers/STM32F4xx_HAL_Driver/Src/stm32f4xx_hal_tim.c.obj
                0x08003e5c                TIM_Base_SetConfig
 .text.HAL_TIM_Base_Init
                0x08003ef8       0x34 CMakeFiles/final_embebidos_v2.elf.dir/Drivers/STM32F4xx_HAL_Driver/Src/stm32f4xx_hal_tim.c.obj
                0x08003ef8                HAL_TIM_Base_Init
 .text.TIM_ETR_SetConfig
                0x08003f2c       0x18 CMakeFiles/final_embebidos_v2.elf.dir/Drivers/STM32F4xx_HAL_Driver/Src/stm32f4xx_hal_tim.c.obj
                0x08003f2c                TIM_ETR_SetConfig
 .text.HAL_TIM_ConfigClockSource
                0x08003f44       0xdc CMakeFiles/final_embebidos_v2.elf.dir/Drivers/STM32F4xx_HAL_Driver/Src/stm32f4xx_hal_tim.c.obj
                0x08003f44                HAL_TIM_ConfigClockSource
 .text.HAL_TIMEx_MasterConfigSynchronization
                0x08004020       0x78 CMakeFiles/final_embebidos_v2.elf.dir/Drivers/STM32F4xx_HAL_Driver/Src/stm32f4xx_hal_tim_ex.c.obj
                0x08004020                HAL_TIMEx_MasterConfigSynchronization
 .text.HAL_TIMEx_CommutCallback
                0x08004098        0x2 CMakeFiles/final_embebidos_v2.elf.dir/Drivers/STM32F4xx_HAL_Driver/Src/stm32f4xx_hal_tim_ex.c.obj
                0x08004098                HAL_TIMEx_CommutCallback
 .text.HAL_TIMEx_BreakCallback
                0x0800409a        0x2 CMakeFiles/final_embebidos_v2.elf.dir/Drivers/STM32F4xx_HAL_Driver/Src/stm32f4xx_hal_tim_ex.c.obj
                0x0800409a                HAL_TIMEx_BreakCallback
 .text.osKernelInitialize
                0x0800409c       0x3c CMakeFiles/final_embebidos_v2.elf.dir/Middlewares/Third_Party/FreeRTOS/Source/CMSIS_RTOS_V2/cmsis_os2.c.obj
                0x0800409c                osKernelInitialize
 .text.osKernelStart
                0x080040d8       0x48 CMakeFiles/final_embebidos_v2.elf.dir/Middlewares/Third_Party/FreeRTOS/Source/CMSIS_RTOS_V2/cmsis_os2.c.obj
                0x080040d8                osKernelStart
 .text.osThreadNew
                0x08004120       0xd8 CMakeFiles/final_embebidos_v2.elf.dir/Middlewares/Third_Party/FreeRTOS/Source/CMSIS_RTOS_V2/cmsis_os2.c.obj
                0x08004120                osThreadNew
 .text.vApplicationGetIdleTaskMemory
                0x080041f8       0x18 CMakeFiles/final_embebidos_v2.elf.dir/Middlewares/Third_Party/FreeRTOS/Source/CMSIS_RTOS_V2/cmsis_os2.c.obj
                0x080041f8                vApplicationGetIdleTaskMemory
 .text.vApplicationGetTimerTaskMemory
                0x08004210       0x18 CMakeFiles/final_embebidos_v2.elf.dir/Middlewares/Third_Party/FreeRTOS/Source/CMSIS_RTOS_V2/cmsis_os2.c.obj
                0x08004210                vApplicationGetTimerTaskMemory
 .text.vListInitialise
                0x08004228       0x16 CMakeFiles/final_embebidos_v2.elf.dir/Middlewares/Third_Party/FreeRTOS/Source/list.c.obj
                0x08004228                vListInitialise
 .text.vListInitialiseItem
                0x0800423e        0x6 CMakeFiles/final_embebidos_v2.elf.dir/Middlewares/Third_Party/FreeRTOS/Source/list.c.obj
                0x0800423e                vListInitialiseItem
 .text.vListInsertEnd
                0x08004244       0x16 CMakeFiles/final_embebidos_v2.elf.dir/Middlewares/Third_Party/FreeRTOS/Source/list.c.obj
                0x08004244                vListInsertEnd
 .text.vListInsert
                0x0800425a       0x34 CMakeFiles/final_embebidos_v2.elf.dir/Middlewares/Third_Party/FreeRTOS/Source/list.c.obj
                0x0800425a                vListInsert
 .text.uxListRemove
                0x0800428e       0x26 CMakeFiles/final_embebidos_v2.elf.dir/Middlewares/Third_Party/FreeRTOS/Source/list.c.obj
                0x0800428e                uxListRemove
 .text.prvTaskExitError
                0x080042b4       0x40 CMakeFiles/final_embebidos_v2.elf.dir/Middlewares/Third_Party/FreeRTOS/Source/portable/GCC/ARM_CM4F/port.c.obj
 .text.prvPortStartFirstTask
                0x080042f4       0x28 CMakeFiles/final_embebidos_v2.elf.dir/Middlewares/Third_Party/FreeRTOS/Source/portable/GCC/ARM_CM4F/port.c.obj
 .text.vPortEnableVFP
                0x0800431c       0x14 CMakeFiles/final_embebidos_v2.elf.dir/Middlewares/Third_Party/FreeRTOS/Source/portable/GCC/ARM_CM4F/port.c.obj
 .text.pxPortInitialiseStack
                0x08004330       0x2c CMakeFiles/final_embebidos_v2.elf.dir/Middlewares/Third_Party/FreeRTOS/Source/portable/GCC/ARM_CM4F/port.c.obj
                0x08004330                pxPortInitialiseStack
 *fill*         0x0800435c        0x4 
 .text.SVC_Handler
                0x08004360       0x24 CMakeFiles/final_embebidos_v2.elf.dir/Middlewares/Third_Party/FreeRTOS/Source/portable/GCC/ARM_CM4F/port.c.obj
                0x08004360                SVC_Handler
 .text.vPortEnterCritical
                0x08004384       0x44 CMakeFiles/final_embebidos_v2.elf.dir/Middlewares/Third_Party/FreeRTOS/Source/portable/GCC/ARM_CM4F/port.c.obj
                0x08004384                vPortEnterCritical
 .text.vPortExitCritical
                0x080043c8       0x2c CMakeFiles/final_embebidos_v2.elf.dir/Middlewares/Third_Party/FreeRTOS/Source/portable/GCC/ARM_CM4F/port.c.obj
                0x080043c8                vPortExitCritical
 *fill*         0x080043f4        0xc 
 .text.PendSV_Handler
                0x08004400       0x64 CMakeFiles/final_embebidos_v2.elf.dir/Middlewares/Third_Party/FreeRTOS/Source/portable/GCC/ARM_CM4F/port.c.obj
                0x08004400                PendSV_Handler
 .text.SysTick_Handler
                0x08004464       0x2c CMakeFiles/final_embebidos_v2.elf.dir/Middlewares/Third_Party/FreeRTOS/Source/portable/GCC/ARM_CM4F/port.c.obj
                0x08004464                SysTick_Handler
 .text.vPortSetupTimerInterrupt
                0x08004490       0x38 CMakeFiles/final_embebidos_v2.elf.dir/Middlewares/Third_Party/FreeRTOS/Source/portable/GCC/ARM_CM4F/port.c.obj
                0x08004490                vPortSetupTimerInterrupt
 .text.xPortStartScheduler
                0x080044c8      0x110 CMakeFiles/final_embebidos_v2.elf.dir/Middlewares/Third_Party/FreeRTOS/Source/portable/GCC/ARM_CM4F/port.c.obj
                0x080044c8                xPortStartScheduler
 .text.vPortValidateInterruptPriority
                0x080045d8       0x5c CMakeFiles/final_embebidos_v2.elf.dir/Middlewares/Third_Party/FreeRTOS/Source/portable/GCC/ARM_CM4F/port.c.obj
                0x080045d8                vPortValidateInterruptPriority
 .text.prvHeapInit
                0x08004634       0x64 CMakeFiles/final_embebidos_v2.elf.dir/Middlewares/Third_Party/FreeRTOS/Source/portable/MemMang/heap_4.c.obj
 .text.prvInsertBlockIntoFreeList
                0x08004698       0x58 CMakeFiles/final_embebidos_v2.elf.dir/Middlewares/Third_Party/FreeRTOS/Source/portable/MemMang/heap_4.c.obj
 .text.pvPortMalloc
                0x080046f0      0x108 CMakeFiles/final_embebidos_v2.elf.dir/Middlewares/Third_Party/FreeRTOS/Source/portable/MemMang/heap_4.c.obj
                0x080046f0                pvPortMalloc
 .text.vPortFree
                0x080047f8       0x70 CMakeFiles/final_embebidos_v2.elf.dir/Middlewares/Third_Party/FreeRTOS/Source/portable/MemMang/heap_4.c.obj
                0x080047f8                vPortFree
 .text.prvIsQueueFull
                0x08004868       0x1e CMakeFiles/final_embebidos_v2.elf.dir/Middlewares/Third_Party/FreeRTOS/Source/queue.c.obj
 .text.prvIsQueueEmpty
                0x08004886       0x1a CMakeFiles/final_embebidos_v2.elf.dir/Middlewares/Third_Party/FreeRTOS/Source/queue.c.obj
 .text.prvCopyDataToQueue
                0x080048a0       0x76 CMakeFiles/final_embebidos_v2.elf.dir/Middlewares/Third_Party/FreeRTOS/Source/queue.c.obj
 .text.prvCopyDataFromQueue
                0x08004916       0x24 CMakeFiles/final_embebidos_v2.elf.dir/Middlewares/Third_Party/FreeRTOS/Source/queue.c.obj
 .text.prvUnlockQueue
                0x0800493a       0x6e CMakeFiles/final_embebidos_v2.elf.dir/Middlewares/Third_Party/FreeRTOS/Source/queue.c.obj
 .text.xQueueGenericReset
                0x080049a8       0x84 CMakeFiles/final_embebidos_v2.elf.dir/Middlewares/Third_Party/FreeRTOS/Source/queue.c.obj
                0x080049a8                xQueueGenericReset
 .text.prvInitialiseNewQueue
                0x08004a2c       0x22 CMakeFiles/final_embebidos_v2.elf.dir/Middlewares/Third_Party/FreeRTOS/Source/queue.c.obj
 .text.xQueueGenericCreateStatic
                0x08004a4e       0x94 CMakeFiles/final_embebidos_v2.elf.dir/Middlewares/Third_Party/FreeRTOS/Source/queue.c.obj
                0x08004a4e                xQueueGenericCreateStatic
 .text.xQueueGenericCreate
                0x08004ae2       0x4e CMakeFiles/final_embebidos_v2.elf.dir/Middlewares/Third_Party/FreeRTOS/Source/queue.c.obj
                0x08004ae2                xQueueGenericCreate
 .text.xQueueGenericSend
                0x08004b30      0x180 CMakeFiles/final_embebidos_v2.elf.dir/Middlewares/Third_Party/FreeRTOS/Source/queue.c.obj
                0x08004b30                xQueueGenericSend
 .text.xQueueGenericSendFromISR
                0x08004cb0       0xce CMakeFiles/final_embebidos_v2.elf.dir/Middlewares/Third_Party/FreeRTOS/Source/queue.c.obj
                0x08004cb0                xQueueGenericSendFromISR
 *fill*         0x08004d7e        0x2 
 .text.xQueueReceive
                0x08004d80      0x15c CMakeFiles/final_embebidos_v2.elf.dir/Middlewares/Third_Party/FreeRTOS/Source/queue.c.obj
                0x08004d80                xQueueReceive
 .text.vQueueAddToRegistry
                0x08004edc       0x28 CMakeFiles/final_embebidos_v2.elf.dir/Middlewares/Third_Party/FreeRTOS/Source/queue.c.obj
                0x08004edc                vQueueAddToRegistry
 .text.vQueueWaitForMessageRestricted
                0x08004f04       0x52 CMakeFiles/final_embebidos_v2.elf.dir/Middlewares/Third_Party/FreeRTOS/Source/queue.c.obj
                0x08004f04                vQueueWaitForMessageRestricted
 *fill*         0x08004f56        0x2 
 .text.prvResetNextTaskUnblockTime
                0x08004f58       0x2c CMakeFiles/final_embebidos_v2.elf.dir/Middlewares/Third_Party/FreeRTOS/Source/tasks.c.obj
 .text.prvInitialiseNewTask
                0x08004f84       0x98 CMakeFiles/final_embebidos_v2.elf.dir/Middlewares/Third_Party/FreeRTOS/Source/tasks.c.obj
 .text.prvInitialiseTaskLists
                0x0800501c       0x68 CMakeFiles/final_embebidos_v2.elf.dir/Middlewares/Third_Party/FreeRTOS/Source/tasks.c.obj
 .text.prvAddNewTaskToReadyList
                0x08005084       0xac CMakeFiles/final_embebidos_v2.elf.dir/Middlewares/Third_Party/FreeRTOS/Source/tasks.c.obj
 .text.prvDeleteTCB
                0x08005130       0x38 CMakeFiles/final_embebidos_v2.elf.dir/Middlewares/Third_Party/FreeRTOS/Source/tasks.c.obj
 .text.prvCheckTasksWaitingTermination
                0x08005168       0x4c CMakeFiles/final_embebidos_v2.elf.dir/Middlewares/Third_Party/FreeRTOS/Source/tasks.c.obj
 .text.prvIdleTask
                0x080051b4       0x28 CMakeFiles/final_embebidos_v2.elf.dir/Middlewares/Third_Party/FreeRTOS/Source/tasks.c.obj
 .text.prvAddCurrentTaskToDelayedList
                0x080051dc       0x7c CMakeFiles/final_embebidos_v2.elf.dir/Middlewares/Third_Party/FreeRTOS/Source/tasks.c.obj
 .text.xTaskCreateStatic
                0x08005258       0x74 CMakeFiles/final_embebidos_v2.elf.dir/Middlewares/Third_Party/FreeRTOS/Source/tasks.c.obj
                0x08005258                xTaskCreateStatic
 .text.xTaskCreate
                0x080052cc       0x66 CMakeFiles/final_embebidos_v2.elf.dir/Middlewares/Third_Party/FreeRTOS/Source/tasks.c.obj
                0x080052cc                xTaskCreate
 *fill*         0x08005332        0x2 
 .text.vTaskStartScheduler
                0x08005334       0x94 CMakeFiles/final_embebidos_v2.elf.dir/Middlewares/Third_Party/FreeRTOS/Source/tasks.c.obj
                0x08005334                vTaskStartScheduler
 .text.vTaskSuspendAll
                0x080053c8       0x10 CMakeFiles/final_embebidos_v2.elf.dir/Middlewares/Third_Party/FreeRTOS/Source/tasks.c.obj
                0x080053c8                vTaskSuspendAll
 .text.xTaskGetTickCount
                0x080053d8        0xc CMakeFiles/final_embebidos_v2.elf.dir/Middlewares/Third_Party/FreeRTOS/Source/tasks.c.obj
                0x080053d8                xTaskGetTickCount
 .text.xTaskIncrementTick
                0x080053e4      0x118 CMakeFiles/final_embebidos_v2.elf.dir/Middlewares/Third_Party/FreeRTOS/Source/tasks.c.obj
                0x080053e4                xTaskIncrementTick
 .text.xTaskResumeAll
                0x080054fc       0xf8 CMakeFiles/final_embebidos_v2.elf.dir/Middlewares/Third_Party/FreeRTOS/Source/tasks.c.obj
                0x080054fc                xTaskResumeAll
 .text.vTaskDelay
                0x080055f4       0x4c CMakeFiles/final_embebidos_v2.elf.dir/Middlewares/Third_Party/FreeRTOS/Source/tasks.c.obj
                0x080055f4                vTaskDelay
 .text.vTaskSwitchContext
                0x08005640       0x9c CMakeFiles/final_embebidos_v2.elf.dir/Middlewares/Third_Party/FreeRTOS/Source/tasks.c.obj
                0x08005640                vTaskSwitchContext
 .text.vTaskPlaceOnEventList
                0x080056dc       0x30 CMakeFiles/final_embebidos_v2.elf.dir/Middlewares/Third_Party/FreeRTOS/Source/tasks.c.obj
                0x080056dc                vTaskPlaceOnEventList
 .text.vTaskPlaceOnEventListRestricted
                0x0800570c       0x38 CMakeFiles/final_embebidos_v2.elf.dir/Middlewares/Third_Party/FreeRTOS/Source/tasks.c.obj
                0x0800570c                vTaskPlaceOnEventListRestricted
 .text.xTaskRemoveFromEventList
                0x08005744       0x8c CMakeFiles/final_embebidos_v2.elf.dir/Middlewares/Third_Party/FreeRTOS/Source/tasks.c.obj
                0x08005744                xTaskRemoveFromEventList
 .text.vTaskInternalSetTimeOutState
                0x080057d0       0x18 CMakeFiles/final_embebidos_v2.elf.dir/Middlewares/Third_Party/FreeRTOS/Source/tasks.c.obj
                0x080057d0                vTaskInternalSetTimeOutState
 .text.xTaskCheckForTimeOut
                0x080057e8       0x84 CMakeFiles/final_embebidos_v2.elf.dir/Middlewares/Third_Party/FreeRTOS/Source/tasks.c.obj
                0x080057e8                xTaskCheckForTimeOut
 .text.vTaskMissedYield
                0x0800586c        0xc CMakeFiles/final_embebidos_v2.elf.dir/Middlewares/Third_Party/FreeRTOS/Source/tasks.c.obj
                0x0800586c                vTaskMissedYield
 .text.xTaskGetSchedulerState
                0x08005878       0x20 CMakeFiles/final_embebidos_v2.elf.dir/Middlewares/Third_Party/FreeRTOS/Source/tasks.c.obj
                0x08005878                xTaskGetSchedulerState
 .text.xTaskPriorityDisinherit
                0x08005898       0x90 CMakeFiles/final_embebidos_v2.elf.dir/Middlewares/Third_Party/FreeRTOS/Source/tasks.c.obj
                0x08005898                xTaskPriorityDisinherit
 .text.prvGetNextExpireTime
                0x08005928       0x20 CMakeFiles/final_embebidos_v2.elf.dir/Middlewares/Third_Party/FreeRTOS/Source/timers.c.obj
 .text.prvInsertTimerInActiveList
                0x08005948       0x48 CMakeFiles/final_embebidos_v2.elf.dir/Middlewares/Third_Party/FreeRTOS/Source/timers.c.obj
 .text.prvCheckForValidListAndQueue
                0x08005990       0x70 CMakeFiles/final_embebidos_v2.elf.dir/Middlewares/Third_Party/FreeRTOS/Source/timers.c.obj
 .text.xTimerCreateTimerTask
                0x08005a00       0x64 CMakeFiles/final_embebidos_v2.elf.dir/Middlewares/Third_Party/FreeRTOS/Source/timers.c.obj
                0x08005a00                xTimerCreateTimerTask
 .text.xTimerGenericCommand
                0x08005a64       0x6c CMakeFiles/final_embebidos_v2.elf.dir/Middlewares/Third_Party/FreeRTOS/Source/timers.c.obj
                0x08005a64                xTimerGenericCommand
 .text.prvSwitchTimerLists
                0x08005ad0       0x7c CMakeFiles/final_embebidos_v2.elf.dir/Middlewares/Third_Party/FreeRTOS/Source/timers.c.obj
 .text.prvSampleTimeNow
                0x08005b4c       0x2c CMakeFiles/final_embebidos_v2.elf.dir/Middlewares/Third_Party/FreeRTOS/Source/timers.c.obj
 .text.prvProcessExpiredTimer
                0x08005b78       0x6c CMakeFiles/final_embebidos_v2.elf.dir/Middlewares/Third_Party/FreeRTOS/Source/timers.c.obj
 .text.prvProcessTimerOrBlockTask
                0x08005be4       0x74 CMakeFiles/final_embebidos_v2.elf.dir/Middlewares/Third_Party/FreeRTOS/Source/timers.c.obj
 .text.prvProcessReceivedCommands
                0x08005c58      0x110 CMakeFiles/final_embebidos_v2.elf.dir/Middlewares/Third_Party/FreeRTOS/Source/timers.c.obj
 .text.prvTimerTask
                0x08005d68       0x16 CMakeFiles/final_embebidos_v2.elf.dir/Middlewares/Third_Party/FreeRTOS/Source/timers.c.obj
 *fill*         0x08005d7e        0x2 
 .text.__errno  0x08005d80        0xc c:/progra~1/jetbra~1/gcc-ar~1/bin/../lib/gcc/arm-none-eabi/8.3.1/../../../../arm-none-eabi/lib/thumb/v7e-m+fp/hard\libg.a(lib_a-errno.o)
                0x08005d80                __errno
 .text.__libc_init_array
                0x08005d8c       0x48 c:/progra~1/jetbra~1/gcc-ar~1/bin/../lib/gcc/arm-none-eabi/8.3.1/../../../../arm-none-eabi/lib/thumb/v7e-m+fp/hard\libg.a(lib_a-init.o)
                0x08005d8c                __libc_init_array
 .text.memset   0x08005dd4       0xa0 c:/progra~1/jetbra~1/gcc-ar~1/bin/../lib/gcc/arm-none-eabi/8.3.1/../../../../arm-none-eabi/lib/thumb/v7e-m+fp/hard\libg.a(lib_a-memset.o)
                0x08005dd4                memset
 .text._vsprintf_r
                0x08005e74       0x28 c:/progra~1/jetbra~1/gcc-ar~1/bin/../lib/gcc/arm-none-eabi/8.3.1/../../../../arm-none-eabi/lib/thumb/v7e-m+fp/hard\libg.a(lib_a-vsprintf.o)
                0x08005e74                _vsprintf_r
 .text.vsprintf
                0x08005e9c       0x18 c:/progra~1/jetbra~1/gcc-ar~1/bin/../lib/gcc/arm-none-eabi/8.3.1/../../../../arm-none-eabi/lib/thumb/v7e-m+fp/hard\libg.a(lib_a-vsprintf.o)
                0x08005e9c                vsprintf
 .text.startup.register_fini
                0x08005eb4       0x14 c:/progra~1/jetbra~1/gcc-ar~1/bin/../lib/gcc/arm-none-eabi/8.3.1/../../../../arm-none-eabi/lib/thumb/v7e-m+fp/hard\libg.a(lib_a-__call_atexit.o)
 .text.atexit   0x08005ec8        0xc c:/progra~1/jetbra~1/gcc-ar~1/bin/../lib/gcc/arm-none-eabi/8.3.1/../../../../arm-none-eabi/lib/thumb/v7e-m+fp/hard\libg.a(lib_a-atexit.o)
                0x08005ec8                atexit
 .text.__libc_fini_array
                0x08005ed4       0x34 c:/progra~1/jetbra~1/gcc-ar~1/bin/../lib/gcc/arm-none-eabi/8.3.1/../../../../arm-none-eabi/lib/thumb/v7e-m+fp/hard\libg.a(lib_a-fini.o)
                0x08005ed4                __libc_fini_array
 .text.__retarget_lock_acquire_recursive
                0x08005f08        0x4 c:/progra~1/jetbra~1/gcc-ar~1/bin/../lib/gcc/arm-none-eabi/8.3.1/../../../../arm-none-eabi/lib/thumb/v7e-m+fp/hard\libg.a(lib_a-lock.o)
                0x08005f08                __retarget_lock_acquire_recursive
 .text.__retarget_lock_release_recursive
                0x08005f0c        0x4 c:/progra~1/jetbra~1/gcc-ar~1/bin/../lib/gcc/arm-none-eabi/8.3.1/../../../../arm-none-eabi/lib/thumb/v7e-m+fp/hard\libg.a(lib_a-lock.o)
                0x08005f0c                __retarget_lock_release_recursive
 .text._svfprintf_r
                0x08005f10     0x19f8 c:/progra~1/jetbra~1/gcc-ar~1/bin/../lib/gcc/arm-none-eabi/8.3.1/../../../../arm-none-eabi/lib/thumb/v7e-m+fp/hard\libg.a(lib_a-svfprintf.o)
                0x08005f10                _svfprintf_r
 .text.__register_exitproc
                0x08007908       0x88 c:/progra~1/jetbra~1/gcc-ar~1/bin/../lib/gcc/arm-none-eabi/8.3.1/../../../../arm-none-eabi/lib/thumb/v7e-m+fp/hard\libg.a(lib_a-__atexit.o)
                0x08007908                __register_exitproc
 .text.quorem   0x08007990      0x124 c:/progra~1/jetbra~1/gcc-ar~1/bin/../lib/gcc/arm-none-eabi/8.3.1/../../../../arm-none-eabi/lib/thumb/v7e-m+fp/hard\libg.a(lib_a-dtoa.o)
 *fill*         0x08007ab4        0x4 
 .text._dtoa_r  0x08007ab8      0xe54 c:/progra~1/jetbra~1/gcc-ar~1/bin/../lib/gcc/arm-none-eabi/8.3.1/../../../../arm-none-eabi/lib/thumb/v7e-m+fp/hard\libg.a(lib_a-dtoa.o)
                0x08007ab8                _dtoa_r
 .text._malloc_trim_r
                0x0800890c       0xa0 c:/progra~1/jetbra~1/gcc-ar~1/bin/../lib/gcc/arm-none-eabi/8.3.1/../../../../arm-none-eabi/lib/thumb/v7e-m+fp/hard\libg.a(lib_a-freer.o)
                0x0800890c                _malloc_trim_r
 .text._free_r  0x080089ac      0x1f4 c:/progra~1/jetbra~1/gcc-ar~1/bin/../lib/gcc/arm-none-eabi/8.3.1/../../../../arm-none-eabi/lib/thumb/v7e-m+fp/hard\libg.a(lib_a-freer.o)
                0x080089ac                _free_r
 .text._localeconv_r
                0x08008ba0        0x8 c:/progra~1/jetbra~1/gcc-ar~1/bin/../lib/gcc/arm-none-eabi/8.3.1/../../../../arm-none-eabi/lib/thumb/v7e-m+fp/hard\libg.a(lib_a-localeconv.o)
                0x08008ba0                _localeconv_r
 .text._malloc_r
                0x08008ba8      0x570 c:/progra~1/jetbra~1/gcc-ar~1/bin/../lib/gcc/arm-none-eabi/8.3.1/../../../../arm-none-eabi/lib/thumb/v7e-m+fp/hard\libg.a(lib_a-mallocr.o)
                0x08008ba8                _malloc_r
 .text.__malloc_lock
                0x08009118        0xc c:/progra~1/jetbra~1/gcc-ar~1/bin/../lib/gcc/arm-none-eabi/8.3.1/../../../../arm-none-eabi/lib/thumb/v7e-m+fp/hard\libg.a(lib_a-mlock.o)
                0x08009118                __malloc_lock
 .text.__malloc_unlock
                0x08009124        0xc c:/progra~1/jetbra~1/gcc-ar~1/bin/../lib/gcc/arm-none-eabi/8.3.1/../../../../arm-none-eabi/lib/thumb/v7e-m+fp/hard\libg.a(lib_a-mlock.o)
                0x08009124                __malloc_unlock
 .text._Balloc  0x08009130       0x4c c:/progra~1/jetbra~1/gcc-ar~1/bin/../lib/gcc/arm-none-eabi/8.3.1/../../../../arm-none-eabi/lib/thumb/v7e-m+fp/hard\libg.a(lib_a-mprec.o)
                0x08009130                _Balloc
 .text._Bfree   0x0800917c       0x14 c:/progra~1/jetbra~1/gcc-ar~1/bin/../lib/gcc/arm-none-eabi/8.3.1/../../../../arm-none-eabi/lib/thumb/v7e-m+fp/hard\libg.a(lib_a-mprec.o)
                0x0800917c                _Bfree
 .text.__multadd
                0x08009190       0x8c c:/progra~1/jetbra~1/gcc-ar~1/bin/../lib/gcc/arm-none-eabi/8.3.1/../../../../arm-none-eabi/lib/thumb/v7e-m+fp/hard\libg.a(lib_a-mprec.o)
                0x08009190                __multadd
 .text.__hi0bits
                0x0800921c       0x40 c:/progra~1/jetbra~1/gcc-ar~1/bin/../lib/gcc/arm-none-eabi/8.3.1/../../../../arm-none-eabi/lib/thumb/v7e-m+fp/hard\libg.a(lib_a-mprec.o)
                0x0800921c                __hi0bits
 .text.__lo0bits
                0x0800925c       0x60 c:/progra~1/jetbra~1/gcc-ar~1/bin/../lib/gcc/arm-none-eabi/8.3.1/../../../../arm-none-eabi/lib/thumb/v7e-m+fp/hard\libg.a(lib_a-mprec.o)
                0x0800925c                __lo0bits
 .text.__i2b    0x080092bc       0x14 c:/progra~1/jetbra~1/gcc-ar~1/bin/../lib/gcc/arm-none-eabi/8.3.1/../../../../arm-none-eabi/lib/thumb/v7e-m+fp/hard\libg.a(lib_a-mprec.o)
                0x080092bc                __i2b
 .text.__multiply
                0x080092d0      0x130 c:/progra~1/jetbra~1/gcc-ar~1/bin/../lib/gcc/arm-none-eabi/8.3.1/../../../../arm-none-eabi/lib/thumb/v7e-m+fp/hard\libg.a(lib_a-mprec.o)
                0x080092d0                __multiply
 .text.__pow5mult
                0x08009400       0xa0 c:/progra~1/jetbra~1/gcc-ar~1/bin/../lib/gcc/arm-none-eabi/8.3.1/../../../../arm-none-eabi/lib/thumb/v7e-m+fp/hard\libg.a(lib_a-mprec.o)
                0x08009400                __pow5mult
 .text.__lshift
                0x080094a0       0xb4 c:/progra~1/jetbra~1/gcc-ar~1/bin/../lib/gcc/arm-none-eabi/8.3.1/../../../../arm-none-eabi/lib/thumb/v7e-m+fp/hard\libg.a(lib_a-mprec.o)
                0x080094a0                __lshift
 .text.__mcmp   0x08009554       0x38 c:/progra~1/jetbra~1/gcc-ar~1/bin/../lib/gcc/arm-none-eabi/8.3.1/../../../../arm-none-eabi/lib/thumb/v7e-m+fp/hard\libg.a(lib_a-mprec.o)
                0x08009554                __mcmp
 .text.__mdiff  0x0800958c       0xf8 c:/progra~1/jetbra~1/gcc-ar~1/bin/../lib/gcc/arm-none-eabi/8.3.1/../../../../arm-none-eabi/lib/thumb/v7e-m+fp/hard\libg.a(lib_a-mprec.o)
                0x0800958c                __mdiff
 .text.__d2b    0x08009684       0xc0 c:/progra~1/jetbra~1/gcc-ar~1/bin/../lib/gcc/arm-none-eabi/8.3.1/../../../../arm-none-eabi/lib/thumb/v7e-m+fp/hard\libg.a(lib_a-mprec.o)
                0x08009684                __d2b
 .text.frexp    0x08009744       0x6c c:/progra~1/jetbra~1/gcc-ar~1/bin/../lib/gcc/arm-none-eabi/8.3.1/../../../../arm-none-eabi/lib/thumb/v7e-m+fp/hard\libg.a(lib_a-s_frexp.o)
                0x08009744                frexp
 .text._sbrk_r  0x080097b0       0x24 c:/progra~1/jetbra~1/gcc-ar~1/bin/../lib/gcc/arm-none-eabi/8.3.1/../../../../arm-none-eabi/lib/thumb/v7e-m+fp/hard\libg.a(lib_a-sbrkr.o)
                0x080097b0                _sbrk_r
 .text.strncpy  0x080097d4       0x74 c:/progra~1/jetbra~1/gcc-ar~1/bin/../lib/gcc/arm-none-eabi/8.3.1/../../../../arm-none-eabi/lib/thumb/v7e-m+fp/hard\libg.a(lib_a-strncpy.o)
                0x080097d4                strncpy
 .text.__ssprint_r
                0x08009848       0xf8 c:/progra~1/jetbra~1/gcc-ar~1/bin/../lib/gcc/arm-none-eabi/8.3.1/../../../../arm-none-eabi/lib/thumb/v7e-m+fp/hard\libg.a(lib_a-svfiprintf.o)
                0x08009848                __ssprint_r
 .text._calloc_r
                0x08009940       0x60 c:/progra~1/jetbra~1/gcc-ar~1/bin/../lib/gcc/arm-none-eabi/8.3.1/../../../../arm-none-eabi/lib/thumb/v7e-m+fp/hard\libg.a(lib_a-callocr.o)
                0x08009940                _calloc_r
 .text.__ascii_mbtowc
                0x080099a0       0x2c c:/progra~1/jetbra~1/gcc-ar~1/bin/../lib/gcc/arm-none-eabi/8.3.1/../../../../arm-none-eabi/lib/thumb/v7e-m+fp/hard\libg.a(lib_a-mbtowc_r.o)
                0x080099a0                __ascii_mbtowc
 .text.memmove  0x080099cc       0xd0 c:/progra~1/jetbra~1/gcc-ar~1/bin/../lib/gcc/arm-none-eabi/8.3.1/../../../../arm-none-eabi/lib/thumb/v7e-m+fp/hard\libg.a(lib_a-memmove.o)
                0x080099cc                memmove
 .text._realloc_r
                0x08009a9c      0x36c c:/progra~1/jetbra~1/gcc-ar~1/bin/../lib/gcc/arm-none-eabi/8.3.1/../../../../arm-none-eabi/lib/thumb/v7e-m+fp/hard\libg.a(lib_a-reallocr.o)
                0x08009a9c                _realloc_r
 .text.__ascii_wctomb
                0x08009e08       0x1c c:/progra~1/jetbra~1/gcc-ar~1/bin/../lib/gcc/arm-none-eabi/8.3.1/../../../../arm-none-eabi/lib/thumb/v7e-m+fp/hard\libg.a(lib_a-wctomb_r.o)
                0x08009e08                __ascii_wctomb
 *(.glue_7)
 .glue_7        0x08009e24        0x0 linker stubs
 *(.glue_7t)
 .glue_7t       0x08009e24        0x0 linker stubs
 *(.eh_frame)
 .eh_frame      0x08009e24        0x0 c:/progra~1/jetbra~1/gcc-ar~1/bin/../lib/gcc/arm-none-eabi/8.3.1/thumb/v7e-m+fp/hard/crtbegin.o
 *(.init)
 .init          0x08009e24        0x4 c:/progra~1/jetbra~1/gcc-ar~1/bin/../lib/gcc/arm-none-eabi/8.3.1/thumb/v7e-m+fp/hard/crti.o
                0x08009e24                _init
 .init          0x08009e28        0x8 c:/progra~1/jetbra~1/gcc-ar~1/bin/../lib/gcc/arm-none-eabi/8.3.1/thumb/v7e-m+fp/hard/crtn.o
 *(.fini)
 .fini          0x08009e30        0x4 c:/progra~1/jetbra~1/gcc-ar~1/bin/../lib/gcc/arm-none-eabi/8.3.1/thumb/v7e-m+fp/hard/crti.o
                0x08009e30                _fini
 .fini          0x08009e34        0x8 c:/progra~1/jetbra~1/gcc-ar~1/bin/../lib/gcc/arm-none-eabi/8.3.1/thumb/v7e-m+fp/hard/crtn.o
                0x08009e3c                . = ALIGN (0x4)
                0x08009e3c                _etext = .

.vfp11_veneer   0x08009e3c        0x0
 .vfp11_veneer  0x08009e3c        0x0 linker stubs

.v4_bx          0x08009e3c        0x0
 .v4_bx         0x08009e3c        0x0 linker stubs

.iplt           0x08009e3c        0x0
 .iplt          0x08009e3c        0x0 c:/progra~1/jetbra~1/gcc-ar~1/bin/../lib/gcc/arm-none-eabi/8.3.1/thumb/v7e-m+fp/hard/crtbegin.o

.rodata         0x08009e40      0x3c0
                0x08009e40                . = ALIGN (0x4)
 *(.rodata)
 *(.rodata*)
 .rodata.BSP_LCD_Initialize.str1.4
                0x08009e40       0x10 CMakeFiles/final_embebidos_v2.elf.dir/Core/Src/bsp_lcd.c.obj
 .rodata.APP_Display_Lux_Meter.str1.4
                0x08009e50        0xa CMakeFiles/final_embebidos_v2.elf.dir/Core/Src/main.c.obj
 *fill*         0x08009e5a        0x2 
 .rodata.APP_Display_Room_Humidity.str1.4
                0x08009e5c        0x9 CMakeFiles/final_embebidos_v2.elf.dir/Core/Src/main.c.obj
 *fill*         0x08009e65        0x3 
 .rodata.APP_Display_Room_Temperature.str1.4
                0x08009e68        0x9 CMakeFiles/final_embebidos_v2.elf.dir/Core/Src/main.c.obj
 *fill*         0x08009e71        0x3 
 .rodata.APP_Display_Soil_Humidity.str1.4
                0x08009e74        0xb CMakeFiles/final_embebidos_v2.elf.dir/Core/Src/main.c.obj
 *fill*         0x08009e7f        0x1 
 .rodata.AmbientTempHum_attributes
                0x08009e80       0x24 CMakeFiles/final_embebidos_v2.elf.dir/Core/Src/main.c.obj
                0x08009e80                AmbientTempHum_attributes
 .rodata.Display_attributes
                0x08009ea4       0x24 CMakeFiles/final_embebidos_v2.elf.dir/Core/Src/main.c.obj
                0x08009ea4                Display_attributes
 .rodata.Lux_attributes
                0x08009ec8       0x24 CMakeFiles/final_embebidos_v2.elf.dir/Core/Src/main.c.obj
                0x08009ec8                Lux_attributes
 .rodata.SoilHum_attributes
                0x08009eec       0x24 CMakeFiles/final_embebidos_v2.elf.dir/Core/Src/main.c.obj
                0x08009eec                SoilHum_attributes
 .rodata.str1.4
                0x08009f10       0x34 CMakeFiles/final_embebidos_v2.elf.dir/Core/Src/main.c.obj
 .rodata.AHBPrescTable
                0x08009f44       0x10 CMakeFiles/final_embebidos_v2.elf.dir/Core/Src/system_stm32f4xx.c.obj
                0x08009f44                AHBPrescTable
 .rodata.APBPrescTable
                0x08009f54        0x8 CMakeFiles/final_embebidos_v2.elf.dir/Core/Src/system_stm32f4xx.c.obj
                0x08009f54                APBPrescTable
 .rodata.vTaskStartScheduler.str1.4
                0x08009f5c        0x5 CMakeFiles/final_embebidos_v2.elf.dir/Middlewares/Third_Party/FreeRTOS/Source/tasks.c.obj
 *fill*         0x08009f61        0x3 
 .rodata.prvCheckForValidListAndQueue.str1.4
                0x08009f64        0x5 CMakeFiles/final_embebidos_v2.elf.dir/Middlewares/Third_Party/FreeRTOS/Source/timers.c.obj
 *fill*         0x08009f69        0x3 
 .rodata.xTimerCreateTimerTask.str1.4
                0x08009f6c        0x8 CMakeFiles/final_embebidos_v2.elf.dir/Middlewares/Third_Party/FreeRTOS/Source/timers.c.obj
 .rodata._global_impure_ptr
                0x08009f74        0x4 c:/progra~1/jetbra~1/gcc-ar~1/bin/../lib/gcc/arm-none-eabi/8.3.1/../../../../arm-none-eabi/lib/thumb/v7e-m+fp/hard\libg.a(lib_a-impure.o)
                0x08009f74                _global_impure_ptr
 .rodata._svfprintf_r.str1.4
                0x08009f78       0x42 c:/progra~1/jetbra~1/gcc-ar~1/bin/../lib/gcc/arm-none-eabi/8.3.1/../../../../arm-none-eabi/lib/thumb/v7e-m+fp/hard\libg.a(lib_a-svfprintf.o)
 *fill*         0x08009fba        0x2 
 .rodata.blanks.8662
                0x08009fbc       0x10 c:/progra~1/jetbra~1/gcc-ar~1/bin/../lib/gcc/arm-none-eabi/8.3.1/../../../../arm-none-eabi/lib/thumb/v7e-m+fp/hard\libg.a(lib_a-svfprintf.o)
 .rodata.zeroes.8663
                0x08009fcc       0x10 c:/progra~1/jetbra~1/gcc-ar~1/bin/../lib/gcc/arm-none-eabi/8.3.1/../../../../arm-none-eabi/lib/thumb/v7e-m+fp/hard\libg.a(lib_a-svfprintf.o)
 .rodata._dtoa_r.str1.4
                0x08009fdc        0xd c:/progra~1/jetbra~1/gcc-ar~1/bin/../lib/gcc/arm-none-eabi/8.3.1/../../../../arm-none-eabi/lib/thumb/v7e-m+fp/hard\libg.a(lib_a-dtoa.o)
                                 0x12 (size before relaxing)
 *fill*         0x08009fe9        0x7 
 .rodata.__mprec_bigtens
                0x08009ff0       0x28 c:/progra~1/jetbra~1/gcc-ar~1/bin/../lib/gcc/arm-none-eabi/8.3.1/../../../../arm-none-eabi/lib/thumb/v7e-m+fp/hard\libg.a(lib_a-mprec.o)
                0x08009ff0                __mprec_bigtens
 .rodata.__mprec_tens
                0x0800a018       0xc8 c:/progra~1/jetbra~1/gcc-ar~1/bin/../lib/gcc/arm-none-eabi/8.3.1/../../../../arm-none-eabi/lib/thumb/v7e-m+fp/hard\libg.a(lib_a-mprec.o)
                0x0800a018                __mprec_tens
 .rodata.p05.7432
                0x0800a0e0        0xc c:/progra~1/jetbra~1/gcc-ar~1/bin/../lib/gcc/arm-none-eabi/8.3.1/../../../../arm-none-eabi/lib/thumb/v7e-m+fp/hard\libg.a(lib_a-mprec.o)
 .rodata._setlocale_r.str1.4
                0x0800a0ec        0xa c:/progra~1/jetbra~1/gcc-ar~1/bin/../lib/gcc/arm-none-eabi/8.3.1/../../../../arm-none-eabi/lib/thumb/v7e-m+fp/hard\libg.a(lib_a-locale.o)
                                  0xd (size before relaxing)
 *fill*         0x0800a0f6        0x2 
 .rodata.str1.4
                0x0800a0f8        0x4 c:/progra~1/jetbra~1/gcc-ar~1/bin/../lib/gcc/arm-none-eabi/8.3.1/../../../../arm-none-eabi/lib/thumb/v7e-m+fp/hard\libg.a(lib_a-locale.o)
                                  0x2 (size before relaxing)
 .rodata._ctype_
                0x0800a0fc      0x101 c:/progra~1/jetbra~1/gcc-ar~1/bin/../lib/gcc/arm-none-eabi/8.3.1/../../../../arm-none-eabi/lib/thumb/v7e-m+fp/hard\libg.a(lib_a-ctype_.o)
                0x0800a0fc                _ctype_
                0x0800a200                . = ALIGN (0x4)
 *fill*         0x0800a1fd        0x3 

.ARM.extab      0x0800a200        0x0
                0x0800a200                . = ALIGN (0x4)
 *(.ARM.extab* .gnu.linkonce.armextab.*)
                0x0800a200                . = ALIGN (0x4)

.ARM            0x0800a200        0x8
                0x0800a200                . = ALIGN (0x4)
                0x0800a200                __exidx_start = .
 *(.ARM.exidx*)
 .ARM.exidx     0x0800a200        0x8 c:/progra~1/jetbra~1/gcc-ar~1/bin/../lib/gcc/arm-none-eabi/8.3.1/thumb/v7e-m+fp/hard\libgcc.a(_udivmoddi4.o)
                0x0800a208                __exidx_end = .
                0x0800a208                . = ALIGN (0x4)

.rel.dyn        0x0800a208        0x0
 .rel.iplt      0x0800a208        0x0 c:/progra~1/jetbra~1/gcc-ar~1/bin/../lib/gcc/arm-none-eabi/8.3.1/thumb/v7e-m+fp/hard/crtbegin.o

.preinit_array  0x0800a208        0x0
                0x0800a208                . = ALIGN (0x4)
                0x0800a208                PROVIDE (__preinit_array_start = .)
 *(.preinit_array*)
                0x0800a208                PROVIDE (__preinit_array_end = .)
                0x0800a208                . = ALIGN (0x4)

.init_array     0x0800a208        0x8
                0x0800a208                . = ALIGN (0x4)
                0x0800a208                PROVIDE (__init_array_start = .)
 *(SORT_BY_NAME(.init_array.*))
 .init_array.00000
                0x0800a208        0x4 c:/progra~1/jetbra~1/gcc-ar~1/bin/../lib/gcc/arm-none-eabi/8.3.1/../../../../arm-none-eabi/lib/thumb/v7e-m+fp/hard\libg.a(lib_a-__call_atexit.o)
 *(.init_array*)
 .init_array    0x0800a20c        0x4 c:/progra~1/jetbra~1/gcc-ar~1/bin/../lib/gcc/arm-none-eabi/8.3.1/thumb/v7e-m+fp/hard/crtbegin.o
                0x0800a210                PROVIDE (__init_array_end = .)
                0x0800a210                . = ALIGN (0x4)

.fini_array     0x0800a210        0x4
                0x0800a210                . = ALIGN (0x4)
                0x0800a210                PROVIDE (__fini_array_start = .)
 *(SORT_BY_NAME(.fini_array.*))
 *(.fini_array*)
 .fini_array    0x0800a210        0x4 c:/progra~1/jetbra~1/gcc-ar~1/bin/../lib/gcc/arm-none-eabi/8.3.1/thumb/v7e-m+fp/hard/crtbegin.o
                0x0800a214                PROVIDE (__fini_array_end = .)
                0x0800a214                . = ALIGN (0x4)
                0x0800a214                _sidata = LOADADDR (.data)

.data           0x20000000      0xa30 load address 0x0800a214
                0x20000000                . = ALIGN (0x4)
                0x20000000                _sdata = .
 *(.data)
 *(.data*)
 .data.customChars
                0x20000000       0x40 CMakeFiles/final_embebidos_v2.elf.dir/Core/Src/bsp_lcd.c.obj
                0x20000000                customChars
 .data.initCustomChars
                0x20000040       0x30 CMakeFiles/final_embebidos_v2.elf.dir/Core/Src/bsp_lcd.c.obj
                0x20000040                initCustomChars
 .data.SystemCoreClock
                0x20000070        0x4 CMakeFiles/final_embebidos_v2.elf.dir/Core/Src/system_stm32f4xx.c.obj
                0x20000070                SystemCoreClock
 .data.uwTickFreq
                0x20000074        0x1 CMakeFiles/final_embebidos_v2.elf.dir/Drivers/STM32F4xx_HAL_Driver/Src/stm32f4xx_hal.c.obj
                0x20000074                uwTickFreq
 *fill*         0x20000075        0x3 
 .data.uwTickPrio
                0x20000078        0x4 CMakeFiles/final_embebidos_v2.elf.dir/Drivers/STM32F4xx_HAL_Driver/Src/stm32f4xx_hal.c.obj
                0x20000078                uwTickPrio
 .data.uxCriticalNesting
                0x2000007c        0x4 CMakeFiles/final_embebidos_v2.elf.dir/Middlewares/Third_Party/FreeRTOS/Source/portable/GCC/ARM_CM4F/port.c.obj
 .data._impure_ptr
                0x20000080        0x4 c:/progra~1/jetbra~1/gcc-ar~1/bin/../lib/gcc/arm-none-eabi/8.3.1/../../../../arm-none-eabi/lib/thumb/v7e-m+fp/hard\libg.a(lib_a-impure.o)
                0x20000080                _impure_ptr
 *fill*         0x20000084        0x4 
 .data.impure_data
                0x20000088      0x428 c:/progra~1/jetbra~1/gcc-ar~1/bin/../lib/gcc/arm-none-eabi/8.3.1/../../../../arm-none-eabi/lib/thumb/v7e-m+fp/hard\libg.a(lib_a-impure.o)
 .data.__atexit_recursive_mutex
                0x200004b0        0x4 c:/progra~1/jetbra~1/gcc-ar~1/bin/../lib/gcc/arm-none-eabi/8.3.1/../../../../arm-none-eabi/lib/thumb/v7e-m+fp/hard\libg.a(lib_a-__call_atexit.o)
                0x200004b0                __atexit_recursive_mutex
 .data.__malloc_av_
                0x200004b4      0x408 c:/progra~1/jetbra~1/gcc-ar~1/bin/../lib/gcc/arm-none-eabi/8.3.1/../../../../arm-none-eabi/lib/thumb/v7e-m+fp/hard\libg.a(lib_a-mallocr.o)
                0x200004b4                __malloc_av_
 .data.__malloc_sbrk_base
                0x200008bc        0x4 c:/progra~1/jetbra~1/gcc-ar~1/bin/../lib/gcc/arm-none-eabi/8.3.1/../../../../arm-none-eabi/lib/thumb/v7e-m+fp/hard\libg.a(lib_a-mallocr.o)
                0x200008bc                __malloc_sbrk_base
 .data.__malloc_trim_threshold
                0x200008c0        0x4 c:/progra~1/jetbra~1/gcc-ar~1/bin/../lib/gcc/arm-none-eabi/8.3.1/../../../../arm-none-eabi/lib/thumb/v7e-m+fp/hard\libg.a(lib_a-mallocr.o)
                0x200008c0                __malloc_trim_threshold
 .data.__global_locale
                0x200008c4      0x16c c:/progra~1/jetbra~1/gcc-ar~1/bin/../lib/gcc/arm-none-eabi/8.3.1/../../../../arm-none-eabi/lib/thumb/v7e-m+fp/hard\libg.a(lib_a-locale.o)
                0x200008c4                __global_locale
                0x20000a30                . = ALIGN (0x4)
                0x20000a30                _edata = .

.igot.plt       0x20000a30        0x0 load address 0x0800ac44
 .igot.plt      0x20000a30        0x0 c:/progra~1/jetbra~1/gcc-ar~1/bin/../lib/gcc/arm-none-eabi/8.3.1/thumb/v7e-m+fp/hard/crtbegin.o
                0x20000a30                . = ALIGN (0x4)

.bss            0x20000a30     0x4ba4 load address 0x0800ac44
                0x20000a30                _sbss = .
                0x20000a30                __bss_start__ = _sbss
 *(.bss)
 .bss           0x20000a30       0x1c c:/progra~1/jetbra~1/gcc-ar~1/bin/../lib/gcc/arm-none-eabi/8.3.1/thumb/v7e-m+fp/hard/crtbegin.o
 *(.bss*)
 .bss.DHT22     0x20000a4c        0x8 CMakeFiles/final_embebidos_v2.elf.dir/Core/Src/bsp.c.obj
                0x20000a4c                DHT22
 .bss.adcVal    0x20000a54        0x4 CMakeFiles/final_embebidos_v2.elf.dir/Core/Src/bsp.c.obj
                0x20000a54                adcVal
 .bss.gu32_ticks
                0x20000a58        0x4 CMakeFiles/final_embebidos_v2.elf.dir/Core/Src/bsp.c.obj
 .bss.hadc1     0x20000a5c       0x48 CMakeFiles/final_embebidos_v2.elf.dir/Core/Src/bsp.c.obj
                0x20000a5c                hadc1
 .bss.hi2c1     0x20000aa4       0x54 CMakeFiles/final_embebidos_v2.elf.dir/Core/Src/bsp.c.obj
                0x20000aa4                hi2c1
 .bss.htim2     0x20000af8       0x40 CMakeFiles/final_embebidos_v2.elf.dir/Core/Src/bsp.c.obj
                0x20000af8                htim2
 .bss.htim9     0x20000b38       0x40 CMakeFiles/final_embebidos_v2.elf.dir/Core/Src/bsp.c.obj
                0x20000b38                htim9
 .bss.soilHumValue
                0x20000b78        0x1 CMakeFiles/final_embebidos_v2.elf.dir/Core/Src/bsp.c.obj
                0x20000b78                soilHumValue
 .bss.LCD_I2C_SLAVE_ADDRESS
                0x20000b79        0x1 CMakeFiles/final_embebidos_v2.elf.dir/Core/Src/bsp_lcd.c.obj
 *fill*         0x20000b7a        0x2 
 .bss.lcd16x2_i2cHandle
                0x20000b7c        0x4 CMakeFiles/final_embebidos_v2.elf.dir/Core/Src/bsp_lcd.c.obj
 .bss.Bh1750_Mode
                0x20000b80        0x1 CMakeFiles/final_embebidos_v2.elf.dir/Core/Src/bsp_lux_sensor.c.obj
                0x20000b80                Bh1750_Mode
 .bss.Bh1750_Mtreg
                0x20000b81        0x1 CMakeFiles/final_embebidos_v2.elf.dir/Core/Src/bsp_lux_sensor.c.obj
                0x20000b81                Bh1750_Mtreg
 *fill*         0x20000b82        0x2 
 .bss.bh1750_i2c
                0x20000b84        0x4 CMakeFiles/final_embebidos_v2.elf.dir/Core/Src/bsp_lux_sensor.c.obj
                0x20000b84                bh1750_i2c
 .bss.Presence  0x20000b88        0x1 CMakeFiles/final_embebidos_v2.elf.dir/Core/Src/bsp_temp_hum.c.obj
                0x20000b88                Presence
 .bss.Rh_byte1  0x20000b89        0x1 CMakeFiles/final_embebidos_v2.elf.dir/Core/Src/bsp_temp_hum.c.obj
                0x20000b89                Rh_byte1
 .bss.Rh_byte2  0x20000b8a        0x1 CMakeFiles/final_embebidos_v2.elf.dir/Core/Src/bsp_temp_hum.c.obj
                0x20000b8a                Rh_byte2
 *fill*         0x20000b8b        0x1 
 .bss.SUM       0x20000b8c        0x2 CMakeFiles/final_embebidos_v2.elf.dir/Core/Src/bsp_temp_hum.c.obj
                0x20000b8c                SUM
 .bss.Temp_byte1
                0x20000b8e        0x1 CMakeFiles/final_embebidos_v2.elf.dir/Core/Src/bsp_temp_hum.c.obj
                0x20000b8e                Temp_byte1
 .bss.Temp_byte2
                0x20000b8f        0x1 CMakeFiles/final_embebidos_v2.elf.dir/Core/Src/bsp_temp_hum.c.obj
                0x20000b8f                Temp_byte2
 .bss.AmbientHumQueueHandle
                0x20000b90        0x4 CMakeFiles/final_embebidos_v2.elf.dir/Core/Src/main.c.obj
                0x20000b90                AmbientHumQueueHandle
 .bss.AmbientLuxQueueHandle
                0x20000b94        0x4 CMakeFiles/final_embebidos_v2.elf.dir/Core/Src/main.c.obj
                0x20000b94                AmbientLuxQueueHandle
 .bss.AmbientTempHumHandle
                0x20000b98        0x4 CMakeFiles/final_embebidos_v2.elf.dir/Core/Src/main.c.obj
                0x20000b98                AmbientTempHumHandle
 .bss.AmbientTempQueueHandle
                0x20000b9c        0x4 CMakeFiles/final_embebidos_v2.elf.dir/Core/Src/main.c.obj
                0x20000b9c                AmbientTempQueueHandle
 .bss.DisplayHandle
                0x20000ba0        0x4 CMakeFiles/final_embebidos_v2.elf.dir/Core/Src/main.c.obj
                0x20000ba0                DisplayHandle
 .bss.LuxHandle
                0x20000ba4        0x4 CMakeFiles/final_embebidos_v2.elf.dir/Core/Src/main.c.obj
                0x20000ba4                LuxHandle
 .bss.SoilHumHandle
                0x20000ba8        0x4 CMakeFiles/final_embebidos_v2.elf.dir/Core/Src/main.c.obj
                0x20000ba8                SoilHumHandle
 .bss.htim1     0x20000bac       0x40 CMakeFiles/final_embebidos_v2.elf.dir/Core/Src/main.c.obj
                0x20000bac                htim1
 .bss.htim10    0x20000bec       0x40 CMakeFiles/final_embebidos_v2.elf.dir/Core/Src/stm32f4xx_hal_timebase_tim.c.obj
                0x20000bec                htim10
 .bss.__sbrk_heap_end
                0x20000c2c        0x4 CMakeFiles/final_embebidos_v2.elf.dir/Core/Src/sysmem.c.obj
 .bss.uwTick    0x20000c30        0x4 CMakeFiles/final_embebidos_v2.elf.dir/Drivers/STM32F4xx_HAL_Driver/Src/stm32f4xx_hal.c.obj
                0x20000c30                uwTick
 .bss.Idle_Stack
                0x20000c34      0x200 CMakeFiles/final_embebidos_v2.elf.dir/Middlewares/Third_Party/FreeRTOS/Source/CMSIS_RTOS_V2/cmsis_os2.c.obj
 .bss.Idle_TCB  0x20000e34       0x5c CMakeFiles/final_embebidos_v2.elf.dir/Middlewares/Third_Party/FreeRTOS/Source/CMSIS_RTOS_V2/cmsis_os2.c.obj
 .bss.KernelState
                0x20000e90        0x4 CMakeFiles/final_embebidos_v2.elf.dir/Middlewares/Third_Party/FreeRTOS/Source/CMSIS_RTOS_V2/cmsis_os2.c.obj
 .bss.Timer_Stack
                0x20000e94      0x400 CMakeFiles/final_embebidos_v2.elf.dir/Middlewares/Third_Party/FreeRTOS/Source/CMSIS_RTOS_V2/cmsis_os2.c.obj
 .bss.Timer_TCB
                0x20001294       0x5c CMakeFiles/final_embebidos_v2.elf.dir/Middlewares/Third_Party/FreeRTOS/Source/CMSIS_RTOS_V2/cmsis_os2.c.obj
 .bss.ucMaxSysCallPriority
                0x200012f0        0x1 CMakeFiles/final_embebidos_v2.elf.dir/Middlewares/Third_Party/FreeRTOS/Source/portable/GCC/ARM_CM4F/port.c.obj
 *fill*         0x200012f1        0x3 
 .bss.ulMaxPRIGROUPValue
                0x200012f4        0x4 CMakeFiles/final_embebidos_v2.elf.dir/Middlewares/Third_Party/FreeRTOS/Source/portable/GCC/ARM_CM4F/port.c.obj
 .bss.pxEnd     0x200012f8        0x4 CMakeFiles/final_embebidos_v2.elf.dir/Middlewares/Third_Party/FreeRTOS/Source/portable/MemMang/heap_4.c.obj
 .bss.ucHeap    0x200012fc     0x3c00 CMakeFiles/final_embebidos_v2.elf.dir/Middlewares/Third_Party/FreeRTOS/Source/portable/MemMang/heap_4.c.obj
 .bss.xBlockAllocatedBit
                0x20004efc        0x4 CMakeFiles/final_embebidos_v2.elf.dir/Middlewares/Third_Party/FreeRTOS/Source/portable/MemMang/heap_4.c.obj
 .bss.xFreeBytesRemaining
                0x20004f00        0x4 CMakeFiles/final_embebidos_v2.elf.dir/Middlewares/Third_Party/FreeRTOS/Source/portable/MemMang/heap_4.c.obj
 .bss.xMinimumEverFreeBytesRemaining
                0x20004f04        0x4 CMakeFiles/final_embebidos_v2.elf.dir/Middlewares/Third_Party/FreeRTOS/Source/portable/MemMang/heap_4.c.obj
 .bss.xStart    0x20004f08        0x8 CMakeFiles/final_embebidos_v2.elf.dir/Middlewares/Third_Party/FreeRTOS/Source/portable/MemMang/heap_4.c.obj
 .bss.xQueueRegistry
                0x20004f10       0x40 CMakeFiles/final_embebidos_v2.elf.dir/Middlewares/Third_Party/FreeRTOS/Source/queue.c.obj
                0x20004f10                xQueueRegistry
 .bss.pxCurrentTCB
                0x20004f50        0x4 CMakeFiles/final_embebidos_v2.elf.dir/Middlewares/Third_Party/FreeRTOS/Source/tasks.c.obj
                0x20004f50                pxCurrentTCB
 .bss.pxDelayedTaskList
                0x20004f54        0x4 CMakeFiles/final_embebidos_v2.elf.dir/Middlewares/Third_Party/FreeRTOS/Source/tasks.c.obj
 .bss.pxOverflowDelayedTaskList
                0x20004f58        0x4 CMakeFiles/final_embebidos_v2.elf.dir/Middlewares/Third_Party/FreeRTOS/Source/tasks.c.obj
 .bss.pxReadyTasksLists
                0x20004f5c      0x460 CMakeFiles/final_embebidos_v2.elf.dir/Middlewares/Third_Party/FreeRTOS/Source/tasks.c.obj
 .bss.uxCurrentNumberOfTasks
                0x200053bc        0x4 CMakeFiles/final_embebidos_v2.elf.dir/Middlewares/Third_Party/FreeRTOS/Source/tasks.c.obj
 .bss.uxDeletedTasksWaitingCleanUp
                0x200053c0        0x4 CMakeFiles/final_embebidos_v2.elf.dir/Middlewares/Third_Party/FreeRTOS/Source/tasks.c.obj
 .bss.uxPendedTicks
                0x200053c4        0x4 CMakeFiles/final_embebidos_v2.elf.dir/Middlewares/Third_Party/FreeRTOS/Source/tasks.c.obj
 .bss.uxSchedulerSuspended
                0x200053c8        0x4 CMakeFiles/final_embebidos_v2.elf.dir/Middlewares/Third_Party/FreeRTOS/Source/tasks.c.obj
 .bss.uxTaskNumber
                0x200053cc        0x4 CMakeFiles/final_embebidos_v2.elf.dir/Middlewares/Third_Party/FreeRTOS/Source/tasks.c.obj
 .bss.uxTopReadyPriority
                0x200053d0        0x4 CMakeFiles/final_embebidos_v2.elf.dir/Middlewares/Third_Party/FreeRTOS/Source/tasks.c.obj
 .bss.xDelayedTaskList1
                0x200053d4       0x14 CMakeFiles/final_embebidos_v2.elf.dir/Middlewares/Third_Party/FreeRTOS/Source/tasks.c.obj
 .bss.xDelayedTaskList2
                0x200053e8       0x14 CMakeFiles/final_embebidos_v2.elf.dir/Middlewares/Third_Party/FreeRTOS/Source/tasks.c.obj
 .bss.xNextTaskUnblockTime
                0x200053fc        0x4 CMakeFiles/final_embebidos_v2.elf.dir/Middlewares/Third_Party/FreeRTOS/Source/tasks.c.obj
 .bss.xNumOfOverflows
                0x20005400        0x4 CMakeFiles/final_embebidos_v2.elf.dir/Middlewares/Third_Party/FreeRTOS/Source/tasks.c.obj
 .bss.xPendingReadyList
                0x20005404       0x14 CMakeFiles/final_embebidos_v2.elf.dir/Middlewares/Third_Party/FreeRTOS/Source/tasks.c.obj
 .bss.xSchedulerRunning
                0x20005418        0x4 CMakeFiles/final_embebidos_v2.elf.dir/Middlewares/Third_Party/FreeRTOS/Source/tasks.c.obj
 .bss.xSuspendedTaskList
                0x2000541c       0x14 CMakeFiles/final_embebidos_v2.elf.dir/Middlewares/Third_Party/FreeRTOS/Source/tasks.c.obj
 .bss.xTasksWaitingTermination
                0x20005430       0x14 CMakeFiles/final_embebidos_v2.elf.dir/Middlewares/Third_Party/FreeRTOS/Source/tasks.c.obj
 .bss.xTickCount
                0x20005444        0x4 CMakeFiles/final_embebidos_v2.elf.dir/Middlewares/Third_Party/FreeRTOS/Source/tasks.c.obj
 .bss.xYieldPending
                0x20005448        0x4 CMakeFiles/final_embebidos_v2.elf.dir/Middlewares/Third_Party/FreeRTOS/Source/tasks.c.obj
 .bss.pxCurrentTimerList
                0x2000544c        0x4 CMakeFiles/final_embebidos_v2.elf.dir/Middlewares/Third_Party/FreeRTOS/Source/timers.c.obj
 .bss.pxOverflowTimerList
                0x20005450        0x4 CMakeFiles/final_embebidos_v2.elf.dir/Middlewares/Third_Party/FreeRTOS/Source/timers.c.obj
 .bss.ucStaticTimerQueueStorage.6930
                0x20005454       0xa0 CMakeFiles/final_embebidos_v2.elf.dir/Middlewares/Third_Party/FreeRTOS/Source/timers.c.obj
 .bss.xActiveTimerList1
                0x200054f4       0x14 CMakeFiles/final_embebidos_v2.elf.dir/Middlewares/Third_Party/FreeRTOS/Source/timers.c.obj
 .bss.xActiveTimerList2
                0x20005508       0x14 CMakeFiles/final_embebidos_v2.elf.dir/Middlewares/Third_Party/FreeRTOS/Source/timers.c.obj
 .bss.xLastTime.6879
                0x2000551c        0x4 CMakeFiles/final_embebidos_v2.elf.dir/Middlewares/Third_Party/FreeRTOS/Source/timers.c.obj
 .bss.xStaticTimerQueue.6929
                0x20005520       0x50 CMakeFiles/final_embebidos_v2.elf.dir/Middlewares/Third_Party/FreeRTOS/Source/timers.c.obj
 .bss.xTimerQueue
                0x20005570        0x4 CMakeFiles/final_embebidos_v2.elf.dir/Middlewares/Third_Party/FreeRTOS/Source/timers.c.obj
 .bss.xTimerTaskHandle
                0x20005574        0x4 CMakeFiles/final_embebidos_v2.elf.dir/Middlewares/Third_Party/FreeRTOS/Source/timers.c.obj
 .bss.__malloc_current_mallinfo
                0x20005578       0x28 c:/progra~1/jetbra~1/gcc-ar~1/bin/../lib/gcc/arm-none-eabi/8.3.1/../../../../arm-none-eabi/lib/thumb/v7e-m+fp/hard\libg.a(lib_a-mallocr.o)
                0x20005578                __malloc_current_mallinfo
 .bss.__malloc_max_sbrked_mem
                0x200055a0        0x4 c:/progra~1/jetbra~1/gcc-ar~1/bin/../lib/gcc/arm-none-eabi/8.3.1/../../../../arm-none-eabi/lib/thumb/v7e-m+fp/hard\libg.a(lib_a-mallocr.o)
                0x200055a0                __malloc_max_sbrked_mem
 .bss.__malloc_max_total_mem
                0x200055a4        0x4 c:/progra~1/jetbra~1/gcc-ar~1/bin/../lib/gcc/arm-none-eabi/8.3.1/../../../../arm-none-eabi/lib/thumb/v7e-m+fp/hard\libg.a(lib_a-mallocr.o)
                0x200055a4                __malloc_max_total_mem
 .bss.__malloc_top_pad
                0x200055a8        0x4 c:/progra~1/jetbra~1/gcc-ar~1/bin/../lib/gcc/arm-none-eabi/8.3.1/../../../../arm-none-eabi/lib/thumb/v7e-m+fp/hard\libg.a(lib_a-mallocr.o)
                0x200055a8                __malloc_top_pad
 *(COMMON)
 COMMON         0x200055ac       0x21 c:/progra~1/jetbra~1/gcc-ar~1/bin/../lib/gcc/arm-none-eabi/8.3.1/../../../../arm-none-eabi/lib/thumb/v7e-m+fp/hard\libg.a(lib_a-lock.o)
                0x200055ac                __lock___atexit_recursive_mutex
                0x200055b0                __lock___arc4random_mutex
                0x200055b4                __lock___env_recursive_mutex
                0x200055b8                __lock___sinit_recursive_mutex
                0x200055bc                __lock___malloc_recursive_mutex
                0x200055c0                __lock___at_quick_exit_mutex
                0x200055c4                __lock___dd_hash_mutex
                0x200055c8                __lock___tz_mutex
                0x200055cc                __lock___sfp_recursive_mutex
 *fill*         0x200055cd        0x3 
 COMMON         0x200055d0        0x4 c:/progra~1/jetbra~1/gcc-ar~1/bin/../lib/gcc/arm-none-eabi/8.3.1/../../../../arm-none-eabi/lib/thumb/v7e-m+fp/hard\libg.a(lib_a-reent.o)
                0x200055d0                errno
                0x200055d4                . = ALIGN (0x4)
                0x200055d4                _ebss = .
                0x200055d4                __bss_end__ = _ebss

._user_heap_stack
                0x200055d4      0x604 load address 0x0800ac44
                0x200055d8                . = ALIGN (0x8)
 *fill*         0x200055d4        0x4 
                [!provide]                PROVIDE (end = .)
                0x200055d8                PROVIDE (_end = .)
                0x200057d8                . = (. + _Min_Heap_Size)
 *fill*         0x200055d8      0x200 
                0x20005bd8                . = (. + _Min_Stack_Size)
 *fill*         0x200057d8      0x400 
                0x20005bd8                . = ALIGN (0x8)

/DISCARD/
 libc.a(*)
 libm.a(*)
 libgcc.a(*)

.ARM.attributes
                0x00000000       0x30
 *(.ARM.attributes)
 .ARM.attributes
                0x00000000       0x1e c:/progra~1/jetbra~1/gcc-ar~1/bin/../lib/gcc/arm-none-eabi/8.3.1/thumb/v7e-m+fp/hard/crti.o
 .ARM.attributes
                0x0000001e       0x34 c:/progra~1/jetbra~1/gcc-ar~1/bin/../lib/gcc/arm-none-eabi/8.3.1/thumb/v7e-m+fp/hard/crtbegin.o
 .ARM.attributes
                0x00000052       0x34 CMakeFiles/final_embebidos_v2.elf.dir/Core/Src/bsp.c.obj
 .ARM.attributes
                0x00000086       0x34 CMakeFiles/final_embebidos_v2.elf.dir/Core/Src/bsp_lcd.c.obj
 .ARM.attributes
                0x000000ba       0x34 CMakeFiles/final_embebidos_v2.elf.dir/Core/Src/bsp_lux_sensor.c.obj
 .ARM.attributes
                0x000000ee       0x34 CMakeFiles/final_embebidos_v2.elf.dir/Core/Src/bsp_soil_humidity_sensor.c.obj
 .ARM.attributes
                0x00000122       0x34 CMakeFiles/final_embebidos_v2.elf.dir/Core/Src/bsp_temp_hum.c.obj
 .ARM.attributes
                0x00000156       0x34 CMakeFiles/final_embebidos_v2.elf.dir/Core/Src/main.c.obj
 .ARM.attributes
                0x0000018a       0x34 CMakeFiles/final_embebidos_v2.elf.dir/Core/Src/stm32f4xx_hal_msp.c.obj
 .ARM.attributes
                0x000001be       0x34 CMakeFiles/final_embebidos_v2.elf.dir/Core/Src/stm32f4xx_hal_timebase_tim.c.obj
 .ARM.attributes
                0x000001f2       0x34 CMakeFiles/final_embebidos_v2.elf.dir/Core/Src/stm32f4xx_it.c.obj
 .ARM.attributes
                0x00000226       0x34 CMakeFiles/final_embebidos_v2.elf.dir/Core/Src/sysmem.c.obj
 .ARM.attributes
                0x0000025a       0x34 CMakeFiles/final_embebidos_v2.elf.dir/Core/Src/system_stm32f4xx.c.obj
 .ARM.attributes
                0x0000028e       0x21 CMakeFiles/final_embebidos_v2.elf.dir/Core/Startup/startup_stm32f411vetx.s.obj
 .ARM.attributes
                0x000002af       0x34 CMakeFiles/final_embebidos_v2.elf.dir/Drivers/STM32F4xx_HAL_Driver/Src/stm32f4xx_hal.c.obj
 .ARM.attributes
                0x000002e3       0x34 CMakeFiles/final_embebidos_v2.elf.dir/Drivers/STM32F4xx_HAL_Driver/Src/stm32f4xx_hal_adc.c.obj
 .ARM.attributes
                0x00000317       0x34 CMakeFiles/final_embebidos_v2.elf.dir/Drivers/STM32F4xx_HAL_Driver/Src/stm32f4xx_hal_adc_ex.c.obj